<?xml version="1.0" encoding="utf-8"?>
<TestRun id="041b7727-6a65-4f60-923c-c172a0271282" name="GreyHat@LAPTOP-F7PUVUPO 2026-10-04 15:25:43" runUser="LAPTOP-F7PUVUPO\GreyHat" xmlns="http://microsoft.com/schemas/VisualStudio/TeamTest/2010">
  <Times creation="2026-10-04T15:25:43.7442717+08:00" queuing="2026-10-04T15:25:43.7442720+08:00" start="2026-10-04T15:25:42.7941343+08:00" finish="2026-10-04T15:25:43.7505969+08:00" />
  <TestSettings name="default" id="b5de4778-0d1c-482e-947b-946595447e88">
    <Deployment runDeploymentRoot="GreyHat_LAPTOP-F7PUVUPO_2026-10-04_15_25_43" />
  </TestSettings>
  <Results>
    <UnitTestResult executionId="28e3608e-6a1c-4d1f-a350-ec38050ce019" testId="193bdc6d-fde4-866c-9de2-48660c02e6c0" testName="GraphRepositoriesPersistUidAndStructuredOwnedAddress" computerName="LAPTOP-F7PUVUPO" duration="00:00:00.0799369" startTime="2026-10-04T15:25:43.3843285+08:00" endTime="2026-10-04T15:25:43.4798495+08:00" testType="13cdc9d9-ddb5-4fa4-a97d-d965ccfc6d4b" outcome="Passed" testListId="8c84fa94-04c1-424b-9868-57a2d4851a1d" relativeResultsDirectory="28e3608e-6a1c-4d1f-a350-ec38050ce019" />
    <UnitTestResult executionId="52a6e0e7-3651-4341-b638-ec1ded982500" testId="1547856c-5c1e-823a-931a-6ec1a80391ba" testName="NewStoryLifecycleUsesImmutableUidAndCompensatesFailedDeletion" computerName="LAPTOP-F7PUVUPO" duration="00:00:00.2163163" startTime="2026-10-04T15:25:43.3842885+08:00" endTime="2026-10-04T15:25:43.6179727+08:00" testType="13cdc9d9-ddb5-4fa4-a97d-d965ccfc6d4b" outcome="Passed" testListId="8c84fa94-04c1-424b-9868-57a2d4851a1d" relativeResultsDirectory="52a6e0e7-3651-4341-b638-ec1ded982500" />
    <UnitTestResult executionId="c2e0ffca-1df2-41e1-a325-71c0d7ef9383" testId="1fb7283e-191c-877a-9965-3bac0178db2a" testName="MembershipEnforcesOwnerAndKindButKeepsExternalOwner" computerName="LAPTOP-F7PUVUPO" duration="00:00:00.0317165" startTime="2026-10-04T15:25:43.3843698+08:00" endTime="2026-10-04T15:25:43.4340354+08:00" testType="13cdc9d9-ddb5-4fa4-a97d-d965ccfc6d4b" outcome="Passed" testListId="8c84fa94-04c1-424b-9868-57a2d4851a1d" relativeResultsDirectory="c2e0ffca-1df2-41e1-a325-71c0d7ef9383" />
    <UnitTestResult executionId="6eff5603-93ca-455c-94d5-849a5ee036d0" testId="1e3a9bb3-9237-8d90-9d31-8d8b0cfff7fe" testName="CurrentGraphRejectsOldVersionMarkerStringAddressAndWrongKind" computerName="LAPTOP-F7PUVUPO" duration="00:00:00.0463232" startTime="2026-10-04T15:25:43.3843626+08:00" endTime="2026-10-04T15:25:43.4462471+08:00" testType="13cdc9d9-ddb5-4fa4-a97d-d965ccfc6d4b" outcome="Passed" testListId="8c84fa94-04c1-424b-9868-57a2d4851a1d" relativeResultsDirectory="6eff5603-93ca-455c-94d5-849a5ee036d0" />
  </Results>
  <TestDefinitions>
    <UnitTest name="CurrentGraphRejectsOldVersionMarkerStringAddressAndWrongKind" storage="e:\java\minecraftmod\darkgreyrpg\studio\src\darkgreyrpg.studio.tests\bin\debug\net10.0\darkgreyrpg.studio.tests.dll" id="1e3a9bb3-9237-8d90-9d31-8d8b0cfff7fe">
      <Execution id="6eff5603-93ca-455c-94d5-849a5ee036d0" />
      <TestMethod codeBase="E:\Java\MinecraftMod\DarkGreyRPG\studio\src\DarkGreyRPG.Studio.Tests\bin\Debug\net10.0\DarkGreyRPG.Studio.Tests.dll" adapterTypeName="executor://mstestadapter/v4" className="DarkGreyRPG.Studio.Tests.CurrentGraphIdentity0336Tests" name="CurrentGraphRejectsOldVersionMarkerStringAddressAndWrongKind" />
    </UnitTest>
    <UnitTest name="MembershipEnforcesOwnerAndKindButKeepsExternalOwner" storage="e:\java\minecraftmod\darkgreyrpg\studio\src\darkgreyrpg.studio.tests\bin\debug\net10.0\darkgreyrpg.studio.tests.dll" id="1fb7283e-191c-877a-9965-3bac0178db2a">
      <Execution id="c2e0ffca-1df2-41e1-a325-71c0d7ef9383" />
      <TestMethod codeBase="E:\Java\MinecraftMod\DarkGreyRPG\studio\src\DarkGreyRPG.Studio.Tests\bin\Debug\net10.0\DarkGreyRPG.Studio.Tests.dll" adapterTypeName="executor://mstestadapter/v4" className="DarkGreyRPG.Studio.Tests.CurrentGraphIdentity0336Tests" name="MembershipEnforcesOwnerAndKindButKeepsExternalOwner" />
    </UnitTest>
    <UnitTest name="NewStoryLifecycleUsesImmutableUidAndCompensatesFailedDeletion" storage="e:\java\minecraftmod\darkgreyrpg\studio\src\darkgreyrpg.studio.tests\bin\debug\net10.0\darkgreyrpg.studio.tests.dll" id="1547856c-5c1e-823a-931a-6ec1a80391ba">
      <Execution id="52a6e0e7-3651-4341-b638-ec1ded982500" />
      <TestMethod codeBase="E:\Java\MinecraftMod\DarkGreyRPG\studio\src\DarkGreyRPG.Studio.Tests\bin\Debug\net10.0\DarkGreyRPG.Studio.Tests.dll" adapterTypeName="executor://mstestadapter/v4" className="DarkGreyRPG.Studio.Tests.CurrentGraphIdentity0336Tests" name="NewStoryLifecycleUsesImmutableUidAndCompensatesFailedDeletion" />
    </UnitTest>
    <UnitTest name="GraphRepositoriesPersistUidAndStructuredOwnedAddress" storage="e:\java\minecraftmod\darkgreyrpg\studio\src\darkgreyrpg.studio.tests\bin\debug\net10.0\darkgreyrpg.studio.tests.dll" id="193bdc6d-fde4-866c-9de2-48660c02e6c0">
      <Execution id="28e3608e-6a1c-4d1f-a350-ec38050ce019" />
      <TestMethod codeBase="E:\Java\MinecraftMod\DarkGreyRPG\studio\src\DarkGreyRPG.Studio.Tests\bin\Debug\net10.0\DarkGreyRPG.Studio.Tests.dll" adapterTypeName="executor://mstestadapter/v4" className="DarkGreyRPG.Studio.Tests.CurrentGraphIdentity0336Tests" name="GraphRepositoriesPersistUidAndStructuredOwnedAddress" />
    </UnitTest>
  </TestDefinitions>
  <TestEntries>
    <TestEntry testId="193bdc6d-fde4-866c-9de2-48660c02e6c0" executionId="28e3608e-6a1c-4d1f-a350-ec38050ce019" testListId="8c84fa94-04c1-424b-9868-57a2d4851a1d" />
    <TestEntry testId="1547856c-5c1e-823a-931a-6ec1a80391ba" executionId="52a6e0e7-3651-4341-b638-ec1ded982500" testListId="8c84fa94-04c1-424b-9868-57a2d4851a1d" />
    <TestEntry testId="1fb7283e-191c-877a-9965-3bac0178db2a" executionId="c2e0ffca-1df2-41e1-a325-71c0d7ef9383" testListId="8c84fa94-04c1-424b-9868-57a2d4851a1d" />
    <TestEntry testId="1e3a9bb3-9237-8d90-9d31-8d8b0cfff7fe" executionId="6eff5603-93ca-455c-94d5-849a5ee036d0" testListId="8c84fa94-04c1-424b-9868-57a2d4851a1d" />
  </TestEntries>
  <TestLists>
    <TestList name="列表中未列出的结果" id="8c84fa94-04c1-424b-9868-57a2d4851a1d" />
    <TestList name="所有已加载的结果" id="19431567-8539-422a-85d7-44ee4e166bda" />
  </TestLists>
  <ResultSummary outcome="Completed">
    <Counters total="4" executed="4" passed="4" failed="0" error="0" timeout="0" aborted="0" inconclusive="0" passedButRunAborted="0" notRunnable="0" notExecuted="0" disconnected="0" warning="0" completed="0" inProgress="0" pending="0" />
    <Output>
      <StdOut>已为 E:\Java\MinecraftMod\DarkGreyRPG\studio\src\DarkGreyRPG.Studio.Tests\bin\Debug\net10.0\DarkGreyRPG.Studio.Tests.dll 启用测试并行化(Workers: 12，Scope: MethodLevel)&#xD;
</StdOut>
    </Output>
  </ResultSummary>
</TestRun>