<?xml version="1.0" encoding="utf-8"?>
<TestRun id="1bf433a5-787f-4881-8211-bdea18f55cfd" name="GreyHat@LAPTOP-F7PUVUPO 2026-10-05 00:16:13" runUser="LAPTOP-F7PUVUPO\GreyHat" xmlns="http://microsoft.com/schemas/VisualStudio/TeamTest/2010">
  <Times creation="2026-10-05T00:16:13.5153048+08:00" queuing="2026-10-05T00:16:13.5153052+08:00" start="2026-10-05T00:16:12.7562229+08:00" finish="2026-10-05T00:16:15.0090107+08:00" />
  <TestSettings name="default" id="a49a38f8-1e4e-44e5-aab3-7ff66d3eca63">
    <Deployment runDeploymentRoot="GreyHat_LAPTOP-F7PUVUPO_2026-10-05_00_16_13" />
  </TestSettings>
  <Results>
    <UnitTestResult executionId="62383658-870e-46e1-b3f4-abadad74ff01" testId="11ebb4f0-5707-8f80-851d-7fc697f9e3aa" testName="CancelCopyLeavesBothStoriesAndResourcesUnchanged (Session)" computerName="LAPTOP-F7PUVUPO" duration="00:00:01.0691822" startTime="2026-10-05T00:16:13.3697814+08:00" endTime="2026-10-05T00:16:14.4738711+08:00" testType="13cdc9d9-ddb5-4fa4-a97d-d965ccfc6d4b" outcome="Passed" testListId="8c84fa94-04c1-424b-9868-57a2d4851a1d" relativeResultsDirectory="62383658-870e-46e1-b3f4-abadad74ff01" />
    <UnitTestResult executionId="b2255925-209f-4a10-a399-652501ba4070" testId="16ef3c18-d547-8e60-9860-220dcffa4374" testName="SequenceAddExposesAndPersistsNextNumericOutput" computerName="LAPTOP-F7PUVUPO" duration="00:00:00.0134474" startTime="2026-10-05T00:16:13.5092163+08:00" endTime="2026-10-05T00:16:13.5227097+08:00" testType="13cdc9d9-ddb5-4fa4-a97d-d965ccfc6d4b" outcome="Passed" testListId="8c84fa94-04c1-424b-9868-57a2d4851a1d" relativeResultsDirectory="b2255925-209f-4a10-a399-652501ba4070" />
    <UnitTestResult executionId="dc19c457-9bc3-4448-ab3d-af26ff12c519" testId="1beef752-1803-8336-95e7-9dcca238ea9f" testName="TypedReferenceFiltersMembershipAndRemovalPreservesSource (Session)" computerName="LAPTOP-F7PUVUPO" duration="00:00:01.2081032" startTime="2026-10-05T00:16:13.3698055+08:00" endTime="2026-10-05T00:16:14.6127842+08:00" testType="13cdc9d9-ddb5-4fa4-a97d-d965ccfc6d4b" outcome="Passed" testListId="8c84fa94-04c1-424b-9868-57a2d4851a1d" relativeResultsDirectory="dc19c457-9bc3-4448-ab3d-af26ff12c519" />
    <UnitTestResult executionId="fb8c9496-62f4-4094-9948-b3806f49f962" testId="1b9fd568-6abc-88ed-8e38-770a780d6ebb" testName="ReferenceProblemsExposeNodeCoordinatesAndRequestFocusSelectsNode" computerName="LAPTOP-F7PUVUPO" duration="00:00:00.0011071" startTime="2026-10-05T00:16:13.5284234+08:00" endTime="2026-10-05T00:16:13.5295749+08:00" testType="13cdc9d9-ddb5-4fa4-a97d-d965ccfc6d4b" outcome="Passed" testListId="8c84fa94-04c1-424b-9868-57a2d4851a1d" relativeResultsDirectory="fb8c9496-62f4-4094-9948-b3806f49f962" />
    <UnitTestResult executionId="613f7d6f-8da7-46ee-8ddd-d18ff14e16e1" testId="193199c6-ef36-86d8-bcc4-1548d0e3ff97" testName="SequenceStepsSortLegacyOutputsAndProtectConnectedLastStep" computerName="LAPTOP-F7PUVUPO" duration="00:00:00.0231209" startTime="2026-10-05T00:16:13.5080477+08:00" endTime="2026-10-05T00:16:13.5321273+08:00" testType="13cdc9d9-ddb5-4fa4-a97d-d965ccfc6d4b" outcome="Passed" testListId="8c84fa94-04c1-424b-9868-57a2d4851a1d" relativeResultsDirectory="613f7d6f-8da7-46ee-8ddd-d18ff14e16e1" />
    <UnitTestResult executionId="67e9b23e-7146-44b0-9bd8-b88d84d10f98" testId="1159a2da-306b-86e8-9cb3-95cc7b961425" testName="RegistryDrivesNodeLabelsPersistedTypesAndPortContracts" computerName="LAPTOP-F7PUVUPO" duration="00:00:00.0119948" startTime="2026-10-05T00:16:13.4925478+08:00" endTime="2026-10-05T00:16:13.5046045+08:00" testType="13cdc9d9-ddb5-4fa4-a97d-d965ccfc6d4b" outcome="Passed" testListId="8c84fa94-04c1-424b-9868-57a2d4851a1d" relativeResultsDirectory="67e9b23e-7146-44b0-9bd8-b88d84d10f98" />
    <UnitTestResult executionId="c615afbe-e772-40b1-bf3f-786d8b7d65da" testId="1c7c8944-1c39-8aee-adf6-922476fb7a31" testName="CopyIntoNonemptyStoryIsIndependentAndUndoRedoRestoresMembership (Session)" computerName="LAPTOP-F7PUVUPO" duration="00:00:01.4592375" startTime="2026-10-05T00:16:13.3698004+08:00" endTime="2026-10-05T00:16:14.8639574+08:00" testType="13cdc9d9-ddb5-4fa4-a97d-d965ccfc6d4b" outcome="Passed" testListId="8c84fa94-04c1-424b-9868-57a2d4851a1d" relativeResultsDirectory="c615afbe-e772-40b1-bf3f-786d8b7d65da" />
    <UnitTestResult executionId="c988b7e9-1296-4c93-a2fd-5dff7317cb3c" testId="1459bb89-2ff2-8e38-9a6b-c49215293060" testName="RenamingNodeUpdatesConnectionsAndConnectionDeleteCanBeUndone" computerName="LAPTOP-F7PUVUPO" duration="00:00:00.0019747" startTime="2026-10-05T00:16:13.4826833+08:00" endTime="2026-10-05T00:16:13.4851112+08:00" testType="13cdc9d9-ddb5-4fa4-a97d-d965ccfc6d4b" outcome="Passed" testListId="8c84fa94-04c1-424b-9868-57a2d4851a1d" relativeResultsDirectory="c988b7e9-1296-4c93-a2fd-5dff7317cb3c" />
    <UnitTestResult executionId="ad12be3a-b853-4327-a70d-103ce64be2af" testId="19720d8f-0626-8b90-aa06-86fbbcb33af9" testName="ProjectResourceOutsideStoryMembershipIsWarningWhileMissingResourceIsError" computerName="LAPTOP-F7PUVUPO" duration="00:00:00.0020921" startTime="2026-10-05T00:16:13.4939950+08:00" endTime="2026-10-05T00:16:13.4961284+08:00" testType="13cdc9d9-ddb5-4fa4-a97d-d965ccfc6d4b" outcome="Passed" testListId="8c84fa94-04c1-424b-9868-57a2d4851a1d" relativeResultsDirectory="ad12be3a-b853-4327-a70d-103ce64be2af" />
    <UnitTestResult executionId="68e6ac1b-032f-4390-8904-b52677707f9d" testId="14a77d12-b90d-8adb-a75c-80514df9612c" testName="DisconnectAndDuplicateSelectionRemainUndoableDocumentEdits" computerName="LAPTOP-F7PUVUPO" duration="00:00:00.0015499" startTime="2026-10-05T00:16:13.4926499+08:00" endTime="2026-10-05T00:16:13.4942366+08:00" testType="13cdc9d9-ddb5-4fa4-a97d-d965ccfc6d4b" outcome="Passed" testListId="8c84fa94-04c1-424b-9868-57a2d4851a1d" relativeResultsDirectory="68e6ac1b-032f-4390-8904-b52677707f9d" />
    <UnitTestResult executionId="c178059f-2b83-469e-a660-928df79d19f3" testId="17678e3a-5590-8cc9-81e3-450697988eb8" testName="ConnectionValidationRejectsInvalidEndpointsWithoutMutatingDocument" computerName="LAPTOP-F7PUVUPO" duration="00:00:00.0010696" startTime="2026-10-05T00:16:13.4850759+08:00" endTime="2026-10-05T00:16:13.4861947+08:00" testType="13cdc9d9-ddb5-4fa4-a97d-d965ccfc6d4b" outcome="Passed" testListId="8c84fa94-04c1-424b-9868-57a2d4851a1d" relativeResultsDirectory="c178059f-2b83-469e-a660-928df79d19f3" />
    <UnitTestResult executionId="c3b9cc26-c48e-46b0-9cba-bb93df72f8d1" testId="1afd70f0-39e1-8cb3-8bf9-bb2b916b50d5" testName="DialogueExitRenamePlanMigratesConnectionAndUndoRedoAsOneEdit" computerName="LAPTOP-F7PUVUPO" duration="00:00:00.0129821" startTime="2026-10-05T00:16:13.4961734+08:00" endTime="2026-10-05T00:16:13.5091995+08:00" testType="13cdc9d9-ddb5-4fa4-a97d-d965ccfc6d4b" outcome="Passed" testListId="8c84fa94-04c1-424b-9868-57a2d4851a1d" relativeResultsDirectory="c3b9cc26-c48e-46b0-9cba-bb93df72f8d1" />
    <UnitTestResult executionId="286fb2db-afa2-48a9-9b5c-2b851d1c1d0a" testId="1c0268ab-c931-81c0-a29b-997d5814e9c6" testName="ReconnectSourceReplacesOccupiedOutputDeterministicallyAndUndoRestoresBoth" computerName="LAPTOP-F7PUVUPO" duration="00:00:00.0022887" startTime="2026-10-05T00:16:13.4862416+08:00" endTime="2026-10-05T00:16:13.4885765+08:00" testType="13cdc9d9-ddb5-4fa4-a97d-d965ccfc6d4b" outcome="Passed" testListId="8c84fa94-04c1-424b-9868-57a2d4851a1d" relativeResultsDirectory="286fb2db-afa2-48a9-9b5c-2b851d1c1d0a" />
    <UnitTestResult executionId="373e4cdf-d574-46b7-b5da-da946b772230" testId="1d773594-2863-834e-9341-09c95d91b484" testName="CopyIntoNonemptyStoryIsIndependentAndUndoRedoRestoresMembership (Task)" computerName="LAPTOP-F7PUVUPO" duration="00:00:01.4598682" startTime="2026-10-05T00:16:13.3697967+08:00" endTime="2026-10-05T00:16:14.8656056+08:00" testType="13cdc9d9-ddb5-4fa4-a97d-d965ccfc6d4b" outcome="Passed" testListId="8c84fa94-04c1-424b-9868-57a2d4851a1d" relativeResultsDirectory="373e4cdf-d574-46b7-b5da-da946b772230" />
    <UnitTestResult executionId="4b1dc72f-2cbe-4898-9315-f67907ca184b" testId="17e0026c-6b27-8b1d-8d22-dbf594fa84a7" testName="CancelCopyLeavesBothStoriesAndResourcesUnchanged (Task)" computerName="LAPTOP-F7PUVUPO" duration="00:00:01.0673744" startTime="2026-10-05T00:16:13.3698104+08:00" endTime="2026-10-05T00:16:14.4720707+08:00" testType="13cdc9d9-ddb5-4fa4-a97d-d965ccfc6d4b" outcome="Passed" testListId="8c84fa94-04c1-424b-9868-57a2d4851a1d" relativeResultsDirectory="4b1dc72f-2cbe-4898-9315-f67907ca184b" />
    <UnitTestResult executionId="e7870b4a-3056-4447-aed2-f0c15bc1d24b" testId="1320879e-7a69-8736-9aa1-5b59e12717fe" testName="ParameterHeaderExposesCountSummaryAndCoreDiscoverability" computerName="LAPTOP-F7PUVUPO" duration="00:00:00.0026704" startTime="2026-10-05T00:16:13.4942608+08:00" endTime="2026-10-05T00:16:13.4969657+08:00" testType="13cdc9d9-ddb5-4fa4-a97d-d965ccfc6d4b" outcome="Passed" testListId="8c84fa94-04c1-424b-9868-57a2d4851a1d" relativeResultsDirectory="e7870b4a-3056-4447-aed2-f0c15bc1d24b" />
    <UnitTestResult executionId="82409724-d9af-48be-a122-5ae615838044" testId="12aa5cce-07a1-8dd3-b0b6-1d2a906a80c7" testName="TypedReferenceFiltersMembershipAndRemovalPreservesSource (Task)" computerName="LAPTOP-F7PUVUPO" duration="00:00:01.2073950" startTime="2026-10-05T00:16:13.3697771+08:00" endTime="2026-10-05T00:16:14.6121022+08:00" testType="13cdc9d9-ddb5-4fa4-a97d-d965ccfc6d4b" outcome="Passed" testListId="8c84fa94-04c1-424b-9868-57a2d4851a1d" relativeResultsDirectory="82409724-d9af-48be-a122-5ae615838044" />
    <UnitTestResult executionId="ba6cae01-3fcc-4870-9cb5-47e8c1e70b0c" testId="1653e3d5-8c32-840f-b374-d9e8a5f9a5a9" testName="PropertyEditorsClassifyKnownAndUnknownPropertiesAndExcludeSpecializedRows" computerName="LAPTOP-F7PUVUPO" duration="00:00:00.0022968" startTime="2026-10-05T00:16:13.5227507+08:00" endTime="2026-10-05T00:16:13.5250950+08:00" testType="13cdc9d9-ddb5-4fa4-a97d-d965ccfc6d4b" outcome="Passed" testListId="8c84fa94-04c1-424b-9868-57a2d4851a1d" relativeResultsDirectory="ba6cae01-3fcc-4870-9cb5-47e8c1e70b0c" />
    <UnitTestResult executionId="ebf9f778-7fb3-4e6d-a9e5-e8c4c6cd4aa7" testId="1936c695-7041-803a-a73b-0659800995d4" testName="PreservesLegacyRuntimeNodeTypesWithoutRewritingThemAsEndNodes" computerName="LAPTOP-F7PUVUPO" duration="00:00:00.0699353" startTime="2026-10-05T00:16:13.3937032+08:00" endTime="2026-10-05T00:16:13.4776980+08:00" testType="13cdc9d9-ddb5-4fa4-a97d-d965ccfc6d4b" outcome="Passed" testListId="8c84fa94-04c1-424b-9868-57a2d4851a1d" relativeResultsDirectory="ebf9f778-7fb3-4e6d-a9e5-e8c4c6cd4aa7" />
    <UnitTestResult executionId="fa028c8e-42d5-472f-961d-65b87e4d7b79" testId="12c83432-746f-8283-9edc-f954f034c521" testName="UndoRedoPreservesExistingNodeEditorIdentity" computerName="LAPTOP-F7PUVUPO" duration="00:00:00.0010774" startTime="2026-10-05T00:16:13.5266013+08:00" endTime="2026-10-05T00:16:13.5277151+08:00" testType="13cdc9d9-ddb5-4fa4-a97d-d965ccfc6d4b" outcome="Passed" testListId="8c84fa94-04c1-424b-9868-57a2d4851a1d" relativeResultsDirectory="fa028c8e-42d5-472f-961d-65b87e4d7b79" />
    <UnitTestResult executionId="47f7edbf-cf70-42aa-81a1-4c58f7c2fbb0" testId="193543fc-c033-8e46-8a51-6a896d75aec7" testName="DetachedBranchModelSerializesAndRestoresCompleteFlow" computerName="LAPTOP-F7PUVUPO" duration="00:00:00.0803690" startTime="2026-10-05T00:16:13.3937112+08:00" endTime="2026-10-05T00:16:13.4850400+08:00" testType="13cdc9d9-ddb5-4fa4-a97d-d965ccfc6d4b" outcome="Passed" testListId="8c84fa94-04c1-424b-9868-57a2d4851a1d" relativeResultsDirectory="47f7edbf-cf70-42aa-81a1-4c58f7c2fbb0" />
    <UnitTestResult executionId="5c5aa30d-3464-4bf1-bae2-2d0455a8c1ba" testId="1fcf35d6-32d2-8b68-894a-48faf89df322" testName="SupportsCopyPasteDeleteAndUndoRedo" computerName="LAPTOP-F7PUVUPO" duration="00:00:00.0699614" startTime="2026-10-05T00:16:13.3697921+08:00" endTime="2026-10-05T00:16:13.4776980+08:00" testType="13cdc9d9-ddb5-4fa4-a97d-d965ccfc6d4b" outcome="Passed" testListId="8c84fa94-04c1-424b-9868-57a2d4851a1d" relativeResultsDirectory="5c5aa30d-3464-4bf1-bae2-2d0455a8c1ba" />
    <UnitTestResult executionId="c4734c18-afbd-4a5f-87ac-93aa26810e89" testId="1988fe2b-a546-86e1-865a-178771c19111" testName="InvalidOrCancelledDialogueExitChangeDoesNotMutate" computerName="LAPTOP-F7PUVUPO" duration="00:00:00.0109369" startTime="2026-10-05T00:16:13.4969946+08:00" endTime="2026-10-05T00:16:13.5079912+08:00" testType="13cdc9d9-ddb5-4fa4-a97d-d965ccfc6d4b" outcome="Passed" testListId="8c84fa94-04c1-424b-9868-57a2d4851a1d" relativeResultsDirectory="c4734c18-afbd-4a5f-87ac-93aa26810e89" />
    <UnitTestResult executionId="15905e4b-49e9-4898-9f33-4ef27dfcb09b" testId="19b5caaa-13e9-843b-8ee8-5430cb8bd2b2" testName="ReferencedResourceMetadataEditsKeepIdentityAndReachOwner (Session)" computerName="LAPTOP-F7PUVUPO" duration="00:00:01.2452606" startTime="2026-10-05T00:16:13.3697869+08:00" endTime="2026-10-05T00:16:14.6499741+08:00" testType="13cdc9d9-ddb5-4fa4-a97d-d965ccfc6d4b" outcome="Passed" testListId="8c84fa94-04c1-424b-9868-57a2d4851a1d" relativeResultsDirectory="15905e4b-49e9-4898-9f33-4ef27dfcb09b" />
    <UnitTestResult executionId="fa4f7d21-6289-4910-bc8e-7fd091be22f4" testId="19cc9e2a-d0b2-8712-9a6f-b09e9eb35662" testName="AddNodeAtUsesGraphCoordinatesAndConnectReplacesExistingOutput" computerName="LAPTOP-F7PUVUPO" duration="00:00:00.0016358" startTime="2026-10-05T00:16:13.4826966+08:00" endTime="2026-10-05T00:16:13.4848022+08:00" testType="13cdc9d9-ddb5-4fa4-a97d-d965ccfc6d4b" outcome="Passed" testListId="8c84fa94-04c1-424b-9868-57a2d4851a1d" relativeResultsDirectory="fa4f7d21-6289-4910-bc8e-7fd091be22f4" />
    <UnitTestResult executionId="8537747e-5eda-4da2-ac02-b950ee43501c" testId="1ff5af4e-3f12-8689-a340-473e77aa947d" testName="ConnectionQueriesReturnAllIncomingConnectionsAndConcreteOutputConnection" computerName="LAPTOP-F7PUVUPO" duration="00:00:00.0032359" startTime="2026-10-05T00:16:13.4848724+08:00" endTime="2026-10-05T00:16:13.4881520+08:00" testType="13cdc9d9-ddb5-4fa4-a97d-d965ccfc6d4b" outcome="Passed" testListId="8c84fa94-04c1-424b-9868-57a2d4851a1d" relativeResultsDirectory="8537747e-5eda-4da2-ac02-b950ee43501c" />
    <UnitTestResult executionId="6804dfc2-f1f0-4ec0-924a-a4898c47f4f9" testId="17b1abf1-1161-8875-9795-2740addcc439" testName="SequenceUnconnectedSecondStepCanBeRemovedAndUndone" computerName="LAPTOP-F7PUVUPO" duration="00:00:00.0217923" startTime="2026-10-05T00:16:13.5092215+08:00" endTime="2026-10-05T00:16:13.5310583+08:00" testType="13cdc9d9-ddb5-4fa4-a97d-d965ccfc6d4b" outcome="Passed" testListId="8c84fa94-04c1-424b-9868-57a2d4851a1d" relativeResultsDirectory="6804dfc2-f1f0-4ec0-924a-a4898c47f4f9" />
    <UnitTestResult executionId="c0b4d0e0-a31a-4994-aa8f-537e9d696560" testId="12f304a1-4a6f-869d-b85c-3762c7b23381" testName="PropertyEditorValueUsesOneUndoRedoEditAndPersistsAfterRebuild" computerName="LAPTOP-F7PUVUPO" duration="00:00:00.0014090" startTime="2026-10-05T00:16:13.5251307+08:00" endTime="2026-10-05T00:16:13.5265763+08:00" testType="13cdc9d9-ddb5-4fa4-a97d-d965ccfc6d4b" outcome="Passed" testListId="8c84fa94-04c1-424b-9868-57a2d4851a1d" relativeResultsDirectory="c0b4d0e0-a31a-4994-aa8f-537e9d696560" />
    <UnitTestResult executionId="c450a0d9-a7ee-45a5-8af1-d6c8a2e8002d" testId="1dca9e22-402d-8be1-a07b-b2d9a448f8d9" testName="ReconnectTargetIsOneUndoRedoTransactionAndInvalidReconnectPreservesOriginal" computerName="LAPTOP-F7PUVUPO" duration="00:00:00.0015246" startTime="2026-10-05T00:16:13.4851340+08:00" endTime="2026-10-05T00:16:13.4866874+08:00" testType="13cdc9d9-ddb5-4fa4-a97d-d965ccfc6d4b" outcome="Passed" testListId="8c84fa94-04c1-424b-9868-57a2d4851a1d" relativeResultsDirectory="c450a0d9-a7ee-45a5-8af1-d6c8a2e8002d" />
    <UnitTestResult executionId="5b468672-c419-40a7-94b8-950e62744d4c" testId="1727addb-38f6-83b0-b4b5-bf2ba7f9dbe3" testName="DialogueExitDeletionRemovesConnectedOutputAtomicallyAndUndoRedoRestoresIt" computerName="LAPTOP-F7PUVUPO" duration="00:00:00.0027050" startTime="2026-10-05T00:16:13.5064245+08:00" endTime="2026-10-05T00:16:13.5091827+08:00" testType="13cdc9d9-ddb5-4fa4-a97d-d965ccfc6d4b" outcome="Passed" testListId="8c84fa94-04c1-424b-9868-57a2d4851a1d" relativeResultsDirectory="5b468672-c419-40a7-94b8-950e62744d4c" />
    <UnitTestResult executionId="1935eb2f-a229-42a7-9780-77a1b637a495" testId="1e68b7c6-35fc-898f-b94a-4eccdda2c34c" testName="ReferencedResourceMetadataEditsKeepIdentityAndReachOwner (Task)" computerName="LAPTOP-F7PUVUPO" duration="00:00:01.2452923" startTime="2026-10-05T00:16:13.3698158+08:00" endTime="2026-10-05T00:16:14.6499759+08:00" testType="13cdc9d9-ddb5-4fa4-a97d-d965ccfc6d4b" outcome="Passed" testListId="8c84fa94-04c1-424b-9868-57a2d4851a1d" relativeResultsDirectory="1935eb2f-a229-42a7-9780-77a1b637a495" />
    <UnitTestResult executionId="9189a5a3-32b8-40ad-945f-e8cae0e59399" testId="1256adb7-30d6-88eb-92be-9d6e9481182b" testName="LoadedCompatibilityOutputsStayVisibleAndInvalidEndpointConnectionsAreRejected" computerName="LAPTOP-F7PUVUPO" duration="00:00:00.0012693" startTime="2026-10-05T00:16:13.4926508+08:00" endTime="2026-10-05T00:16:13.4939639+08:00" testType="13cdc9d9-ddb5-4fa4-a97d-d965ccfc6d4b" outcome="Passed" testListId="8c84fa94-04c1-424b-9868-57a2d4851a1d" relativeResultsDirectory="9189a5a3-32b8-40ad-945f-e8cae0e59399" />
  </Results>
  <TestDefinitions>
    <UnitTest name="ParameterHeaderExposesCountSummaryAndCoreDiscoverability" storage="e:\java\minecraftmod\darkgreyrpg\studio\src\darkgreyrpg.studio.wpf.tests\bin\release\net10.0-windows\darkgreyrpg.studio.wpf.tests.dll" id="1320879e-7a69-8736-9aa1-5b59e12717fe">
      <Execution id="e7870b4a-3056-4447-aed2-f0c15bc1d24b" />
      <TestMethod codeBase="E:\Java\MinecraftMod\DarkGreyRPG\studio\src\DarkGreyRPG.Studio.Wpf.Tests\bin\Release\net10.0-windows\DarkGreyRPG.Studio.Wpf.Tests.dll" adapterTypeName="executor://mstestadapter/v4" className="DarkGreyRPG.Studio.Wpf.Tests.M6FlowEditorViewModelTests" name="ParameterHeaderExposesCountSummaryAndCoreDiscoverability" />
    </UnitTest>
    <UnitTest name="SupportsCopyPasteDeleteAndUndoRedo" storage="e:\java\minecraftmod\darkgreyrpg\studio\src\darkgreyrpg.studio.wpf.tests\bin\release\net10.0-windows\darkgreyrpg.studio.wpf.tests.dll" id="1fcf35d6-32d2-8b68-894a-48faf89df322">
      <Execution id="5c5aa30d-3464-4bf1-bae2-2d0455a8c1ba" />
      <TestMethod codeBase="E:\Java\MinecraftMod\DarkGreyRPG\studio\src\DarkGreyRPG.Studio.Wpf.Tests\bin\Release\net10.0-windows\DarkGreyRPG.Studio.Wpf.Tests.dll" adapterTypeName="executor://mstestadapter/v4" className="DarkGreyRPG.Studio.Wpf.Tests.M6FlowEditorViewModelTests" name="SupportsCopyPasteDeleteAndUndoRedo" />
    </UnitTest>
    <UnitTest name="DialogueExitDeletionRemovesConnectedOutputAtomicallyAndUndoRedoRestoresIt" storage="e:\java\minecraftmod\darkgreyrpg\studio\src\darkgreyrpg.studio.wpf.tests\bin\release\net10.0-windows\darkgreyrpg.studio.wpf.tests.dll" id="1727addb-38f6-83b0-b4b5-bf2ba7f9dbe3">
      <Execution id="5b468672-c419-40a7-94b8-950e62744d4c" />
      <TestMethod codeBase="E:\Java\MinecraftMod\DarkGreyRPG\studio\src\DarkGreyRPG.Studio.Wpf.Tests\bin\Release\net10.0-windows\DarkGreyRPG.Studio.Wpf.Tests.dll" adapterTypeName="executor://mstestadapter/v4" className="DarkGreyRPG.Studio.Wpf.Tests.M6FlowEditorViewModelTests" name="DialogueExitDeletionRemovesConnectedOutputAtomicallyAndUndoRedoRestoresIt" />
    </UnitTest>
    <UnitTest name="SequenceStepsSortLegacyOutputsAndProtectConnectedLastStep" storage="e:\java\minecraftmod\darkgreyrpg\studio\src\darkgreyrpg.studio.wpf.tests\bin\release\net10.0-windows\darkgreyrpg.studio.wpf.tests.dll" id="193199c6-ef36-86d8-bcc4-1548d0e3ff97">
      <Execution id="613f7d6f-8da7-46ee-8ddd-d18ff14e16e1" />
      <TestMethod codeBase="E:\Java\MinecraftMod\DarkGreyRPG\studio\src\DarkGreyRPG.Studio.Wpf.Tests\bin\Release\net10.0-windows\DarkGreyRPG.Studio.Wpf.Tests.dll" adapterTypeName="executor://mstestadapter/v4" className="DarkGreyRPG.Studio.Wpf.Tests.M6FlowEditorViewModelTests" name="SequenceStepsSortLegacyOutputsAndProtectConnectedLastStep" />
    </UnitTest>
    <UnitTest name="InvalidOrCancelledDialogueExitChangeDoesNotMutate" storage="e:\java\minecraftmod\darkgreyrpg\studio\src\darkgreyrpg.studio.wpf.tests\bin\release\net10.0-windows\darkgreyrpg.studio.wpf.tests.dll" id="1988fe2b-a546-86e1-865a-178771c19111">
      <Execution id="c4734c18-afbd-4a5f-87ac-93aa26810e89" />
      <TestMethod codeBase="E:\Java\MinecraftMod\DarkGreyRPG\studio\src\DarkGreyRPG.Studio.Wpf.Tests\bin\Release\net10.0-windows\DarkGreyRPG.Studio.Wpf.Tests.dll" adapterTypeName="executor://mstestadapter/v4" className="DarkGreyRPG.Studio.Wpf.Tests.M6FlowEditorViewModelTests" name="InvalidOrCancelledDialogueExitChangeDoesNotMutate" />
    </UnitTest>
    <UnitTest name="PropertyEditorValueUsesOneUndoRedoEditAndPersistsAfterRebuild" storage="e:\java\minecraftmod\darkgreyrpg\studio\src\darkgreyrpg.studio.wpf.tests\bin\release\net10.0-windows\darkgreyrpg.studio.wpf.tests.dll" id="12f304a1-4a6f-869d-b85c-3762c7b23381">
      <Execution id="c0b4d0e0-a31a-4994-aa8f-537e9d696560" />
      <TestMethod codeBase="E:\Java\MinecraftMod\DarkGreyRPG\studio\src\DarkGreyRPG.Studio.Wpf.Tests\bin\Release\net10.0-windows\DarkGreyRPG.Studio.Wpf.Tests.dll" adapterTypeName="executor://mstestadapter/v4" className="DarkGreyRPG.Studio.Wpf.Tests.M6FlowEditorViewModelTests" name="PropertyEditorValueUsesOneUndoRedoEditAndPersistsAfterRebuild" />
    </UnitTest>
    <UnitTest name="ConnectionValidationRejectsInvalidEndpointsWithoutMutatingDocument" storage="e:\java\minecraftmod\darkgreyrpg\studio\src\darkgreyrpg.studio.wpf.tests\bin\release\net10.0-windows\darkgreyrpg.studio.wpf.tests.dll" id="17678e3a-5590-8cc9-81e3-450697988eb8">
      <Execution id="c178059f-2b83-469e-a660-928df79d19f3" />
      <TestMethod codeBase="E:\Java\MinecraftMod\DarkGreyRPG\studio\src\DarkGreyRPG.Studio.Wpf.Tests\bin\Release\net10.0-windows\DarkGreyRPG.Studio.Wpf.Tests.dll" adapterTypeName="executor://mstestadapter/v4" className="DarkGreyRPG.Studio.Wpf.Tests.M6FlowEditorViewModelTests" name="ConnectionValidationRejectsInvalidEndpointsWithoutMutatingDocument" />
    </UnitTest>
    <UnitTest name="AddNodeAtUsesGraphCoordinatesAndConnectReplacesExistingOutput" storage="e:\java\minecraftmod\darkgreyrpg\studio\src\darkgreyrpg.studio.wpf.tests\bin\release\net10.0-windows\darkgreyrpg.studio.wpf.tests.dll" id="19cc9e2a-d0b2-8712-9a6f-b09e9eb35662">
      <Execution id="fa4f7d21-6289-4910-bc8e-7fd091be22f4" />
      <TestMethod codeBase="E:\Java\MinecraftMod\DarkGreyRPG\studio\src\DarkGreyRPG.Studio.Wpf.Tests\bin\Release\net10.0-windows\DarkGreyRPG.Studio.Wpf.Tests.dll" adapterTypeName="executor://mstestadapter/v4" className="DarkGreyRPG.Studio.Wpf.Tests.M6FlowEditorViewModelTests" name="AddNodeAtUsesGraphCoordinatesAndConnectReplacesExistingOutput" />
    </UnitTest>
    <UnitTest name="ReferenceProblemsExposeNodeCoordinatesAndRequestFocusSelectsNode" storage="e:\java\minecraftmod\darkgreyrpg\studio\src\darkgreyrpg.studio.wpf.tests\bin\release\net10.0-windows\darkgreyrpg.studio.wpf.tests.dll" id="1b9fd568-6abc-88ed-8e38-770a780d6ebb">
      <Execution id="fb8c9496-62f4-4094-9948-b3806f49f962" />
      <TestMethod codeBase="E:\Java\MinecraftMod\DarkGreyRPG\studio\src\DarkGreyRPG.Studio.Wpf.Tests\bin\Release\net10.0-windows\DarkGreyRPG.Studio.Wpf.Tests.dll" adapterTypeName="executor://mstestadapter/v4" className="DarkGreyRPG.Studio.Wpf.Tests.M6FlowEditorViewModelTests" name="ReferenceProblemsExposeNodeCoordinatesAndRequestFocusSelectsNode" />
    </UnitTest>
    <UnitTest name="TypedReferenceFiltersMembershipAndRemovalPreservesSource (Session)" storage="e:\java\minecraftmod\darkgreyrpg\studio\src\darkgreyrpg.studio.wpf.tests\bin\release\net10.0-windows\darkgreyrpg.studio.wpf.tests.dll" id="1beef752-1803-8336-95e7-9dcca238ea9f">
      <Execution id="dc19c457-9bc3-4448-ab3d-af26ff12c519" />
      <TestMethod codeBase="E:\Java\MinecraftMod\DarkGreyRPG\studio\src\DarkGreyRPG.Studio.Wpf.Tests\bin\Release\net10.0-windows\DarkGreyRPG.Studio.Wpf.Tests.dll" adapterTypeName="executor://mstestadapter/v4" className="DarkGreyRPG.Studio.Wpf.Tests.GateGWpfTests" name="TypedReferenceFiltersMembershipAndRemovalPreservesSource" />
    </UnitTest>
    <UnitTest name="SequenceUnconnectedSecondStepCanBeRemovedAndUndone" storage="e:\java\minecraftmod\darkgreyrpg\studio\src\darkgreyrpg.studio.wpf.tests\bin\release\net10.0-windows\darkgreyrpg.studio.wpf.tests.dll" id="17b1abf1-1161-8875-9795-2740addcc439">
      <Execution id="6804dfc2-f1f0-4ec0-924a-a4898c47f4f9" />
      <TestMethod codeBase="E:\Java\MinecraftMod\DarkGreyRPG\studio\src\DarkGreyRPG.Studio.Wpf.Tests\bin\Release\net10.0-windows\DarkGreyRPG.Studio.Wpf.Tests.dll" adapterTypeName="executor://mstestadapter/v4" className="DarkGreyRPG.Studio.Wpf.Tests.M6FlowEditorViewModelTests" name="SequenceUnconnectedSecondStepCanBeRemovedAndUndone" />
    </UnitTest>
    <UnitTest name="UndoRedoPreservesExistingNodeEditorIdentity" storage="e:\java\minecraftmod\darkgreyrpg\studio\src\darkgreyrpg.studio.wpf.tests\bin\release\net10.0-windows\darkgreyrpg.studio.wpf.tests.dll" id="12c83432-746f-8283-9edc-f954f034c521">
      <Execution id="fa028c8e-42d5-472f-961d-65b87e4d7b79" />
      <TestMethod codeBase="E:\Java\MinecraftMod\DarkGreyRPG\studio\src\DarkGreyRPG.Studio.Wpf.Tests\bin\Release\net10.0-windows\DarkGreyRPG.Studio.Wpf.Tests.dll" adapterTypeName="executor://mstestadapter/v4" className="DarkGreyRPG.Studio.Wpf.Tests.M6FlowEditorViewModelTests" name="UndoRedoPreservesExistingNodeEditorIdentity" />
    </UnitTest>
    <UnitTest name="TypedReferenceFiltersMembershipAndRemovalPreservesSource (Task)" storage="e:\java\minecraftmod\darkgreyrpg\studio\src\darkgreyrpg.studio.wpf.tests\bin\release\net10.0-windows\darkgreyrpg.studio.wpf.tests.dll" id="12aa5cce-07a1-8dd3-b0b6-1d2a906a80c7">
      <Execution id="82409724-d9af-48be-a122-5ae615838044" />
      <TestMethod codeBase="E:\Java\MinecraftMod\DarkGreyRPG\studio\src\DarkGreyRPG.Studio.Wpf.Tests\bin\Release\net10.0-windows\DarkGreyRPG.Studio.Wpf.Tests.dll" adapterTypeName="executor://mstestadapter/v4" className="DarkGreyRPG.Studio.Wpf.Tests.GateGWpfTests" name="TypedReferenceFiltersMembershipAndRemovalPreservesSource" />
    </UnitTest>
    <UnitTest name="LoadedCompatibilityOutputsStayVisibleAndInvalidEndpointConnectionsAreRejected" storage="e:\java\minecraftmod\darkgreyrpg\studio\src\darkgreyrpg.studio.wpf.tests\bin\release\net10.0-windows\darkgreyrpg.studio.wpf.tests.dll" id="1256adb7-30d6-88eb-92be-9d6e9481182b">
      <Execution id="9189a5a3-32b8-40ad-945f-e8cae0e59399" />
      <TestMethod codeBase="E:\Java\MinecraftMod\DarkGreyRPG\studio\src\DarkGreyRPG.Studio.Wpf.Tests\bin\Release\net10.0-windows\DarkGreyRPG.Studio.Wpf.Tests.dll" adapterTypeName="executor://mstestadapter/v4" className="DarkGreyRPG.Studio.Wpf.Tests.M6FlowEditorViewModelTests" name="LoadedCompatibilityOutputsStayVisibleAndInvalidEndpointConnectionsAreRejected" />
    </UnitTest>
    <UnitTest name="DisconnectAndDuplicateSelectionRemainUndoableDocumentEdits" storage="e:\java\minecraftmod\darkgreyrpg\studio\src\darkgreyrpg.studio.wpf.tests\bin\release\net10.0-windows\darkgreyrpg.studio.wpf.tests.dll" id="14a77d12-b90d-8adb-a75c-80514df9612c">
      <Execution id="68e6ac1b-032f-4390-8904-b52677707f9d" />
      <TestMethod codeBase="E:\Java\MinecraftMod\DarkGreyRPG\studio\src\DarkGreyRPG.Studio.Wpf.Tests\bin\Release\net10.0-windows\DarkGreyRPG.Studio.Wpf.Tests.dll" adapterTypeName="executor://mstestadapter/v4" className="DarkGreyRPG.Studio.Wpf.Tests.M6FlowEditorViewModelTests" name="DisconnectAndDuplicateSelectionRemainUndoableDocumentEdits" />
    </UnitTest>
    <UnitTest name="DetachedBranchModelSerializesAndRestoresCompleteFlow" storage="e:\java\minecraftmod\darkgreyrpg\studio\src\darkgreyrpg.studio.wpf.tests\bin\release\net10.0-windows\darkgreyrpg.studio.wpf.tests.dll" id="193543fc-c033-8e46-8a51-6a896d75aec7">
      <Execution id="47f7edbf-cf70-42aa-81a1-4c58f7c2fbb0" />
      <TestMethod codeBase="E:\Java\MinecraftMod\DarkGreyRPG\studio\src\DarkGreyRPG.Studio.Wpf.Tests\bin\Release\net10.0-windows\DarkGreyRPG.Studio.Wpf.Tests.dll" adapterTypeName="executor://mstestadapter/v4" className="DarkGreyRPG.Studio.Wpf.Tests.M6FlowEditorViewModelTests" name="DetachedBranchModelSerializesAndRestoresCompleteFlow" />
    </UnitTest>
    <UnitTest name="ReferencedResourceMetadataEditsKeepIdentityAndReachOwner (Task)" storage="e:\java\minecraftmod\darkgreyrpg\studio\src\darkgreyrpg.studio.wpf.tests\bin\release\net10.0-windows\darkgreyrpg.studio.wpf.tests.dll" id="1e68b7c6-35fc-898f-b94a-4eccdda2c34c">
      <Execution id="1935eb2f-a229-42a7-9780-77a1b637a495" />
      <TestMethod codeBase="E:\Java\MinecraftMod\DarkGreyRPG\studio\src\DarkGreyRPG.Studio.Wpf.Tests\bin\Release\net10.0-windows\DarkGreyRPG.Studio.Wpf.Tests.dll" adapterTypeName="executor://mstestadapter/v4" className="DarkGreyRPG.Studio.Wpf.Tests.GateGWpfTests" name="ReferencedResourceMetadataEditsKeepIdentityAndReachOwner" />
    </UnitTest>
    <UnitTest name="RegistryDrivesNodeLabelsPersistedTypesAndPortContracts" storage="e:\java\minecraftmod\darkgreyrpg\studio\src\darkgreyrpg.studio.wpf.tests\bin\release\net10.0-windows\darkgreyrpg.studio.wpf.tests.dll" id="1159a2da-306b-86e8-9cb3-95cc7b961425">
      <Execution id="67e9b23e-7146-44b0-9bd8-b88d84d10f98" />
      <TestMethod codeBase="E:\Java\MinecraftMod\DarkGreyRPG\studio\src\DarkGreyRPG.Studio.Wpf.Tests\bin\Release\net10.0-windows\DarkGreyRPG.Studio.Wpf.Tests.dll" adapterTypeName="executor://mstestadapter/v4" className="DarkGreyRPG.Studio.Wpf.Tests.M6FlowEditorViewModelTests" name="RegistryDrivesNodeLabelsPersistedTypesAndPortContracts" />
    </UnitTest>
    <UnitTest name="CopyIntoNonemptyStoryIsIndependentAndUndoRedoRestoresMembership (Task)" storage="e:\java\minecraftmod\darkgreyrpg\studio\src\darkgreyrpg.studio.wpf.tests\bin\release\net10.0-windows\darkgreyrpg.studio.wpf.tests.dll" id="1d773594-2863-834e-9341-09c95d91b484">
      <Execution id="373e4cdf-d574-46b7-b5da-da946b772230" />
      <TestMethod codeBase="E:\Java\MinecraftMod\DarkGreyRPG\studio\src\DarkGreyRPG.Studio.Wpf.Tests\bin\Release\net10.0-windows\DarkGreyRPG.Studio.Wpf.Tests.dll" adapterTypeName="executor://mstestadapter/v4" className="DarkGreyRPG.Studio.Wpf.Tests.GateGWpfTests" name="CopyIntoNonemptyStoryIsIndependentAndUndoRedoRestoresMembership" />
    </UnitTest>
    <UnitTest name="RenamingNodeUpdatesConnectionsAndConnectionDeleteCanBeUndone" storage="e:\java\minecraftmod\darkgreyrpg\studio\src\darkgreyrpg.studio.wpf.tests\bin\release\net10.0-windows\darkgreyrpg.studio.wpf.tests.dll" id="1459bb89-2ff2-8e38-9a6b-c49215293060">
      <Execution id="c988b7e9-1296-4c93-a2fd-5dff7317cb3c" />
      <TestMethod codeBase="E:\Java\MinecraftMod\DarkGreyRPG\studio\src\DarkGreyRPG.Studio.Wpf.Tests\bin\Release\net10.0-windows\DarkGreyRPG.Studio.Wpf.Tests.dll" adapterTypeName="executor://mstestadapter/v4" className="DarkGreyRPG.Studio.Wpf.Tests.M6FlowEditorViewModelTests" name="RenamingNodeUpdatesConnectionsAndConnectionDeleteCanBeUndone" />
    </UnitTest>
    <UnitTest name="ProjectResourceOutsideStoryMembershipIsWarningWhileMissingResourceIsError" storage="e:\java\minecraftmod\darkgreyrpg\studio\src\darkgreyrpg.studio.wpf.tests\bin\release\net10.0-windows\darkgreyrpg.studio.wpf.tests.dll" id="19720d8f-0626-8b90-aa06-86fbbcb33af9">
      <Execution id="ad12be3a-b853-4327-a70d-103ce64be2af" />
      <TestMethod codeBase="E:\Java\MinecraftMod\DarkGreyRPG\studio\src\DarkGreyRPG.Studio.Wpf.Tests\bin\Release\net10.0-windows\DarkGreyRPG.Studio.Wpf.Tests.dll" adapterTypeName="executor://mstestadapter/v4" className="DarkGreyRPG.Studio.Wpf.Tests.M6FlowEditorViewModelTests" name="ProjectResourceOutsideStoryMembershipIsWarningWhileMissingResourceIsError" />
    </UnitTest>
    <UnitTest name="ReferencedResourceMetadataEditsKeepIdentityAndReachOwner (Session)" storage="e:\java\minecraftmod\darkgreyrpg\studio\src\darkgreyrpg.studio.wpf.tests\bin\release\net10.0-windows\darkgreyrpg.studio.wpf.tests.dll" id="19b5caaa-13e9-843b-8ee8-5430cb8bd2b2">
      <Execution id="15905e4b-49e9-4898-9f33-4ef27dfcb09b" />
      <TestMethod codeBase="E:\Java\MinecraftMod\DarkGreyRPG\studio\src\DarkGreyRPG.Studio.Wpf.Tests\bin\Release\net10.0-windows\DarkGreyRPG.Studio.Wpf.Tests.dll" adapterTypeName="executor://mstestadapter/v4" className="DarkGreyRPG.Studio.Wpf.Tests.GateGWpfTests" name="ReferencedResourceMetadataEditsKeepIdentityAndReachOwner" />
    </UnitTest>
    <UnitTest name="DialogueExitRenamePlanMigratesConnectionAndUndoRedoAsOneEdit" storage="e:\java\minecraftmod\darkgreyrpg\studio\src\darkgreyrpg.studio.wpf.tests\bin\release\net10.0-windows\darkgreyrpg.studio.wpf.tests.dll" id="1afd70f0-39e1-8cb3-8bf9-bb2b916b50d5">
      <Execution id="c3b9cc26-c48e-46b0-9cba-bb93df72f8d1" />
      <TestMethod codeBase="E:\Java\MinecraftMod\DarkGreyRPG\studio\src\DarkGreyRPG.Studio.Wpf.Tests\bin\Release\net10.0-windows\DarkGreyRPG.Studio.Wpf.Tests.dll" adapterTypeName="executor://mstestadapter/v4" className="DarkGreyRPG.Studio.Wpf.Tests.M6FlowEditorViewModelTests" name="DialogueExitRenamePlanMigratesConnectionAndUndoRedoAsOneEdit" />
    </UnitTest>
    <UnitTest name="ConnectionQueriesReturnAllIncomingConnectionsAndConcreteOutputConnection" storage="e:\java\minecraftmod\darkgreyrpg\studio\src\darkgreyrpg.studio.wpf.tests\bin\release\net10.0-windows\darkgreyrpg.studio.wpf.tests.dll" id="1ff5af4e-3f12-8689-a340-473e77aa947d">
      <Execution id="8537747e-5eda-4da2-ac02-b950ee43501c" />
      <TestMethod codeBase="E:\Java\MinecraftMod\DarkGreyRPG\studio\src\DarkGreyRPG.Studio.Wpf.Tests\bin\Release\net10.0-windows\DarkGreyRPG.Studio.Wpf.Tests.dll" adapterTypeName="executor://mstestadapter/v4" className="DarkGreyRPG.Studio.Wpf.Tests.M6FlowEditorViewModelTests" name="ConnectionQueriesReturnAllIncomingConnectionsAndConcreteOutputConnection" />
    </UnitTest>
    <UnitTest name="CancelCopyLeavesBothStoriesAndResourcesUnchanged (Session)" storage="e:\java\minecraftmod\darkgreyrpg\studio\src\darkgreyrpg.studio.wpf.tests\bin\release\net10.0-windows\darkgreyrpg.studio.wpf.tests.dll" id="11ebb4f0-5707-8f80-851d-7fc697f9e3aa">
      <Execution id="62383658-870e-46e1-b3f4-abadad74ff01" />
      <TestMethod codeBase="E:\Java\MinecraftMod\DarkGreyRPG\studio\src\DarkGreyRPG.Studio.Wpf.Tests\bin\Release\net10.0-windows\DarkGreyRPG.Studio.Wpf.Tests.dll" adapterTypeName="executor://mstestadapter/v4" className="DarkGreyRPG.Studio.Wpf.Tests.GateGWpfTests" name="CancelCopyLeavesBothStoriesAndResourcesUnchanged" />
    </UnitTest>
    <UnitTest name="CancelCopyLeavesBothStoriesAndResourcesUnchanged (Task)" storage="e:\java\minecraftmod\darkgreyrpg\studio\src\darkgreyrpg.studio.wpf.tests\bin\release\net10.0-windows\darkgreyrpg.studio.wpf.tests.dll" id="17e0026c-6b27-8b1d-8d22-dbf594fa84a7">
      <Execution id="4b1dc72f-2cbe-4898-9315-f67907ca184b" />
      <TestMethod codeBase="E:\Java\MinecraftMod\DarkGreyRPG\studio\src\DarkGreyRPG.Studio.Wpf.Tests\bin\Release\net10.0-windows\DarkGreyRPG.Studio.Wpf.Tests.dll" adapterTypeName="executor://mstestadapter/v4" className="DarkGreyRPG.Studio.Wpf.Tests.GateGWpfTests" name="CancelCopyLeavesBothStoriesAndResourcesUnchanged" />
    </UnitTest>
    <UnitTest name="ReconnectSourceReplacesOccupiedOutputDeterministicallyAndUndoRestoresBoth" storage="e:\java\minecraftmod\darkgreyrpg\studio\src\darkgreyrpg.studio.wpf.tests\bin\release\net10.0-windows\darkgreyrpg.studio.wpf.tests.dll" id="1c0268ab-c931-81c0-a29b-997d5814e9c6">
      <Execution id="286fb2db-afa2-48a9-9b5c-2b851d1c1d0a" />
      <TestMethod codeBase="E:\Java\MinecraftMod\DarkGreyRPG\studio\src\DarkGreyRPG.Studio.Wpf.Tests\bin\Release\net10.0-windows\DarkGreyRPG.Studio.Wpf.Tests.dll" adapterTypeName="executor://mstestadapter/v4" className="DarkGreyRPG.Studio.Wpf.Tests.M6FlowEditorViewModelTests" name="ReconnectSourceReplacesOccupiedOutputDeterministicallyAndUndoRestoresBoth" />
    </UnitTest>
    <UnitTest name="PropertyEditorsClassifyKnownAndUnknownPropertiesAndExcludeSpecializedRows" storage="e:\java\minecraftmod\darkgreyrpg\studio\src\darkgreyrpg.studio.wpf.tests\bin\release\net10.0-windows\darkgreyrpg.studio.wpf.tests.dll" id="1653e3d5-8c32-840f-b374-d9e8a5f9a5a9">
      <Execution id="ba6cae01-3fcc-4870-9cb5-47e8c1e70b0c" />
      <TestMethod codeBase="E:\Java\MinecraftMod\DarkGreyRPG\studio\src\DarkGreyRPG.Studio.Wpf.Tests\bin\Release\net10.0-windows\DarkGreyRPG.Studio.Wpf.Tests.dll" adapterTypeName="executor://mstestadapter/v4" className="DarkGreyRPG.Studio.Wpf.Tests.M6FlowEditorViewModelTests" name="PropertyEditorsClassifyKnownAndUnknownPropertiesAndExcludeSpecializedRows" />
    </UnitTest>
    <UnitTest name="SequenceAddExposesAndPersistsNextNumericOutput" storage="e:\java\minecraftmod\darkgreyrpg\studio\src\darkgreyrpg.studio.wpf.tests\bin\release\net10.0-windows\darkgreyrpg.studio.wpf.tests.dll" id="16ef3c18-d547-8e60-9860-220dcffa4374">
      <Execution id="b2255925-209f-4a10-a399-652501ba4070" />
      <TestMethod codeBase="E:\Java\MinecraftMod\DarkGreyRPG\studio\src\DarkGreyRPG.Studio.Wpf.Tests\bin\Release\net10.0-windows\DarkGreyRPG.Studio.Wpf.Tests.dll" adapterTypeName="executor://mstestadapter/v4" className="DarkGreyRPG.Studio.Wpf.Tests.M6FlowEditorViewModelTests" name="SequenceAddExposesAndPersistsNextNumericOutput" />
    </UnitTest>
    <UnitTest name="CopyIntoNonemptyStoryIsIndependentAndUndoRedoRestoresMembership (Session)" storage="e:\java\minecraftmod\darkgreyrpg\studio\src\darkgreyrpg.studio.wpf.tests\bin\release\net10.0-windows\darkgreyrpg.studio.wpf.tests.dll" id="1c7c8944-1c39-8aee-adf6-922476fb7a31">
      <Execution id="c615afbe-e772-40b1-bf3f-786d8b7d65da" />
      <TestMethod codeBase="E:\Java\MinecraftMod\DarkGreyRPG\studio\src\DarkGreyRPG.Studio.Wpf.Tests\bin\Release\net10.0-windows\DarkGreyRPG.Studio.Wpf.Tests.dll" adapterTypeName="executor://mstestadapter/v4" className="DarkGreyRPG.Studio.Wpf.Tests.GateGWpfTests" name="CopyIntoNonemptyStoryIsIndependentAndUndoRedoRestoresMembership" />
    </UnitTest>
    <UnitTest name="PreservesLegacyRuntimeNodeTypesWithoutRewritingThemAsEndNodes" storage="e:\java\minecraftmod\darkgreyrpg\studio\src\darkgreyrpg.studio.wpf.tests\bin\release\net10.0-windows\darkgreyrpg.studio.wpf.tests.dll" id="1936c695-7041-803a-a73b-0659800995d4">
      <Execution id="ebf9f778-7fb3-4e6d-a9e5-e8c4c6cd4aa7" />
      <TestMethod codeBase="E:\Java\MinecraftMod\DarkGreyRPG\studio\src\DarkGreyRPG.Studio.Wpf.Tests\bin\Release\net10.0-windows\DarkGreyRPG.Studio.Wpf.Tests.dll" adapterTypeName="executor://mstestadapter/v4" className="DarkGreyRPG.Studio.Wpf.Tests.M6FlowEditorViewModelTests" name="PreservesLegacyRuntimeNodeTypesWithoutRewritingThemAsEndNodes" />
    </UnitTest>
    <UnitTest name="ReconnectTargetIsOneUndoRedoTransactionAndInvalidReconnectPreservesOriginal" storage="e:\java\minecraftmod\darkgreyrpg\studio\src\darkgreyrpg.studio.wpf.tests\bin\release\net10.0-windows\darkgreyrpg.studio.wpf.tests.dll" id="1dca9e22-402d-8be1-a07b-b2d9a448f8d9">
      <Execution id="c450a0d9-a7ee-45a5-8af1-d6c8a2e8002d" />
      <TestMethod codeBase="E:\Java\MinecraftMod\DarkGreyRPG\studio\src\DarkGreyRPG.Studio.Wpf.Tests\bin\Release\net10.0-windows\DarkGreyRPG.Studio.Wpf.Tests.dll" adapterTypeName="executor://mstestadapter/v4" className="DarkGreyRPG.Studio.Wpf.Tests.M6FlowEditorViewModelTests" name="ReconnectTargetIsOneUndoRedoTransactionAndInvalidReconnectPreservesOriginal" />
    </UnitTest>
  </TestDefinitions>
  <TestEntries>
    <TestEntry testId="11ebb4f0-5707-8f80-851d-7fc697f9e3aa" executionId="62383658-870e-46e1-b3f4-abadad74ff01" testListId="8c84fa94-04c1-424b-9868-57a2d4851a1d" />
    <TestEntry testId="16ef3c18-d547-8e60-9860-220dcffa4374" executionId="b2255925-209f-4a10-a399-652501ba4070" testListId="8c84fa94-04c1-424b-9868-57a2d4851a1d" />
    <TestEntry testId="1beef752-1803-8336-95e7-9dcca238ea9f" executionId="dc19c457-9bc3-4448-ab3d-af26ff12c519" testListId="8c84fa94-04c1-424b-9868-57a2d4851a1d" />
    <TestEntry testId="1b9fd568-6abc-88ed-8e38-770a780d6ebb" executionId="fb8c9496-62f4-4094-9948-b3806f49f962" testListId="8c84fa94-04c1-424b-9868-57a2d4851a1d" />
    <TestEntry testId="193199c6-ef36-86d8-bcc4-1548d0e3ff97" executionId="613f7d6f-8da7-46ee-8ddd-d18ff14e16e1" testListId="8c84fa94-04c1-424b-9868-57a2d4851a1d" />
    <TestEntry testId="1159a2da-306b-86e8-9cb3-95cc7b961425" executionId="67e9b23e-7146-44b0-9bd8-b88d84d10f98" testListId="8c84fa94-04c1-424b-9868-57a2d4851a1d" />
    <TestEntry testId="1c7c8944-1c39-8aee-adf6-922476fb7a31" executionId="c615afbe-e772-40b1-bf3f-786d8b7d65da" testListId="8c84fa94-04c1-424b-9868-57a2d4851a1d" />
    <TestEntry testId="1459bb89-2ff2-8e38-9a6b-c49215293060" executionId="c988b7e9-1296-4c93-a2fd-5dff7317cb3c" testListId="8c84fa94-04c1-424b-9868-57a2d4851a1d" />
    <TestEntry testId="19720d8f-0626-8b90-aa06-86fbbcb33af9" executionId="ad12be3a-b853-4327-a70d-103ce64be2af" testListId="8c84fa94-04c1-424b-9868-57a2d4851a1d" />
    <TestEntry testId="14a77d12-b90d-8adb-a75c-80514df9612c" executionId="68e6ac1b-032f-4390-8904-b52677707f9d" testListId="8c84fa94-04c1-424b-9868-57a2d4851a1d" />
    <TestEntry testId="17678e3a-5590-8cc9-81e3-450697988eb8" executionId="c178059f-2b83-469e-a660-928df79d19f3" testListId="8c84fa94-04c1-424b-9868-57a2d4851a1d" />
    <TestEntry testId="1afd70f0-39e1-8cb3-8bf9-bb2b916b50d5" executionId="c3b9cc26-c48e-46b0-9cba-bb93df72f8d1" testListId="8c84fa94-04c1-424b-9868-57a2d4851a1d" />
    <TestEntry testId="1c0268ab-c931-81c0-a29b-997d5814e9c6" executionId="286fb2db-afa2-48a9-9b5c-2b851d1c1d0a" testListId="8c84fa94-04c1-424b-9868-57a2d4851a1d" />
    <TestEntry testId="1d773594-2863-834e-9341-09c95d91b484" executionId="373e4cdf-d574-46b7-b5da-da946b772230" testListId="8c84fa94-04c1-424b-9868-57a2d4851a1d" />
    <TestEntry testId="17e0026c-6b27-8b1d-8d22-dbf594fa84a7" executionId="4b1dc72f-2cbe-4898-9315-f67907ca184b" testListId="8c84fa94-04c1-424b-9868-57a2d4851a1d" />
    <TestEntry testId="1320879e-7a69-8736-9aa1-5b59e12717fe" executionId="e7870b4a-3056-4447-aed2-f0c15bc1d24b" testListId="8c84fa94-04c1-424b-9868-57a2d4851a1d" />
    <TestEntry testId="12aa5cce-07a1-8dd3-b0b6-1d2a906a80c7" executionId="82409724-d9af-48be-a122-5ae615838044" testListId="8c84fa94-04c1-424b-9868-57a2d4851a1d" />
    <TestEntry testId="1653e3d5-8c32-840f-b374-d9e8a5f9a5a9" executionId="ba6cae01-3fcc-4870-9cb5-47e8c1e70b0c" testListId="8c84fa94-04c1-424b-9868-57a2d4851a1d" />
    <TestEntry testId="1936c695-7041-803a-a73b-0659800995d4" executionId="ebf9f778-7fb3-4e6d-a9e5-e8c4c6cd4aa7" testListId="8c84fa94-04c1-424b-9868-57a2d4851a1d" />
    <TestEntry testId="12c83432-746f-8283-9edc-f954f034c521" executionId="fa028c8e-42d5-472f-961d-65b87e4d7b79" testListId="8c84fa94-04c1-424b-9868-57a2d4851a1d" />
    <TestEntry testId="193543fc-c033-8e46-8a51-6a896d75aec7" executionId="47f7edbf-cf70-42aa-81a1-4c58f7c2fbb0" testListId="8c84fa94-04c1-424b-9868-57a2d4851a1d" />
    <TestEntry testId="1fcf35d6-32d2-8b68-894a-48faf89df322" executionId="5c5aa30d-3464-4bf1-bae2-2d0455a8c1ba" testListId="8c84fa94-04c1-424b-9868-57a2d4851a1d" />
    <TestEntry testId="1988fe2b-a546-86e1-865a-178771c19111" executionId="c4734c18-afbd-4a5f-87ac-93aa26810e89" testListId="8c84fa94-04c1-424b-9868-57a2d4851a1d" />
    <TestEntry testId="19b5caaa-13e9-843b-8ee8-5430cb8bd2b2" executionId="15905e4b-49e9-4898-9f33-4ef27dfcb09b" testListId="8c84fa94-04c1-424b-9868-57a2d4851a1d" />
    <TestEntry testId="19cc9e2a-d0b2-8712-9a6f-b09e9eb35662" executionId="fa4f7d21-6289-4910-bc8e-7fd091be22f4" testListId="8c84fa94-04c1-424b-9868-57a2d4851a1d" />
    <TestEntry testId="1ff5af4e-3f12-8689-a340-473e77aa947d" executionId="8537747e-5eda-4da2-ac02-b950ee43501c" testListId="8c84fa94-04c1-424b-9868-57a2d4851a1d" />
    <TestEntry testId="17b1abf1-1161-8875-9795-2740addcc439" executionId="6804dfc2-f1f0-4ec0-924a-a4898c47f4f9" testListId="8c84fa94-04c1-424b-9868-57a2d4851a1d" />
    <TestEntry testId="12f304a1-4a6f-869d-b85c-3762c7b23381" executionId="c0b4d0e0-a31a-4994-aa8f-537e9d696560" testListId="8c84fa94-04c1-424b-9868-57a2d4851a1d" />
    <TestEntry testId="1dca9e22-402d-8be1-a07b-b2d9a448f8d9" executionId="c450a0d9-a7ee-45a5-8af1-d6c8a2e8002d" testListId="8c84fa94-04c1-424b-9868-57a2d4851a1d" />
    <TestEntry testId="1727addb-38f6-83b0-b4b5-bf2ba7f9dbe3" executionId="5b468672-c419-40a7-94b8-950e62744d4c" testListId="8c84fa94-04c1-424b-9868-57a2d4851a1d" />
    <TestEntry testId="1e68b7c6-35fc-898f-b94a-4eccdda2c34c" executionId="1935eb2f-a229-42a7-9780-77a1b637a495" testListId="8c84fa94-04c1-424b-9868-57a2d4851a1d" />
    <TestEntry testId="1256adb7-30d6-88eb-92be-9d6e9481182b" executionId="9189a5a3-32b8-40ad-945f-e8cae0e59399" testListId="8c84fa94-04c1-424b-9868-57a2d4851a1d" />
  </TestEntries>
  <TestLists>
    <TestList name="列表中未列出的结果" id="8c84fa94-04c1-424b-9868-57a2d4851a1d" />
    <TestList name="所有已加载的结果" id="19431567-8539-422a-85d7-44ee4e166bda" />
  </TestLists>
  <ResultSummary outcome="Completed">
    <Counters total="32" executed="32" passed="32" failed="0" error="0" timeout="0" aborted="0" inconclusive="0" passedButRunAborted="0" notRunnable="0" notExecuted="0" disconnected="0" warning="0" completed="0" inProgress="0" pending="0" />
    <Output>
      <StdOut>已为 E:\Java\MinecraftMod\DarkGreyRPG\studio\src\DarkGreyRPG.Studio.Wpf.Tests\bin\Release\net10.0-windows\DarkGreyRPG.Studio.Wpf.Tests.dll 启用测试并行化(Workers: 12，Scope: MethodLevel)&#xD;
</StdOut>
    </Output>
  </ResultSummary>
</TestRun>