<?xml version="1.0" encoding="utf-8"?>
<TestRun id="9937494f-f3c7-4e72-88fe-dcf7d21531fb" name="GreyHat@LAPTOP-F7PUVUPO 2026-09-24 12:09:08" runUser="LAPTOP-F7PUVUPO\GreyHat" xmlns="http://microsoft.com/schemas/VisualStudio/TeamTest/2010">
  <Times creation="2026-09-24T12:09:08.0766704+08:00" queuing="2026-09-24T12:09:08.0766707+08:00" start="2026-09-24T12:09:06.1053510+08:00" finish="2026-09-24T12:09:14.8187303+08:00" />
  <TestSettings name="default" id="43c2f8d4-54da-44ce-bca4-81ada7e71f2c">
    <Deployment runDeploymentRoot="GreyHat_LAPTOP-F7PUVUPO_2026-09-24_12_09_08" />
  </TestSettings>
  <Results>
    <UnitTestResult executionId="1e498d35-6934-4f62-b627-08715a71ad19" testId="10d6da73-a395-828e-933e-61081a39e62f" testName="DirtyGraphAllowsVisualActivationAndKeepsOriginalDraft" computerName="LAPTOP-F7PUVUPO" duration="00:00:00.2570823" startTime="2026-09-24T12:09:12.1214334+08:00" endTime="2026-09-24T12:09:12.3813420+08:00" testType="13cdc9d9-ddb5-4fa4-a97d-d965ccfc6d4b" outcome="Passed" testListId="8c84fa94-04c1-424b-9868-57a2d4851a1d" relativeResultsDirectory="1e498d35-6934-4f62-b627-08715a71ad19" />
    <UnitTestResult executionId="70012f1c-d64f-4b14-9228-cc084108c782" testId="185ceb56-cf12-8fef-9a95-bf79204cee8f" testName="FitAllUsesRenderedChoiceHeightForTenStackedOptionGroups" computerName="LAPTOP-F7PUVUPO" duration="00:00:00.1899126" startTime="2026-09-24T12:09:11.2503107+08:00" endTime="2026-09-24T12:09:11.4450626+08:00" testType="13cdc9d9-ddb5-4fa4-a97d-d965ccfc6d4b" outcome="Passed" testListId="8c84fa94-04c1-424b-9868-57a2d4851a1d" relativeResultsDirectory="70012f1c-d64f-4b14-9228-cc084108c782" />
    <UnitTestResult executionId="b89e7a96-49e2-47a0-95e0-9f1c908fea3e" testId="15bc1bd6-09bf-8a02-b6e5-0d6b7ff1f9ac" testName="ResolvedSessionAndTaskMembersPlaceBoundAggregatesAtGraphCoordinates" computerName="LAPTOP-F7PUVUPO" duration="00:00:00.2637635" startTime="2026-09-24T12:09:12.9522308+08:00" endTime="2026-09-24T12:09:13.2187675+08:00" testType="13cdc9d9-ddb5-4fa4-a97d-d965ccfc6d4b" outcome="Passed" testListId="8c84fa94-04c1-424b-9868-57a2d4851a1d" relativeResultsDirectory="b89e7a96-49e2-47a0-95e0-9f1c908fea3e" />
    <UnitTestResult executionId="a35c0422-3bbb-4034-9e90-b929e5498fb4" testId="100f43fe-88b0-84fc-b31a-62d71f97bf61" testName="ThreeColumnViewBindsStoryHomeGraphByDefault" computerName="LAPTOP-F7PUVUPO" duration="00:00:00.1591284" startTime="2026-09-24T12:09:08.0289771+08:00" endTime="2026-09-24T12:09:08.1931721+08:00" testType="13cdc9d9-ddb5-4fa4-a97d-d965ccfc6d4b" outcome="Passed" testListId="8c84fa94-04c1-424b-9868-57a2d4851a1d" relativeResultsDirectory="a35c0422-3bbb-4034-9e90-b929e5498fb4" />
    <UnitTestResult executionId="2aca0c63-4a06-4440-b5f9-d526d93361d5" testId="1b90d771-51b3-89cc-b555-ab909280de63" testName="ChoiceOptionRowsExposeOneFlowOutputPerStableOptionForAllSupportedSizes" computerName="LAPTOP-F7PUVUPO" duration="00:00:00.8354098" startTime="2026-09-24T12:09:10.4117273+08:00" endTime="2026-09-24T12:09:11.2502338+08:00" testType="13cdc9d9-ddb5-4fa4-a97d-d965ccfc6d4b" outcome="Passed" testListId="8c84fa94-04c1-424b-9868-57a2d4851a1d" relativeResultsDirectory="2aca0c63-4a06-4440-b5f9-d526d93361d5" />
    <UnitTestResult executionId="22e6c031-2c17-41f6-9efa-eb07f3b6361f" testId="149472a5-c579-8c4c-bfb3-fe30fdc2568e" testName="TextDraftChangesTwentyTimesAndCommitsOneGraphRevision" computerName="LAPTOP-F7PUVUPO" duration="00:00:00.1967813" startTime="2026-09-24T12:09:13.7916389+08:00" endTime="2026-09-24T12:09:13.9914655+08:00" testType="13cdc9d9-ddb5-4fa4-a97d-d965ccfc6d4b" outcome="Passed" testListId="8c84fa94-04c1-424b-9868-57a2d4851a1d" relativeResultsDirectory="22e6c031-2c17-41f6-9efa-eb07f3b6361f" />
    <UnitTestResult executionId="f5d8ebc2-fc28-4da9-b474-7364ff8ee5d9" testId="18f093be-b9b8-8a32-b121-414ddd6da556" testName="RichEditorPreservesAtomicDataWithoutTrailingParagraphText" computerName="LAPTOP-F7PUVUPO" duration="00:00:00.3996649" startTime="2026-09-24T12:09:06.6980298+08:00" endTime="2026-09-24T12:09:07.1192878+08:00" testType="13cdc9d9-ddb5-4fa4-a97d-d965ccfc6d4b" outcome="Passed" testListId="8c84fa94-04c1-424b-9868-57a2d4851a1d" relativeResultsDirectory="f5d8ebc2-fc28-4da9-b474-7364ff8ee5d9" />
    <UnitTestResult executionId="a189c6e1-6501-4d16-9327-7de4ea5a4fcf" testId="11f62963-778f-8997-bfd7-9fef7e2bd1eb" testName="StoryStartRepeatableCheckboxesShareCanonicalProjection" computerName="LAPTOP-F7PUVUPO" duration="00:00:00.2184174" startTime="2026-09-24T12:09:09.4993533+08:00" endTime="2026-09-24T12:09:09.7239009+08:00" testType="13cdc9d9-ddb5-4fa4-a97d-d965ccfc6d4b" outcome="Passed" testListId="8c84fa94-04c1-424b-9868-57a2d4851a1d" relativeResultsDirectory="a189c6e1-6501-4d16-9327-7de4ea5a4fcf" />
    <UnitTestResult executionId="6bb862ce-2f33-4ae1-aad6-2ed72173a4ff" testId="17a4ee42-dad7-8596-84a3-4e69ddb3271c" testName="ActorForeignLocalGraphAndInvalidPositionDropsFailWithoutStoryMutation" computerName="LAPTOP-F7PUVUPO" duration="00:00:00.1890779" startTime="2026-09-24T12:09:13.5967779+08:00" endTime="2026-09-24T12:09:13.7905493+08:00" testType="13cdc9d9-ddb5-4fa4-a97d-d965ccfc6d4b" outcome="Passed" testListId="8c84fa94-04c1-424b-9868-57a2d4851a1d" relativeResultsDirectory="6bb862ce-2f33-4ae1-aad6-2ed72173a4ff" />
    <UnitTestResult executionId="ab64500a-139b-451c-ba6a-20a9e7ba69a8" testId="104a0272-ede3-8e83-9736-5f3d31660112" testName="StorySessionAndTaskRestoreIndependentTransientViewports" computerName="LAPTOP-F7PUVUPO" duration="00:00:00.3003057" startTime="2026-09-24T12:09:08.5656182+08:00" endTime="2026-09-24T12:09:08.8713337+08:00" testType="13cdc9d9-ddb5-4fa4-a97d-d965ccfc6d4b" outcome="Passed" testListId="8c84fa94-04c1-424b-9868-57a2d4851a1d" relativeResultsDirectory="ab64500a-139b-451c-ba6a-20a9e7ba69a8" />
    <UnitTestResult executionId="99fcf41e-e48d-45d0-9a29-fb654eccd646" testId="1690c935-2514-8a9c-bd1a-820db5f7b5a8" testName="ActionTitlesDropdownsAndFieldLabelsUseOneAuthorVocabulary" computerName="LAPTOP-F7PUVUPO" duration="00:00:00.3683151" startTime="2026-09-24T12:09:09.7239546+08:00" endTime="2026-09-24T12:09:10.0965213+08:00" testType="13cdc9d9-ddb5-4fa4-a97d-d965ccfc6d4b" outcome="Passed" testListId="8c84fa94-04c1-424b-9868-57a2d4851a1d" relativeResultsDirectory="99fcf41e-e48d-45d0-9a29-fb654eccd646" />
    <UnitTestResult executionId="e2b96d56-e4a8-4359-9c73-e5ee32f78f70" testId="11f479d6-fdf9-86fa-ab65-b6b4fb539d2a" testName="OldTokenLookingTextRemainsLiteralAndNewPartsRoundTrip" computerName="LAPTOP-F7PUVUPO" duration="00:00:00.0391107" startTime="2026-09-24T12:09:06.6980478+08:00" endTime="2026-09-24T12:09:06.7545799+08:00" testType="13cdc9d9-ddb5-4fa4-a97d-d965ccfc6d4b" outcome="Passed" testListId="8c84fa94-04c1-424b-9868-57a2d4851a1d" relativeResultsDirectory="e2b96d56-e4a8-4359-9c73-e5ee32f78f70" />
    <UnitTestResult executionId="af27e0c3-fd86-4138-b054-bc713679d8be" testId="12d99f20-f83f-8b19-a72c-e9693212eb18" testName="ResourceGhostAndDropShareTopLeftAnchorAcrossZoomAndPan" computerName="LAPTOP-F7PUVUPO" duration="00:00:00.0736049" startTime="2026-09-24T12:09:13.2812621+08:00" endTime="2026-09-24T12:09:13.3579570+08:00" testType="13cdc9d9-ddb5-4fa4-a97d-d965ccfc6d4b" outcome="Passed" testListId="8c84fa94-04c1-424b-9868-57a2d4851a1d" relativeResultsDirectory="af27e0c3-fd86-4138-b054-bc713679d8be" />
    <UnitTestResult executionId="2efbb857-3884-42a7-bdac-8d6d41af1183" testId="14b9cf5a-8335-86ac-8a03-4eafb4690405" testName="ChoiceOptionRemovalConfirmationIsInjectedAtViewBoundary" computerName="LAPTOP-F7PUVUPO" duration="00:00:00.3117972" startTime="2026-09-24T12:09:10.0965772+08:00" endTime="2026-09-24T12:09:10.4116599+08:00" testType="13cdc9d9-ddb5-4fa4-a97d-d965ccfc6d4b" outcome="Passed" testListId="8c84fa94-04c1-424b-9868-57a2d4851a1d" relativeResultsDirectory="2efbb857-3884-42a7-bdac-8d6d41af1183" />
    <UnitTestResult executionId="ed0336fa-fe7b-4138-a03d-f70a385783bc" testId="11553dc9-384f-84bc-8da6-b0ada3589a15" testName="ObjectivePrerequisiteHelperAppearsOnlyWhenEnabled" computerName="LAPTOP-F7PUVUPO" duration="00:00:00.1693509" startTime="2026-09-24T12:09:14.5037755+08:00" endTime="2026-09-24T12:09:14.6769055+08:00" testType="13cdc9d9-ddb5-4fa4-a97d-d965ccfc6d4b" outcome="Passed" testListId="8c84fa94-04c1-424b-9868-57a2d4851a1d" relativeResultsDirectory="ed0336fa-fe7b-4138-a03d-f70a385783bc" />
    <UnitTestResult executionId="ed6bc8a3-f4d4-4d65-8ff0-b0272dd9317d" testId="1eae7457-42db-80e4-bc18-3813f5bf405d" testName="ResourceSelectionKeepsVisibleHighlightAndInspectorInSync" computerName="LAPTOP-F7PUVUPO" duration="00:00:00.0715820" startTime="2026-09-24T12:09:12.5903142+08:00" endTime="2026-09-24T12:09:12.6648295+08:00" testType="13cdc9d9-ddb5-4fa4-a97d-d965ccfc6d4b" outcome="Passed" testListId="8c84fa94-04c1-424b-9868-57a2d4851a1d" relativeResultsDirectory="ed6bc8a3-f4d4-4d65-8ff0-b0272dd9317d" />
    <UnitTestResult executionId="444bfd8e-783d-4f91-b052-cba714aeafa5" testId="10935aa8-d8f9-8134-87db-4fece00720e3" testName="PendingProjectGraphFocusSelectsCanonicalStoryNode" computerName="LAPTOP-F7PUVUPO" duration="00:00:00.1491610" startTime="2026-09-24T12:09:12.6649479+08:00" endTime="2026-09-24T12:09:12.8185886+08:00" testType="13cdc9d9-ddb5-4fa4-a97d-d965ccfc6d4b" outcome="Passed" testListId="8c84fa94-04c1-424b-9868-57a2d4851a1d" relativeResultsDirectory="444bfd8e-783d-4f91-b052-cba714aeafa5" />
    <UnitTestResult executionId="2ca38009-13bb-4b13-be1c-31d6a3e9b649" testId="18ad648a-db0f-8d48-87db-4f18f25b468b" testName="ResourceDragPreviewShowsGhostWithoutMutatingStoryAndCancelsCleanly" computerName="LAPTOP-F7PUVUPO" duration="00:00:00.0592737" startTime="2026-09-24T12:09:13.2188128+08:00" endTime="2026-09-24T12:09:13.2811700+08:00" testType="13cdc9d9-ddb5-4fa4-a97d-d965ccfc6d4b" outcome="Passed" testListId="8c84fa94-04c1-424b-9868-57a2d4851a1d" relativeResultsDirectory="2ca38009-13bb-4b13-be1c-31d6a3e9b649" />
    <UnitTestResult executionId="2709eb0b-9c54-412d-853d-779c2b0e5e20" testId="198363b9-36d7-89c6-8698-04b08cb567e2" testName="ReplacingWorkspaceDependencyPropertyRebindsCanonicalHost" computerName="LAPTOP-F7PUVUPO" duration="00:00:00.2052983" startTime="2026-09-24T12:09:12.3814398+08:00" endTime="2026-09-24T12:09:12.5902348+08:00" testType="13cdc9d9-ddb5-4fa4-a97d-d965ccfc6d4b" outcome="Passed" testListId="8c84fa94-04c1-424b-9868-57a2d4851a1d" relativeResultsDirectory="2709eb0b-9c54-412d-853d-779c2b0e5e20" />
    <UnitTestResult executionId="5ddab75d-26c4-4dca-863d-307134dfab59" testId="12f486ae-e82a-8a7a-81a6-93a8d7cbdce5" testName="ChoiceRenameAndReorderRefreshOnlySelectedNodeAndPreserveStableConnections" computerName="LAPTOP-F7PUVUPO" duration="00:00:00.3819274" startTime="2026-09-24T12:09:11.4451437+08:00" endTime="2026-09-24T12:09:11.8305872+08:00" testType="13cdc9d9-ddb5-4fa4-a97d-d965ccfc6d4b" outcome="Passed" testListId="8c84fa94-04c1-424b-9868-57a2d4851a1d" relativeResultsDirectory="5ddab75d-26c4-4dca-863d-307134dfab59" />
    <UnitTestResult executionId="6667c733-f5c1-4d50-9e7a-c79ac61c9620" testId="1e585da6-9f5b-880a-bc9d-dfce78c37588" testName="ResourceSelectionClearsVisualNodeSoSameNodeCanRestoreInspector" computerName="LAPTOP-F7PUVUPO" duration="00:00:00.1423525" startTime="2026-09-24T12:09:09.1429863+08:00" endTime="2026-09-24T12:09:09.2901191+08:00" testType="13cdc9d9-ddb5-4fa4-a97d-d965ccfc6d4b" outcome="Passed" testListId="8c84fa94-04c1-424b-9868-57a2d4851a1d" relativeResultsDirectory="6667c733-f5c1-4d50-9e7a-c79ac61c9620" />
    <UnitTestResult executionId="019e7d4a-36d6-4dd5-87d8-6ed21fe370fe" testId="140e0e4e-6900-826f-8a91-3f8f0bd81287" testName="ActorSelectionIsInspectorOnlyAndSessionActivationChangesGraphHost" computerName="LAPTOP-F7PUVUPO" duration="00:00:00.2167991" startTime="2026-09-24T12:09:08.3450460+08:00" endTime="2026-09-24T12:09:08.5655731+08:00" testType="13cdc9d9-ddb5-4fa4-a97d-d965ccfc6d4b" outcome="Passed" testListId="8c84fa94-04c1-424b-9868-57a2d4851a1d" relativeResultsDirectory="019e7d4a-36d6-4dd5-87d8-6ed21fe370fe" />
    <UnitTestResult executionId="5e089923-819b-4ede-bf7f-741731e3246a" testId="1ec046d4-c144-8ef1-882f-0bd7bfb54b3a" testName="AggregateNodeEditRequestOpensItsSessionGraph" computerName="LAPTOP-F7PUVUPO" duration="00:00:00.2354661" startTime="2026-09-24T12:09:13.3580046+08:00" endTime="2026-09-24T12:09:13.5967356+08:00" testType="13cdc9d9-ddb5-4fa4-a97d-d965ccfc6d4b" outcome="Passed" testListId="8c84fa94-04c1-424b-9868-57a2d4851a1d" relativeResultsDirectory="5e089923-819b-4ede-bf7f-741731e3246a" />
    <UnitTestResult executionId="d2bc94d2-b536-4bd7-b556-0a8f26059b6f" testId="102faf94-fe53-8fba-ae44-029eecd5b449" testName="DirectInlineObjectiveActorSelectionKeepsSelectedInspectorAndGraphInSync" computerName="LAPTOP-F7PUVUPO" duration="00:00:00.1696931" startTime="2026-09-24T12:09:14.1773709+08:00" endTime="2026-09-24T12:09:14.3497929+08:00" testType="13cdc9d9-ddb5-4fa4-a97d-d965ccfc6d4b" outcome="Passed" testListId="8c84fa94-04c1-424b-9868-57a2d4851a1d" relativeResultsDirectory="d2bc94d2-b536-4bd7-b556-0a8f26059b6f" />
    <UnitTestResult executionId="6292e439-90ec-4b53-b17a-76110b3df764" testId="18230eb1-893b-8768-aa73-1f57da9a3e69" testName="SessionLineInspectorPlacesActorSelectorAboveTextEditor" computerName="LAPTOP-F7PUVUPO" duration="00:00:00.1505010" startTime="2026-09-24T12:09:14.3498742+08:00" endTime="2026-09-24T12:09:14.5037175+08:00" testType="13cdc9d9-ddb5-4fa4-a97d-d965ccfc6d4b" outcome="Passed" testListId="8c84fa94-04c1-424b-9868-57a2d4851a1d" relativeResultsDirectory="6292e439-90ec-4b53-b17a-76110b3df764" />
    <UnitTestResult executionId="d1546f63-105d-4441-9a58-4fe275a1e3fb" testId="1ea39ec0-854b-8150-b3fc-c0fdc981f0b1" testName="ClipboardUsesWorkspacePropertyEvenWithShellDataContext" computerName="LAPTOP-F7PUVUPO" duration="00:00:00.6236539" startTime="2026-09-24T12:09:07.3802517+08:00" endTime="2026-09-24T12:09:08.0094282+08:00" testType="13cdc9d9-ddb5-4fa4-a97d-d965ccfc6d4b" outcome="Passed" testListId="8c84fa94-04c1-424b-9868-57a2d4851a1d" relativeResultsDirectory="d1546f63-105d-4441-9a58-4fe275a1e3fb" />
    <UnitTestResult executionId="b3c517f6-2dcf-4470-8638-f67c34571c68" testId="1c17570d-b82e-852d-8bb1-3e17377e47af" testName="GraphNodeSelectionRoutesNodeInspectorAndClearRestoresActiveResource" computerName="LAPTOP-F7PUVUPO" duration="00:00:00.2680981" startTime="2026-09-24T12:09:08.8714146+08:00" endTime="2026-09-24T12:09:09.1429211+08:00" testType="13cdc9d9-ddb5-4fa4-a97d-d965ccfc6d4b" outcome="Passed" testListId="8c84fa94-04c1-424b-9868-57a2d4851a1d" relativeResultsDirectory="b3c517f6-2dcf-4470-8638-f67c34571c68" />
    <UnitTestResult executionId="f40ab3d9-8203-442c-9691-f9cb302129eb" testId="1ef5c307-888f-8125-8a80-1c3614f0528f" testName="InstantFolderTemplateKeepsEveryFolderHeaderVisible" computerName="LAPTOP-F7PUVUPO" duration="00:00:00.1472289" startTime="2026-09-24T12:09:08.1932350+08:00" endTime="2026-09-24T12:09:08.3449870+08:00" testType="13cdc9d9-ddb5-4fa4-a97d-d965ccfc6d4b" outcome="Passed" testListId="8c84fa94-04c1-424b-9868-57a2d4851a1d" relativeResultsDirectory="f40ab3d9-8203-442c-9691-f9cb302129eb" />
    <UnitTestResult executionId="4a2761c4-8d75-4686-aa83-7d3871bcd8d6" testId="18486ffb-9a0e-8c96-9019-e657551908c9" testName="ShortcutProtectsCountAndNeverProtectsOriginalIdentity" computerName="LAPTOP-F7PUVUPO" duration="00:00:00.1863424" startTime="2026-09-24T12:09:06.6980240+08:00" endTime="2026-09-24T12:09:06.9025410+08:00" testType="13cdc9d9-ddb5-4fa4-a97d-d965ccfc6d4b" outcome="Passed" testListId="8c84fa94-04c1-424b-9868-57a2d4851a1d" relativeResultsDirectory="4a2761c4-8d75-4686-aa83-7d3871bcd8d6" />
    <UnitTestResult executionId="07e96e9a-ec2a-48d8-9eb8-bb44d035d305" testId="1fa68f9b-2ba6-8d96-b04b-abf298c908fa" testName="InsertAfterMiddlePreservesDraftAndUndoIdentity" computerName="LAPTOP-F7PUVUPO" duration="00:00:00.1815387" startTime="2026-09-24T12:09:06.6980502+08:00" endTime="2026-09-24T12:09:06.8969802+08:00" testType="13cdc9d9-ddb5-4fa4-a97d-d965ccfc6d4b" outcome="Passed" testListId="8c84fa94-04c1-424b-9868-57a2d4851a1d" relativeResultsDirectory="07e96e9a-ec2a-48d8-9eb8-bb44d035d305" />
    <UnitTestResult executionId="2ae58c1f-afa4-4653-80e9-83dc32a96a65" testId="13e45282-6559-8458-939a-206726ea40f8" testName="InlineEditorsCanRefreshResourceOptionsWithoutRebuildingGraphState" computerName="LAPTOP-F7PUVUPO" duration="00:00:00.2032586" startTime="2026-09-24T12:09:09.2901723+08:00" endTime="2026-09-24T12:09:09.4992671+08:00" testType="13cdc9d9-ddb5-4fa4-a97d-d965ccfc6d4b" outcome="Passed" testListId="8c84fa94-04c1-424b-9868-57a2d4851a1d" relativeResultsDirectory="2ae58c1f-afa4-4653-80e9-83dc32a96a65" />
    <UnitTestResult executionId="54eee162-5b97-47ef-ada9-c43684cddd99" testId="17e3ec67-11c6-830c-bd37-6258bf3c9f2b" testName="CtrlSFlushesActiveTextDraftAsOneCanonicalCommit" computerName="LAPTOP-F7PUVUPO" duration="00:00:00.1828079" startTime="2026-09-24T12:09:13.9915135+08:00" endTime="2026-09-24T12:09:14.1773238+08:00" testType="13cdc9d9-ddb5-4fa4-a97d-d965ccfc6d4b" outcome="Passed" testListId="8c84fa94-04c1-424b-9868-57a2d4851a1d" relativeResultsDirectory="54eee162-5b97-47ef-ada9-c43684cddd99" />
    <UnitTestResult executionId="553db809-5ebf-4de2-a0e9-0417415c9e25" testId="1a32ccbe-f451-8f49-aa8a-2c406a69ae53" testName="SharedStudioRuntimeVectorsAgree" computerName="LAPTOP-F7PUVUPO" duration="00:00:00.0150752" startTime="2026-09-24T12:09:06.6980352+08:00" endTime="2026-09-24T12:09:06.7334984+08:00" testType="13cdc9d9-ddb5-4fa4-a97d-d965ccfc6d4b" outcome="Passed" testListId="8c84fa94-04c1-424b-9868-57a2d4851a1d" relativeResultsDirectory="553db809-5ebf-4de2-a0e9-0417415c9e25" />
    <UnitTestResult executionId="ffc1e078-81a8-4729-8a5e-1c41a6228088" testId="1eac66b1-7f15-80e1-bc7c-bb330f392741" testName="InlineStartRemovalConfirmationIsInjectedAtViewBoundary" computerName="LAPTOP-F7PUVUPO" duration="00:00:00.2864805" startTime="2026-09-24T12:09:11.8306955+08:00" endTime="2026-09-24T12:09:12.1213629+08:00" testType="13cdc9d9-ddb5-4fa4-a97d-d965ccfc6d4b" outcome="Passed" testListId="8c84fa94-04c1-424b-9868-57a2d4851a1d" relativeResultsDirectory="ffc1e078-81a8-4729-8a5e-1c41a6228088" />
    <UnitTestResult executionId="380708f9-f07c-4427-aa74-b03aeb5568bd" testId="19c6c02c-20f0-8207-83c1-3b5463465a0a" testName="LoadedEditorCanDeleteAndUndoAtomicContent" computerName="LAPTOP-F7PUVUPO" duration="00:00:00.6591655" startTime="2026-09-24T12:09:06.6980424+08:00" endTime="2026-09-24T12:09:07.3796069+08:00" testType="13cdc9d9-ddb5-4fa4-a97d-d965ccfc6d4b" outcome="Passed" testListId="8c84fa94-04c1-424b-9868-57a2d4851a1d" relativeResultsDirectory="380708f9-f07c-4427-aa74-b03aeb5568bd" />
    <UnitTestResult executionId="56d282ed-0aa4-4580-bc6b-3cedabbba289" testId="1810b097-ff33-8f61-a63c-381924e27a1d" testName="ViewRoutesFolderAndItemActionsWithoutChangingGraphHost" computerName="LAPTOP-F7PUVUPO" duration="00:00:00.1304365" startTime="2026-09-24T12:09:12.8186452+08:00" endTime="2026-09-24T12:09:12.9521856+08:00" testType="13cdc9d9-ddb5-4fa4-a97d-d965ccfc6d4b" outcome="Passed" testListId="8c84fa94-04c1-424b-9868-57a2d4851a1d" relativeResultsDirectory="56d282ed-0aa4-4580-bc6b-3cedabbba289" />
  </Results>
  <TestDefinitions>
    <UnitTest name="ResourceGhostAndDropShareTopLeftAnchorAcrossZoomAndPan" storage="e:\java\minecraftmod\darkgreyrpg\studio\src\darkgreyrpg.studio.wpf.tests\bin\debug\net10.0-windows\darkgreyrpg.studio.wpf.tests.dll" id="12d99f20-f83f-8b19-a72c-e9693212eb18">
      <Execution id="af27e0c3-fd86-4138-b054-bc713679d8be" />
      <TestMethod codeBase="E:\Java\MinecraftMod\DarkGreyRPG\studio\src\DarkGreyRPG.Studio.Wpf.Tests\bin\Debug\net10.0-windows\DarkGreyRPG.Studio.Wpf.Tests.dll" adapterTypeName="executor://mstestadapter/v4" className="DarkGreyRPG.Studio.Wpf.Tests.CanonicalStoryWorkspaceViewTests" name="ResourceGhostAndDropShareTopLeftAnchorAcrossZoomAndPan" />
    </UnitTest>
    <UnitTest name="StorySessionAndTaskRestoreIndependentTransientViewports" storage="e:\java\minecraftmod\darkgreyrpg\studio\src\darkgreyrpg.studio.wpf.tests\bin\debug\net10.0-windows\darkgreyrpg.studio.wpf.tests.dll" id="104a0272-ede3-8e83-9736-5f3d31660112">
      <Execution id="ab64500a-139b-451c-ba6a-20a9e7ba69a8" />
      <TestMethod codeBase="E:\Java\MinecraftMod\DarkGreyRPG\studio\src\DarkGreyRPG.Studio.Wpf.Tests\bin\Debug\net10.0-windows\DarkGreyRPG.Studio.Wpf.Tests.dll" adapterTypeName="executor://mstestadapter/v4" className="DarkGreyRPG.Studio.Wpf.Tests.CanonicalStoryWorkspaceViewTests" name="StorySessionAndTaskRestoreIndependentTransientViewports" />
    </UnitTest>
    <UnitTest name="DirectInlineObjectiveActorSelectionKeepsSelectedInspectorAndGraphInSync" storage="e:\java\minecraftmod\darkgreyrpg\studio\src\darkgreyrpg.studio.wpf.tests\bin\debug\net10.0-windows\darkgreyrpg.studio.wpf.tests.dll" id="102faf94-fe53-8fba-ae44-029eecd5b449">
      <Execution id="d2bc94d2-b536-4bd7-b556-0a8f26059b6f" />
      <TestMethod codeBase="E:\Java\MinecraftMod\DarkGreyRPG\studio\src\DarkGreyRPG.Studio.Wpf.Tests\bin\Debug\net10.0-windows\DarkGreyRPG.Studio.Wpf.Tests.dll" adapterTypeName="executor://mstestadapter/v4" className="DarkGreyRPG.Studio.Wpf.Tests.CanonicalStoryWorkspaceViewTests" name="DirectInlineObjectiveActorSelectionKeepsSelectedInspectorAndGraphInSync" />
    </UnitTest>
    <UnitTest name="ResourceSelectionClearsVisualNodeSoSameNodeCanRestoreInspector" storage="e:\java\minecraftmod\darkgreyrpg\studio\src\darkgreyrpg.studio.wpf.tests\bin\debug\net10.0-windows\darkgreyrpg.studio.wpf.tests.dll" id="1e585da6-9f5b-880a-bc9d-dfce78c37588">
      <Execution id="6667c733-f5c1-4d50-9e7a-c79ac61c9620" />
      <TestMethod codeBase="E:\Java\MinecraftMod\DarkGreyRPG\studio\src\DarkGreyRPG.Studio.Wpf.Tests\bin\Debug\net10.0-windows\DarkGreyRPG.Studio.Wpf.Tests.dll" adapterTypeName="executor://mstestadapter/v4" className="DarkGreyRPG.Studio.Wpf.Tests.CanonicalStoryWorkspaceViewTests" name="ResourceSelectionClearsVisualNodeSoSameNodeCanRestoreInspector" />
    </UnitTest>
    <UnitTest name="SessionLineInspectorPlacesActorSelectorAboveTextEditor" storage="e:\java\minecraftmod\darkgreyrpg\studio\src\darkgreyrpg.studio.wpf.tests\bin\debug\net10.0-windows\darkgreyrpg.studio.wpf.tests.dll" id="18230eb1-893b-8768-aa73-1f57da9a3e69">
      <Execution id="6292e439-90ec-4b53-b17a-76110b3df764" />
      <TestMethod codeBase="E:\Java\MinecraftMod\DarkGreyRPG\studio\src\DarkGreyRPG.Studio.Wpf.Tests\bin\Debug\net10.0-windows\DarkGreyRPG.Studio.Wpf.Tests.dll" adapterTypeName="executor://mstestadapter/v4" className="DarkGreyRPG.Studio.Wpf.Tests.CanonicalStoryWorkspaceViewTests" name="SessionLineInspectorPlacesActorSelectorAboveTextEditor" />
    </UnitTest>
    <UnitTest name="ThreeColumnViewBindsStoryHomeGraphByDefault" storage="e:\java\minecraftmod\darkgreyrpg\studio\src\darkgreyrpg.studio.wpf.tests\bin\debug\net10.0-windows\darkgreyrpg.studio.wpf.tests.dll" id="100f43fe-88b0-84fc-b31a-62d71f97bf61">
      <Execution id="a35c0422-3bbb-4034-9e90-b929e5498fb4" />
      <TestMethod codeBase="E:\Java\MinecraftMod\DarkGreyRPG\studio\src\DarkGreyRPG.Studio.Wpf.Tests\bin\Debug\net10.0-windows\DarkGreyRPG.Studio.Wpf.Tests.dll" adapterTypeName="executor://mstestadapter/v4" className="DarkGreyRPG.Studio.Wpf.Tests.CanonicalStoryWorkspaceViewTests" name="ThreeColumnViewBindsStoryHomeGraphByDefault" />
    </UnitTest>
    <UnitTest name="InsertAfterMiddlePreservesDraftAndUndoIdentity" storage="e:\java\minecraftmod\darkgreyrpg\studio\src\darkgreyrpg.studio.wpf.tests\bin\debug\net10.0-windows\darkgreyrpg.studio.wpf.tests.dll" id="1fa68f9b-2ba6-8d96-b04b-abf298c908fa">
      <Execution id="07e96e9a-ec2a-48d8-9eb8-bb44d035d305" />
      <TestMethod codeBase="E:\Java\MinecraftMod\DarkGreyRPG\studio\src\DarkGreyRPG.Studio.Wpf.Tests\bin\Debug\net10.0-windows\DarkGreyRPG.Studio.Wpf.Tests.dll" adapterTypeName="executor://mstestadapter/v4" className="DarkGreyRPG.Studio.Wpf.Tests.ContinuousLine0334Tests" name="InsertAfterMiddlePreservesDraftAndUndoIdentity" />
    </UnitTest>
    <UnitTest name="SharedStudioRuntimeVectorsAgree" storage="e:\java\minecraftmod\darkgreyrpg\studio\src\darkgreyrpg.studio.wpf.tests\bin\debug\net10.0-windows\darkgreyrpg.studio.wpf.tests.dll" id="1a32ccbe-f451-8f49-aa8a-2c406a69ae53">
      <Execution id="553db809-5ebf-4de2-a0e9-0417415c9e25" />
      <TestMethod codeBase="E:\Java\MinecraftMod\DarkGreyRPG\studio\src\DarkGreyRPG.Studio.Wpf.Tests\bin\Debug\net10.0-windows\DarkGreyRPG.Studio.Wpf.Tests.dll" adapterTypeName="executor://mstestadapter/v4" className="DarkGreyRPG.Studio.Wpf.Tests.DynamicContent0334Tests" name="SharedStudioRuntimeVectorsAgree" />
    </UnitTest>
    <UnitTest name="ResolvedSessionAndTaskMembersPlaceBoundAggregatesAtGraphCoordinates" storage="e:\java\minecraftmod\darkgreyrpg\studio\src\darkgreyrpg.studio.wpf.tests\bin\debug\net10.0-windows\darkgreyrpg.studio.wpf.tests.dll" id="15bc1bd6-09bf-8a02-b6e5-0d6b7ff1f9ac">
      <Execution id="b89e7a96-49e2-47a0-95e0-9f1c908fea3e" />
      <TestMethod codeBase="E:\Java\MinecraftMod\DarkGreyRPG\studio\src\DarkGreyRPG.Studio.Wpf.Tests\bin\Debug\net10.0-windows\DarkGreyRPG.Studio.Wpf.Tests.dll" adapterTypeName="executor://mstestadapter/v4" className="DarkGreyRPG.Studio.Wpf.Tests.CanonicalStoryWorkspaceViewTests" name="ResolvedSessionAndTaskMembersPlaceBoundAggregatesAtGraphCoordinates" />
    </UnitTest>
    <UnitTest name="ShortcutProtectsCountAndNeverProtectsOriginalIdentity" storage="e:\java\minecraftmod\darkgreyrpg\studio\src\darkgreyrpg.studio.wpf.tests\bin\debug\net10.0-windows\darkgreyrpg.studio.wpf.tests.dll" id="18486ffb-9a0e-8c96-9019-e657551908c9">
      <Execution id="4a2761c4-8d75-4686-aa83-7d3871bcd8d6" />
      <TestMethod codeBase="E:\Java\MinecraftMod\DarkGreyRPG\studio\src\DarkGreyRPG.Studio.Wpf.Tests\bin\Debug\net10.0-windows\DarkGreyRPG.Studio.Wpf.Tests.dll" adapterTypeName="executor://mstestadapter/v4" className="DarkGreyRPG.Studio.Wpf.Tests.ContinuousLine0334Tests" name="ShortcutProtectsCountAndNeverProtectsOriginalIdentity" />
    </UnitTest>
    <UnitTest name="ViewRoutesFolderAndItemActionsWithoutChangingGraphHost" storage="e:\java\minecraftmod\darkgreyrpg\studio\src\darkgreyrpg.studio.wpf.tests\bin\debug\net10.0-windows\darkgreyrpg.studio.wpf.tests.dll" id="1810b097-ff33-8f61-a63c-381924e27a1d">
      <Execution id="56d282ed-0aa4-4580-bc6b-3cedabbba289" />
      <TestMethod codeBase="E:\Java\MinecraftMod\DarkGreyRPG\studio\src\DarkGreyRPG.Studio.Wpf.Tests\bin\Debug\net10.0-windows\DarkGreyRPG.Studio.Wpf.Tests.dll" adapterTypeName="executor://mstestadapter/v4" className="DarkGreyRPG.Studio.Wpf.Tests.CanonicalStoryWorkspaceViewTests" name="ViewRoutesFolderAndItemActionsWithoutChangingGraphHost" />
    </UnitTest>
    <UnitTest name="DirtyGraphAllowsVisualActivationAndKeepsOriginalDraft" storage="e:\java\minecraftmod\darkgreyrpg\studio\src\darkgreyrpg.studio.wpf.tests\bin\debug\net10.0-windows\darkgreyrpg.studio.wpf.tests.dll" id="10d6da73-a395-828e-933e-61081a39e62f">
      <Execution id="1e498d35-6934-4f62-b627-08715a71ad19" />
      <TestMethod codeBase="E:\Java\MinecraftMod\DarkGreyRPG\studio\src\DarkGreyRPG.Studio.Wpf.Tests\bin\Debug\net10.0-windows\DarkGreyRPG.Studio.Wpf.Tests.dll" adapterTypeName="executor://mstestadapter/v4" className="DarkGreyRPG.Studio.Wpf.Tests.CanonicalStoryWorkspaceViewTests" name="DirtyGraphAllowsVisualActivationAndKeepsOriginalDraft" />
    </UnitTest>
    <UnitTest name="ChoiceOptionRowsExposeOneFlowOutputPerStableOptionForAllSupportedSizes" storage="e:\java\minecraftmod\darkgreyrpg\studio\src\darkgreyrpg.studio.wpf.tests\bin\debug\net10.0-windows\darkgreyrpg.studio.wpf.tests.dll" id="1b90d771-51b3-89cc-b555-ab909280de63">
      <Execution id="2aca0c63-4a06-4440-b5f9-d526d93361d5" />
      <TestMethod codeBase="E:\Java\MinecraftMod\DarkGreyRPG\studio\src\DarkGreyRPG.Studio.Wpf.Tests\bin\Debug\net10.0-windows\DarkGreyRPG.Studio.Wpf.Tests.dll" adapterTypeName="executor://mstestadapter/v4" className="DarkGreyRPG.Studio.Wpf.Tests.CanonicalStoryWorkspaceViewTests" name="ChoiceOptionRowsExposeOneFlowOutputPerStableOptionForAllSupportedSizes" />
    </UnitTest>
    <UnitTest name="FitAllUsesRenderedChoiceHeightForTenStackedOptionGroups" storage="e:\java\minecraftmod\darkgreyrpg\studio\src\darkgreyrpg.studio.wpf.tests\bin\debug\net10.0-windows\darkgreyrpg.studio.wpf.tests.dll" id="185ceb56-cf12-8fef-9a95-bf79204cee8f">
      <Execution id="70012f1c-d64f-4b14-9228-cc084108c782" />
      <TestMethod codeBase="E:\Java\MinecraftMod\DarkGreyRPG\studio\src\DarkGreyRPG.Studio.Wpf.Tests\bin\Debug\net10.0-windows\DarkGreyRPG.Studio.Wpf.Tests.dll" adapterTypeName="executor://mstestadapter/v4" className="DarkGreyRPG.Studio.Wpf.Tests.CanonicalStoryWorkspaceViewTests" name="FitAllUsesRenderedChoiceHeightForTenStackedOptionGroups" />
    </UnitTest>
    <UnitTest name="ChoiceOptionRemovalConfirmationIsInjectedAtViewBoundary" storage="e:\java\minecraftmod\darkgreyrpg\studio\src\darkgreyrpg.studio.wpf.tests\bin\debug\net10.0-windows\darkgreyrpg.studio.wpf.tests.dll" id="14b9cf5a-8335-86ac-8a03-4eafb4690405">
      <Execution id="2efbb857-3884-42a7-bdac-8d6d41af1183" />
      <TestMethod codeBase="E:\Java\MinecraftMod\DarkGreyRPG\studio\src\DarkGreyRPG.Studio.Wpf.Tests\bin\Debug\net10.0-windows\DarkGreyRPG.Studio.Wpf.Tests.dll" adapterTypeName="executor://mstestadapter/v4" className="DarkGreyRPG.Studio.Wpf.Tests.CanonicalStoryWorkspaceViewTests" name="ChoiceOptionRemovalConfirmationIsInjectedAtViewBoundary" />
    </UnitTest>
    <UnitTest name="ReplacingWorkspaceDependencyPropertyRebindsCanonicalHost" storage="e:\java\minecraftmod\darkgreyrpg\studio\src\darkgreyrpg.studio.wpf.tests\bin\debug\net10.0-windows\darkgreyrpg.studio.wpf.tests.dll" id="198363b9-36d7-89c6-8698-04b08cb567e2">
      <Execution id="2709eb0b-9c54-412d-853d-779c2b0e5e20" />
      <TestMethod codeBase="E:\Java\MinecraftMod\DarkGreyRPG\studio\src\DarkGreyRPG.Studio.Wpf.Tests\bin\Debug\net10.0-windows\DarkGreyRPG.Studio.Wpf.Tests.dll" adapterTypeName="executor://mstestadapter/v4" className="DarkGreyRPG.Studio.Wpf.Tests.CanonicalStoryWorkspaceViewTests" name="ReplacingWorkspaceDependencyPropertyRebindsCanonicalHost" />
    </UnitTest>
    <UnitTest name="LoadedEditorCanDeleteAndUndoAtomicContent" storage="e:\java\minecraftmod\darkgreyrpg\studio\src\darkgreyrpg.studio.wpf.tests\bin\debug\net10.0-windows\darkgreyrpg.studio.wpf.tests.dll" id="19c6c02c-20f0-8207-83c1-3b5463465a0a">
      <Execution id="380708f9-f07c-4427-aa74-b03aeb5568bd" />
      <TestMethod codeBase="E:\Java\MinecraftMod\DarkGreyRPG\studio\src\DarkGreyRPG.Studio.Wpf.Tests\bin\Debug\net10.0-windows\DarkGreyRPG.Studio.Wpf.Tests.dll" adapterTypeName="executor://mstestadapter/v4" className="DarkGreyRPG.Studio.Wpf.Tests.DynamicContent0334Tests" name="LoadedEditorCanDeleteAndUndoAtomicContent" />
    </UnitTest>
    <UnitTest name="StoryStartRepeatableCheckboxesShareCanonicalProjection" storage="e:\java\minecraftmod\darkgreyrpg\studio\src\darkgreyrpg.studio.wpf.tests\bin\debug\net10.0-windows\darkgreyrpg.studio.wpf.tests.dll" id="11f62963-778f-8997-bfd7-9fef7e2bd1eb">
      <Execution id="a189c6e1-6501-4d16-9327-7de4ea5a4fcf" />
      <TestMethod codeBase="E:\Java\MinecraftMod\DarkGreyRPG\studio\src\DarkGreyRPG.Studio.Wpf.Tests\bin\Debug\net10.0-windows\DarkGreyRPG.Studio.Wpf.Tests.dll" adapterTypeName="executor://mstestadapter/v4" className="DarkGreyRPG.Studio.Wpf.Tests.CanonicalStoryWorkspaceViewTests" name="StoryStartRepeatableCheckboxesShareCanonicalProjection" />
    </UnitTest>
    <UnitTest name="TextDraftChangesTwentyTimesAndCommitsOneGraphRevision" storage="e:\java\minecraftmod\darkgreyrpg\studio\src\darkgreyrpg.studio.wpf.tests\bin\debug\net10.0-windows\darkgreyrpg.studio.wpf.tests.dll" id="149472a5-c579-8c4c-bfb3-fe30fdc2568e">
      <Execution id="22e6c031-2c17-41f6-9efa-eb07f3b6361f" />
      <TestMethod codeBase="E:\Java\MinecraftMod\DarkGreyRPG\studio\src\DarkGreyRPG.Studio.Wpf.Tests\bin\Debug\net10.0-windows\DarkGreyRPG.Studio.Wpf.Tests.dll" adapterTypeName="executor://mstestadapter/v4" className="DarkGreyRPG.Studio.Wpf.Tests.CanonicalStoryWorkspaceViewTests" name="TextDraftChangesTwentyTimesAndCommitsOneGraphRevision" />
    </UnitTest>
    <UnitTest name="ResourceDragPreviewShowsGhostWithoutMutatingStoryAndCancelsCleanly" storage="e:\java\minecraftmod\darkgreyrpg\studio\src\darkgreyrpg.studio.wpf.tests\bin\debug\net10.0-windows\darkgreyrpg.studio.wpf.tests.dll" id="18ad648a-db0f-8d48-87db-4f18f25b468b">
      <Execution id="2ca38009-13bb-4b13-be1c-31d6a3e9b649" />
      <TestMethod codeBase="E:\Java\MinecraftMod\DarkGreyRPG\studio\src\DarkGreyRPG.Studio.Wpf.Tests\bin\Debug\net10.0-windows\DarkGreyRPG.Studio.Wpf.Tests.dll" adapterTypeName="executor://mstestadapter/v4" className="DarkGreyRPG.Studio.Wpf.Tests.CanonicalStoryWorkspaceViewTests" name="ResourceDragPreviewShowsGhostWithoutMutatingStoryAndCancelsCleanly" />
    </UnitTest>
    <UnitTest name="ActionTitlesDropdownsAndFieldLabelsUseOneAuthorVocabulary" storage="e:\java\minecraftmod\darkgreyrpg\studio\src\darkgreyrpg.studio.wpf.tests\bin\debug\net10.0-windows\darkgreyrpg.studio.wpf.tests.dll" id="1690c935-2514-8a9c-bd1a-820db5f7b5a8">
      <Execution id="99fcf41e-e48d-45d0-9a29-fb654eccd646" />
      <TestMethod codeBase="E:\Java\MinecraftMod\DarkGreyRPG\studio\src\DarkGreyRPG.Studio.Wpf.Tests\bin\Debug\net10.0-windows\DarkGreyRPG.Studio.Wpf.Tests.dll" adapterTypeName="executor://mstestadapter/v4" className="DarkGreyRPG.Studio.Wpf.Tests.CanonicalStoryWorkspaceViewTests" name="ActionTitlesDropdownsAndFieldLabelsUseOneAuthorVocabulary" />
    </UnitTest>
    <UnitTest name="InlineEditorsCanRefreshResourceOptionsWithoutRebuildingGraphState" storage="e:\java\minecraftmod\darkgreyrpg\studio\src\darkgreyrpg.studio.wpf.tests\bin\debug\net10.0-windows\darkgreyrpg.studio.wpf.tests.dll" id="13e45282-6559-8458-939a-206726ea40f8">
      <Execution id="2ae58c1f-afa4-4653-80e9-83dc32a96a65" />
      <TestMethod codeBase="E:\Java\MinecraftMod\DarkGreyRPG\studio\src\DarkGreyRPG.Studio.Wpf.Tests\bin\Debug\net10.0-windows\DarkGreyRPG.Studio.Wpf.Tests.dll" adapterTypeName="executor://mstestadapter/v4" className="DarkGreyRPG.Studio.Wpf.Tests.CanonicalStoryWorkspaceViewTests" name="InlineEditorsCanRefreshResourceOptionsWithoutRebuildingGraphState" />
    </UnitTest>
    <UnitTest name="InlineStartRemovalConfirmationIsInjectedAtViewBoundary" storage="e:\java\minecraftmod\darkgreyrpg\studio\src\darkgreyrpg.studio.wpf.tests\bin\debug\net10.0-windows\darkgreyrpg.studio.wpf.tests.dll" id="1eac66b1-7f15-80e1-bc7c-bb330f392741">
      <Execution id="ffc1e078-81a8-4729-8a5e-1c41a6228088" />
      <TestMethod codeBase="E:\Java\MinecraftMod\DarkGreyRPG\studio\src\DarkGreyRPG.Studio.Wpf.Tests\bin\Debug\net10.0-windows\DarkGreyRPG.Studio.Wpf.Tests.dll" adapterTypeName="executor://mstestadapter/v4" className="DarkGreyRPG.Studio.Wpf.Tests.CanonicalStoryWorkspaceViewTests" name="InlineStartRemovalConfirmationIsInjectedAtViewBoundary" />
    </UnitTest>
    <UnitTest name="OldTokenLookingTextRemainsLiteralAndNewPartsRoundTrip" storage="e:\java\minecraftmod\darkgreyrpg\studio\src\darkgreyrpg.studio.wpf.tests\bin\debug\net10.0-windows\darkgreyrpg.studio.wpf.tests.dll" id="11f479d6-fdf9-86fa-ab65-b6b4fb539d2a">
      <Execution id="e2b96d56-e4a8-4359-9c73-e5ee32f78f70" />
      <TestMethod codeBase="E:\Java\MinecraftMod\DarkGreyRPG\studio\src\DarkGreyRPG.Studio.Wpf.Tests\bin\Debug\net10.0-windows\DarkGreyRPG.Studio.Wpf.Tests.dll" adapterTypeName="executor://mstestadapter/v4" className="DarkGreyRPG.Studio.Wpf.Tests.DynamicContent0334Tests" name="OldTokenLookingTextRemainsLiteralAndNewPartsRoundTrip" />
    </UnitTest>
    <UnitTest name="RichEditorPreservesAtomicDataWithoutTrailingParagraphText" storage="e:\java\minecraftmod\darkgreyrpg\studio\src\darkgreyrpg.studio.wpf.tests\bin\debug\net10.0-windows\darkgreyrpg.studio.wpf.tests.dll" id="18f093be-b9b8-8a32-b121-414ddd6da556">
      <Execution id="f5d8ebc2-fc28-4da9-b474-7364ff8ee5d9" />
      <TestMethod codeBase="E:\Java\MinecraftMod\DarkGreyRPG\studio\src\DarkGreyRPG.Studio.Wpf.Tests\bin\Debug\net10.0-windows\DarkGreyRPG.Studio.Wpf.Tests.dll" adapterTypeName="executor://mstestadapter/v4" className="DarkGreyRPG.Studio.Wpf.Tests.DynamicContent0334Tests" name="RichEditorPreservesAtomicDataWithoutTrailingParagraphText" />
    </UnitTest>
    <UnitTest name="PendingProjectGraphFocusSelectsCanonicalStoryNode" storage="e:\java\minecraftmod\darkgreyrpg\studio\src\darkgreyrpg.studio.wpf.tests\bin\debug\net10.0-windows\darkgreyrpg.studio.wpf.tests.dll" id="10935aa8-d8f9-8134-87db-4fece00720e3">
      <Execution id="444bfd8e-783d-4f91-b052-cba714aeafa5" />
      <TestMethod codeBase="E:\Java\MinecraftMod\DarkGreyRPG\studio\src\DarkGreyRPG.Studio.Wpf.Tests\bin\Debug\net10.0-windows\DarkGreyRPG.Studio.Wpf.Tests.dll" adapterTypeName="executor://mstestadapter/v4" className="DarkGreyRPG.Studio.Wpf.Tests.CanonicalStoryWorkspaceViewTests" name="PendingProjectGraphFocusSelectsCanonicalStoryNode" />
    </UnitTest>
    <UnitTest name="ObjectivePrerequisiteHelperAppearsOnlyWhenEnabled" storage="e:\java\minecraftmod\darkgreyrpg\studio\src\darkgreyrpg.studio.wpf.tests\bin\debug\net10.0-windows\darkgreyrpg.studio.wpf.tests.dll" id="11553dc9-384f-84bc-8da6-b0ada3589a15">
      <Execution id="ed0336fa-fe7b-4138-a03d-f70a385783bc" />
      <TestMethod codeBase="E:\Java\MinecraftMod\DarkGreyRPG\studio\src\DarkGreyRPG.Studio.Wpf.Tests\bin\Debug\net10.0-windows\DarkGreyRPG.Studio.Wpf.Tests.dll" adapterTypeName="executor://mstestadapter/v4" className="DarkGreyRPG.Studio.Wpf.Tests.CanonicalStoryWorkspaceViewTests" name="ObjectivePrerequisiteHelperAppearsOnlyWhenEnabled" />
    </UnitTest>
    <UnitTest name="CtrlSFlushesActiveTextDraftAsOneCanonicalCommit" storage="e:\java\minecraftmod\darkgreyrpg\studio\src\darkgreyrpg.studio.wpf.tests\bin\debug\net10.0-windows\darkgreyrpg.studio.wpf.tests.dll" id="17e3ec67-11c6-830c-bd37-6258bf3c9f2b">
      <Execution id="54eee162-5b97-47ef-ada9-c43684cddd99" />
      <TestMethod codeBase="E:\Java\MinecraftMod\DarkGreyRPG\studio\src\DarkGreyRPG.Studio.Wpf.Tests\bin\Debug\net10.0-windows\DarkGreyRPG.Studio.Wpf.Tests.dll" adapterTypeName="executor://mstestadapter/v4" className="DarkGreyRPG.Studio.Wpf.Tests.CanonicalStoryWorkspaceViewTests" name="CtrlSFlushesActiveTextDraftAsOneCanonicalCommit" />
    </UnitTest>
    <UnitTest name="ResourceSelectionKeepsVisibleHighlightAndInspectorInSync" storage="e:\java\minecraftmod\darkgreyrpg\studio\src\darkgreyrpg.studio.wpf.tests\bin\debug\net10.0-windows\darkgreyrpg.studio.wpf.tests.dll" id="1eae7457-42db-80e4-bc18-3813f5bf405d">
      <Execution id="ed6bc8a3-f4d4-4d65-8ff0-b0272dd9317d" />
      <TestMethod codeBase="E:\Java\MinecraftMod\DarkGreyRPG\studio\src\DarkGreyRPG.Studio.Wpf.Tests\bin\Debug\net10.0-windows\DarkGreyRPG.Studio.Wpf.Tests.dll" adapterTypeName="executor://mstestadapter/v4" className="DarkGreyRPG.Studio.Wpf.Tests.CanonicalStoryWorkspaceViewTests" name="ResourceSelectionKeepsVisibleHighlightAndInspectorInSync" />
    </UnitTest>
    <UnitTest name="ChoiceRenameAndReorderRefreshOnlySelectedNodeAndPreserveStableConnections" storage="e:\java\minecraftmod\darkgreyrpg\studio\src\darkgreyrpg.studio.wpf.tests\bin\debug\net10.0-windows\darkgreyrpg.studio.wpf.tests.dll" id="12f486ae-e82a-8a7a-81a6-93a8d7cbdce5">
      <Execution id="5ddab75d-26c4-4dca-863d-307134dfab59" />
      <TestMethod codeBase="E:\Java\MinecraftMod\DarkGreyRPG\studio\src\DarkGreyRPG.Studio.Wpf.Tests\bin\Debug\net10.0-windows\DarkGreyRPG.Studio.Wpf.Tests.dll" adapterTypeName="executor://mstestadapter/v4" className="DarkGreyRPG.Studio.Wpf.Tests.CanonicalStoryWorkspaceViewTests" name="ChoiceRenameAndReorderRefreshOnlySelectedNodeAndPreserveStableConnections" />
    </UnitTest>
    <UnitTest name="AggregateNodeEditRequestOpensItsSessionGraph" storage="e:\java\minecraftmod\darkgreyrpg\studio\src\darkgreyrpg.studio.wpf.tests\bin\debug\net10.0-windows\darkgreyrpg.studio.wpf.tests.dll" id="1ec046d4-c144-8ef1-882f-0bd7bfb54b3a">
      <Execution id="5e089923-819b-4ede-bf7f-741731e3246a" />
      <TestMethod codeBase="E:\Java\MinecraftMod\DarkGreyRPG\studio\src\DarkGreyRPG.Studio.Wpf.Tests\bin\Debug\net10.0-windows\DarkGreyRPG.Studio.Wpf.Tests.dll" adapterTypeName="executor://mstestadapter/v4" className="DarkGreyRPG.Studio.Wpf.Tests.CanonicalStoryWorkspaceViewTests" name="AggregateNodeEditRequestOpensItsSessionGraph" />
    </UnitTest>
    <UnitTest name="GraphNodeSelectionRoutesNodeInspectorAndClearRestoresActiveResource" storage="e:\java\minecraftmod\darkgreyrpg\studio\src\darkgreyrpg.studio.wpf.tests\bin\debug\net10.0-windows\darkgreyrpg.studio.wpf.tests.dll" id="1c17570d-b82e-852d-8bb1-3e17377e47af">
      <Execution id="b3c517f6-2dcf-4470-8638-f67c34571c68" />
      <TestMethod codeBase="E:\Java\MinecraftMod\DarkGreyRPG\studio\src\DarkGreyRPG.Studio.Wpf.Tests\bin\Debug\net10.0-windows\DarkGreyRPG.Studio.Wpf.Tests.dll" adapterTypeName="executor://mstestadapter/v4" className="DarkGreyRPG.Studio.Wpf.Tests.CanonicalStoryWorkspaceViewTests" name="GraphNodeSelectionRoutesNodeInspectorAndClearRestoresActiveResource" />
    </UnitTest>
    <UnitTest name="ClipboardUsesWorkspacePropertyEvenWithShellDataContext" storage="e:\java\minecraftmod\darkgreyrpg\studio\src\darkgreyrpg.studio.wpf.tests\bin\debug\net10.0-windows\darkgreyrpg.studio.wpf.tests.dll" id="1ea39ec0-854b-8150-b3fc-c0fdc981f0b1">
      <Execution id="d1546f63-105d-4441-9a58-4fe275a1e3fb" />
      <TestMethod codeBase="E:\Java\MinecraftMod\DarkGreyRPG\studio\src\DarkGreyRPG.Studio.Wpf.Tests\bin\Debug\net10.0-windows\DarkGreyRPG.Studio.Wpf.Tests.dll" adapterTypeName="executor://mstestadapter/v4" className="DarkGreyRPG.Studio.Wpf.Tests.CanonicalStoryWorkspaceViewTests" name="ClipboardUsesWorkspacePropertyEvenWithShellDataContext" />
    </UnitTest>
    <UnitTest name="InstantFolderTemplateKeepsEveryFolderHeaderVisible" storage="e:\java\minecraftmod\darkgreyrpg\studio\src\darkgreyrpg.studio.wpf.tests\bin\debug\net10.0-windows\darkgreyrpg.studio.wpf.tests.dll" id="1ef5c307-888f-8125-8a80-1c3614f0528f">
      <Execution id="f40ab3d9-8203-442c-9691-f9cb302129eb" />
      <TestMethod codeBase="E:\Java\MinecraftMod\DarkGreyRPG\studio\src\DarkGreyRPG.Studio.Wpf.Tests\bin\Debug\net10.0-windows\DarkGreyRPG.Studio.Wpf.Tests.dll" adapterTypeName="executor://mstestadapter/v4" className="DarkGreyRPG.Studio.Wpf.Tests.CanonicalStoryWorkspaceViewTests" name="InstantFolderTemplateKeepsEveryFolderHeaderVisible" />
    </UnitTest>
    <UnitTest name="ActorForeignLocalGraphAndInvalidPositionDropsFailWithoutStoryMutation" storage="e:\java\minecraftmod\darkgreyrpg\studio\src\darkgreyrpg.studio.wpf.tests\bin\debug\net10.0-windows\darkgreyrpg.studio.wpf.tests.dll" id="17a4ee42-dad7-8596-84a3-4e69ddb3271c">
      <Execution id="6bb862ce-2f33-4ae1-aad6-2ed72173a4ff" />
      <TestMethod codeBase="E:\Java\MinecraftMod\DarkGreyRPG\studio\src\DarkGreyRPG.Studio.Wpf.Tests\bin\Debug\net10.0-windows\DarkGreyRPG.Studio.Wpf.Tests.dll" adapterTypeName="executor://mstestadapter/v4" className="DarkGreyRPG.Studio.Wpf.Tests.CanonicalStoryWorkspaceViewTests" name="ActorForeignLocalGraphAndInvalidPositionDropsFailWithoutStoryMutation" />
    </UnitTest>
    <UnitTest name="ActorSelectionIsInspectorOnlyAndSessionActivationChangesGraphHost" storage="e:\java\minecraftmod\darkgreyrpg\studio\src\darkgreyrpg.studio.wpf.tests\bin\debug\net10.0-windows\darkgreyrpg.studio.wpf.tests.dll" id="140e0e4e-6900-826f-8a91-3f8f0bd81287">
      <Execution id="019e7d4a-36d6-4dd5-87d8-6ed21fe370fe" />
      <TestMethod codeBase="E:\Java\MinecraftMod\DarkGreyRPG\studio\src\DarkGreyRPG.Studio.Wpf.Tests\bin\Debug\net10.0-windows\DarkGreyRPG.Studio.Wpf.Tests.dll" adapterTypeName="executor://mstestadapter/v4" className="DarkGreyRPG.Studio.Wpf.Tests.CanonicalStoryWorkspaceViewTests" name="ActorSelectionIsInspectorOnlyAndSessionActivationChangesGraphHost" />
    </UnitTest>
  </TestDefinitions>
  <TestEntries>
    <TestEntry testId="10d6da73-a395-828e-933e-61081a39e62f" executionId="1e498d35-6934-4f62-b627-08715a71ad19" testListId="8c84fa94-04c1-424b-9868-57a2d4851a1d" />
    <TestEntry testId="185ceb56-cf12-8fef-9a95-bf79204cee8f" executionId="70012f1c-d64f-4b14-9228-cc084108c782" testListId="8c84fa94-04c1-424b-9868-57a2d4851a1d" />
    <TestEntry testId="15bc1bd6-09bf-8a02-b6e5-0d6b7ff1f9ac" executionId="b89e7a96-49e2-47a0-95e0-9f1c908fea3e" testListId="8c84fa94-04c1-424b-9868-57a2d4851a1d" />
    <TestEntry testId="100f43fe-88b0-84fc-b31a-62d71f97bf61" executionId="a35c0422-3bbb-4034-9e90-b929e5498fb4" testListId="8c84fa94-04c1-424b-9868-57a2d4851a1d" />
    <TestEntry testId="1b90d771-51b3-89cc-b555-ab909280de63" executionId="2aca0c63-4a06-4440-b5f9-d526d93361d5" testListId="8c84fa94-04c1-424b-9868-57a2d4851a1d" />
    <TestEntry testId="149472a5-c579-8c4c-bfb3-fe30fdc2568e" executionId="22e6c031-2c17-41f6-9efa-eb07f3b6361f" testListId="8c84fa94-04c1-424b-9868-57a2d4851a1d" />
    <TestEntry testId="18f093be-b9b8-8a32-b121-414ddd6da556" executionId="f5d8ebc2-fc28-4da9-b474-7364ff8ee5d9" testListId="8c84fa94-04c1-424b-9868-57a2d4851a1d" />
    <TestEntry testId="11f62963-778f-8997-bfd7-9fef7e2bd1eb" executionId="a189c6e1-6501-4d16-9327-7de4ea5a4fcf" testListId="8c84fa94-04c1-424b-9868-57a2d4851a1d" />
    <TestEntry testId="17a4ee42-dad7-8596-84a3-4e69ddb3271c" executionId="6bb862ce-2f33-4ae1-aad6-2ed72173a4ff" testListId="8c84fa94-04c1-424b-9868-57a2d4851a1d" />
    <TestEntry testId="104a0272-ede3-8e83-9736-5f3d31660112" executionId="ab64500a-139b-451c-ba6a-20a9e7ba69a8" testListId="8c84fa94-04c1-424b-9868-57a2d4851a1d" />
    <TestEntry testId="1690c935-2514-8a9c-bd1a-820db5f7b5a8" executionId="99fcf41e-e48d-45d0-9a29-fb654eccd646" testListId="8c84fa94-04c1-424b-9868-57a2d4851a1d" />
    <TestEntry testId="11f479d6-fdf9-86fa-ab65-b6b4fb539d2a" executionId="e2b96d56-e4a8-4359-9c73-e5ee32f78f70" testListId="8c84fa94-04c1-424b-9868-57a2d4851a1d" />
    <TestEntry testId="12d99f20-f83f-8b19-a72c-e9693212eb18" executionId="af27e0c3-fd86-4138-b054-bc713679d8be" testListId="8c84fa94-04c1-424b-9868-57a2d4851a1d" />
    <TestEntry testId="14b9cf5a-8335-86ac-8a03-4eafb4690405" executionId="2efbb857-3884-42a7-bdac-8d6d41af1183" testListId="8c84fa94-04c1-424b-9868-57a2d4851a1d" />
    <TestEntry testId="11553dc9-384f-84bc-8da6-b0ada3589a15" executionId="ed0336fa-fe7b-4138-a03d-f70a385783bc" testListId="8c84fa94-04c1-424b-9868-57a2d4851a1d" />
    <TestEntry testId="1eae7457-42db-80e4-bc18-3813f5bf405d" executionId="ed6bc8a3-f4d4-4d65-8ff0-b0272dd9317d" testListId="8c84fa94-04c1-424b-9868-57a2d4851a1d" />
    <TestEntry testId="10935aa8-d8f9-8134-87db-4fece00720e3" executionId="444bfd8e-783d-4f91-b052-cba714aeafa5" testListId="8c84fa94-04c1-424b-9868-57a2d4851a1d" />
    <TestEntry testId="18ad648a-db0f-8d48-87db-4f18f25b468b" executionId="2ca38009-13bb-4b13-be1c-31d6a3e9b649" testListId="8c84fa94-04c1-424b-9868-57a2d4851a1d" />
    <TestEntry testId="198363b9-36d7-89c6-8698-04b08cb567e2" executionId="2709eb0b-9c54-412d-853d-779c2b0e5e20" testListId="8c84fa94-04c1-424b-9868-57a2d4851a1d" />
    <TestEntry testId="12f486ae-e82a-8a7a-81a6-93a8d7cbdce5" executionId="5ddab75d-26c4-4dca-863d-307134dfab59" testListId="8c84fa94-04c1-424b-9868-57a2d4851a1d" />
    <TestEntry testId="1e585da6-9f5b-880a-bc9d-dfce78c37588" executionId="6667c733-f5c1-4d50-9e7a-c79ac61c9620" testListId="8c84fa94-04c1-424b-9868-57a2d4851a1d" />
    <TestEntry testId="140e0e4e-6900-826f-8a91-3f8f0bd81287" executionId="019e7d4a-36d6-4dd5-87d8-6ed21fe370fe" testListId="8c84fa94-04c1-424b-9868-57a2d4851a1d" />
    <TestEntry testId="1ec046d4-c144-8ef1-882f-0bd7bfb54b3a" executionId="5e089923-819b-4ede-bf7f-741731e3246a" testListId="8c84fa94-04c1-424b-9868-57a2d4851a1d" />
    <TestEntry testId="102faf94-fe53-8fba-ae44-029eecd5b449" executionId="d2bc94d2-b536-4bd7-b556-0a8f26059b6f" testListId="8c84fa94-04c1-424b-9868-57a2d4851a1d" />
    <TestEntry testId="18230eb1-893b-8768-aa73-1f57da9a3e69" executionId="6292e439-90ec-4b53-b17a-76110b3df764" testListId="8c84fa94-04c1-424b-9868-57a2d4851a1d" />
    <TestEntry testId="1ea39ec0-854b-8150-b3fc-c0fdc981f0b1" executionId="d1546f63-105d-4441-9a58-4fe275a1e3fb" testListId="8c84fa94-04c1-424b-9868-57a2d4851a1d" />
    <TestEntry testId="1c17570d-b82e-852d-8bb1-3e17377e47af" executionId="b3c517f6-2dcf-4470-8638-f67c34571c68" testListId="8c84fa94-04c1-424b-9868-57a2d4851a1d" />
    <TestEntry testId="1ef5c307-888f-8125-8a80-1c3614f0528f" executionId="f40ab3d9-8203-442c-9691-f9cb302129eb" testListId="8c84fa94-04c1-424b-9868-57a2d4851a1d" />
    <TestEntry testId="18486ffb-9a0e-8c96-9019-e657551908c9" executionId="4a2761c4-8d75-4686-aa83-7d3871bcd8d6" testListId="8c84fa94-04c1-424b-9868-57a2d4851a1d" />
    <TestEntry testId="1fa68f9b-2ba6-8d96-b04b-abf298c908fa" executionId="07e96e9a-ec2a-48d8-9eb8-bb44d035d305" testListId="8c84fa94-04c1-424b-9868-57a2d4851a1d" />
    <TestEntry testId="13e45282-6559-8458-939a-206726ea40f8" executionId="2ae58c1f-afa4-4653-80e9-83dc32a96a65" testListId="8c84fa94-04c1-424b-9868-57a2d4851a1d" />
    <TestEntry testId="17e3ec67-11c6-830c-bd37-6258bf3c9f2b" executionId="54eee162-5b97-47ef-ada9-c43684cddd99" testListId="8c84fa94-04c1-424b-9868-57a2d4851a1d" />
    <TestEntry testId="1a32ccbe-f451-8f49-aa8a-2c406a69ae53" executionId="553db809-5ebf-4de2-a0e9-0417415c9e25" testListId="8c84fa94-04c1-424b-9868-57a2d4851a1d" />
    <TestEntry testId="1eac66b1-7f15-80e1-bc7c-bb330f392741" executionId="ffc1e078-81a8-4729-8a5e-1c41a6228088" testListId="8c84fa94-04c1-424b-9868-57a2d4851a1d" />
    <TestEntry testId="19c6c02c-20f0-8207-83c1-3b5463465a0a" executionId="380708f9-f07c-4427-aa74-b03aeb5568bd" testListId="8c84fa94-04c1-424b-9868-57a2d4851a1d" />
    <TestEntry testId="1810b097-ff33-8f61-a63c-381924e27a1d" executionId="56d282ed-0aa4-4580-bc6b-3cedabbba289" testListId="8c84fa94-04c1-424b-9868-57a2d4851a1d" />
  </TestEntries>
  <TestLists>
    <TestList name="列表中未列出的结果" id="8c84fa94-04c1-424b-9868-57a2d4851a1d" />
    <TestList name="所有已加载的结果" id="19431567-8539-422a-85d7-44ee4e166bda" />
  </TestLists>
  <ResultSummary outcome="Completed">
    <Counters total="36" executed="36" passed="36" failed="0" error="0" timeout="0" aborted="0" inconclusive="0" passedButRunAborted="0" notRunnable="0" notExecuted="0" disconnected="0" warning="0" completed="0" inProgress="0" pending="0" />
    <Output>
      <StdOut>已为 E:\Java\MinecraftMod\DarkGreyRPG\studio\src\DarkGreyRPG.Studio.Wpf.Tests\bin\Debug\net10.0-windows\DarkGreyRPG.Studio.Wpf.Tests.dll 启用测试并行化(Workers: 12，Scope: MethodLevel)&#xD;
</StdOut>
    </Output>
  </ResultSummary>
</TestRun>