<?xml version="1.0" encoding="utf-8"?>
<TestRun id="796e154f-0bf3-4689-b1f2-33753479c000" name="GreyHat@LAPTOP-F7PUVUPO 2026-09-24 10:33:03" runUser="LAPTOP-F7PUVUPO\GreyHat" xmlns="http://microsoft.com/schemas/VisualStudio/TeamTest/2010">
  <Times creation="2026-09-24T10:33:03.1480450+08:00" queuing="2026-09-24T10:33:03.1480453+08:00" start="2026-09-24T10:33:01.0272269+08:00" finish="2026-09-24T10:33:12.0881853+08:00" />
  <TestSettings name="default" id="230a54e4-f761-43bf-ab35-d1b7cdc23cf7">
    <Deployment runDeploymentRoot="GreyHat_LAPTOP-F7PUVUPO_2026-09-24_10_33_03" />
  </TestSettings>
  <Results>
    <UnitTestResult executionId="94531463-0245-471d-82c3-9dc4f4dce523" testId="1fa68f9b-2ba6-8d96-b04b-abf298c908fa" testName="InsertAfterMiddlePreservesDraftAndUndoIdentity" computerName="LAPTOP-F7PUVUPO" duration="00:00:00.2312705" startTime="2026-09-24T10:33:01.7863937+08:00" endTime="2026-09-24T10:33:02.0488435+08:00" testType="13cdc9d9-ddb5-4fa4-a97d-d965ccfc6d4b" outcome="Passed" testListId="8c84fa94-04c1-424b-9868-57a2d4851a1d" relativeResultsDirectory="94531463-0245-471d-82c3-9dc4f4dce523" />
    <UnitTestResult executionId="ae61224e-db6b-4eb0-afcf-c4b6de09afdd" testId="1ef48c15-6d8b-8251-ac76-a2f9e68026a7" testName="RepeatDraftAndUndoShareCanonicalRuleAcrossBothEditors" computerName="LAPTOP-F7PUVUPO" duration="00:00:00.2320717" startTime="2026-09-24T10:33:01.7864073+08:00" endTime="2026-09-24T10:33:02.0488436+08:00" testType="13cdc9d9-ddb5-4fa4-a97d-d965ccfc6d4b" outcome="Passed" testListId="8c84fa94-04c1-424b-9868-57a2d4851a1d" relativeResultsDirectory="ae61224e-db6b-4eb0-afcf-c4b6de09afdd" />
    <UnitTestResult executionId="9a6787ed-3574-4f42-a16a-e7ff73366ddc" testId="11f62963-778f-8997-bfd7-9fef7e2bd1eb" testName="StoryStartRepeatableCheckboxesShareCanonicalProjection" computerName="LAPTOP-F7PUVUPO" duration="00:00:00.4665594" startTime="2026-09-24T10:33:05.4334874+08:00" endTime="2026-09-24T10:33:05.9066139+08:00" testType="13cdc9d9-ddb5-4fa4-a97d-d965ccfc6d4b" outcome="Passed" testListId="8c84fa94-04c1-424b-9868-57a2d4851a1d" relativeResultsDirectory="9a6787ed-3574-4f42-a16a-e7ff73366ddc" />
    <UnitTestResult executionId="c4b8940b-0d4c-469e-afe6-2c47f35736d3" testId="10935aa8-d8f9-8134-87db-4fece00720e3" testName="PendingProjectGraphFocusSelectsCanonicalStoryNode" computerName="LAPTOP-F7PUVUPO" duration="00:00:00.1437021" startTime="2026-09-24T10:33:09.3523035+08:00" endTime="2026-09-24T10:33:09.4996350+08:00" testType="13cdc9d9-ddb5-4fa4-a97d-d965ccfc6d4b" outcome="Passed" testListId="8c84fa94-04c1-424b-9868-57a2d4851a1d" relativeResultsDirectory="c4b8940b-0d4c-469e-afe6-2c47f35736d3" />
    <UnitTestResult executionId="69851b0c-b4c0-4a1c-9d6c-1ac5477d6b7d" testId="1c17570d-b82e-852d-8bb1-3e17377e47af" testName="GraphNodeSelectionRoutesNodeInspectorAndClearRestoresActiveResource" computerName="LAPTOP-F7PUVUPO" duration="00:00:00.3034579" startTime="2026-09-24T10:33:04.6966819+08:00" endTime="2026-09-24T10:33:05.0031940+08:00" testType="13cdc9d9-ddb5-4fa4-a97d-d965ccfc6d4b" outcome="Passed" testListId="8c84fa94-04c1-424b-9868-57a2d4851a1d" relativeResultsDirectory="69851b0c-b4c0-4a1c-9d6c-1ac5477d6b7d" />
    <UnitTestResult executionId="a1f79155-56df-40f8-a42e-07aec536e413" testId="18230eb1-893b-8768-aa73-1f57da9a3e69" testName="SessionLineInspectorPlacesActorSelectorAboveTextEditor" computerName="LAPTOP-F7PUVUPO" duration="00:00:00.1890357" startTime="2026-09-24T10:33:11.4016337+08:00" endTime="2026-09-24T10:33:11.5946853+08:00" testType="13cdc9d9-ddb5-4fa4-a97d-d965ccfc6d4b" outcome="Passed" testListId="8c84fa94-04c1-424b-9868-57a2d4851a1d" relativeResultsDirectory="a1f79155-56df-40f8-a42e-07aec536e413" />
    <UnitTestResult executionId="658a9dca-311d-4d03-84b6-e2f9d198bef8" testId="104a0272-ede3-8e83-9736-5f3d31660112" testName="StorySessionAndTaskRestoreIndependentTransientViewports" computerName="LAPTOP-F7PUVUPO" duration="00:00:00.3218360" startTime="2026-09-24T10:33:04.3716327+08:00" endTime="2026-09-24T10:33:04.6966288+08:00" testType="13cdc9d9-ddb5-4fa4-a97d-d965ccfc6d4b" outcome="Passed" testListId="8c84fa94-04c1-424b-9868-57a2d4851a1d" relativeResultsDirectory="658a9dca-311d-4d03-84b6-e2f9d198bef8" />
    <UnitTestResult executionId="0227da49-34c3-4ecc-a67e-bc7a8cc371c0" testId="1eac66b1-7f15-80e1-bc7c-bb330f392741" testName="InlineStartRemovalConfirmationIsInjectedAtViewBoundary" computerName="LAPTOP-F7PUVUPO" duration="00:00:00.3056504" startTime="2026-09-24T10:33:08.3910058+08:00" endTime="2026-09-24T10:33:08.7019004+08:00" testType="13cdc9d9-ddb5-4fa4-a97d-d965ccfc6d4b" outcome="Passed" testListId="8c84fa94-04c1-424b-9868-57a2d4851a1d" relativeResultsDirectory="0227da49-34c3-4ecc-a67e-bc7a8cc371c0" />
    <UnitTestResult executionId="8d88cba2-1352-4fe9-ace3-58eb8c54b657" testId="100f43fe-88b0-84fc-b31a-62d71f97bf61" testName="ThreeColumnViewBindsStoryHomeGraphByDefault" computerName="LAPTOP-F7PUVUPO" duration="00:00:00.2372928" startTime="2026-09-24T10:33:03.6305656+08:00" endTime="2026-09-24T10:33:03.8729012+08:00" testType="13cdc9d9-ddb5-4fa4-a97d-d965ccfc6d4b" outcome="Passed" testListId="8c84fa94-04c1-424b-9868-57a2d4851a1d" relativeResultsDirectory="8d88cba2-1352-4fe9-ace3-58eb8c54b657" />
    <UnitTestResult executionId="02aab264-522a-4aea-bf7f-c1f1a67ee2aa" testId="198363b9-36d7-89c6-8698-04b08cb567e2" testName="ReplacingWorkspaceDependencyPropertyRebindsCanonicalHost" computerName="LAPTOP-F7PUVUPO" duration="00:00:00.2323273" startTime="2026-09-24T10:33:08.9496744+08:00" endTime="2026-09-24T10:33:09.1853002+08:00" testType="13cdc9d9-ddb5-4fa4-a97d-d965ccfc6d4b" outcome="Passed" testListId="8c84fa94-04c1-424b-9868-57a2d4851a1d" relativeResultsDirectory="02aab264-522a-4aea-bf7f-c1f1a67ee2aa" />
    <UnitTestResult executionId="560f5bfb-9258-4ba4-ad94-e40d00e125d3" testId="1ef5c307-888f-8125-8a80-1c3614f0528f" testName="InstantFolderTemplateKeepsEveryFolderHeaderVisible" computerName="LAPTOP-F7PUVUPO" duration="00:00:00.2058132" startTime="2026-09-24T10:33:03.8729854+08:00" endTime="2026-09-24T10:33:04.0824173+08:00" testType="13cdc9d9-ddb5-4fa4-a97d-d965ccfc6d4b" outcome="Passed" testListId="8c84fa94-04c1-424b-9868-57a2d4851a1d" relativeResultsDirectory="560f5bfb-9258-4ba4-ad94-e40d00e125d3" />
    <UnitTestResult executionId="386f076f-0405-4989-b680-0dcae8db8ad8" testId="1810b097-ff33-8f61-a63c-381924e27a1d" testName="ViewRoutesFolderAndItemActionsWithoutChangingGraphHost" computerName="LAPTOP-F7PUVUPO" duration="00:00:00.1695968" startTime="2026-09-24T10:33:09.4997173+08:00" endTime="2026-09-24T10:33:09.6748988+08:00" testType="13cdc9d9-ddb5-4fa4-a97d-d965ccfc6d4b" outcome="Passed" testListId="8c84fa94-04c1-424b-9868-57a2d4851a1d" relativeResultsDirectory="386f076f-0405-4989-b680-0dcae8db8ad8" />
    <UnitTestResult executionId="84e7c0ad-650d-429f-94f5-b3e4f5210f40" testId="1eae7457-42db-80e4-bc18-3813f5bf405d" testName="ResourceSelectionKeepsVisibleHighlightAndInspectorInSync" computerName="LAPTOP-F7PUVUPO" duration="00:00:00.1611547" startTime="2026-09-24T10:33:09.1853510+08:00" endTime="2026-09-24T10:33:09.3522184+08:00" testType="13cdc9d9-ddb5-4fa4-a97d-d965ccfc6d4b" outcome="Passed" testListId="8c84fa94-04c1-424b-9868-57a2d4851a1d" relativeResultsDirectory="84e7c0ad-650d-429f-94f5-b3e4f5210f40" />
    <UnitTestResult executionId="495aca0f-2152-4b1b-9d22-cd6a05595777" testId="18ad648a-db0f-8d48-87db-4f18f25b468b" testName="ResourceDragPreviewShowsGhostWithoutMutatingStoryAndCancelsCleanly" computerName="LAPTOP-F7PUVUPO" duration="00:00:00.1389446" startTime="2026-09-24T10:33:09.9549451+08:00" endTime="2026-09-24T10:33:10.0976307+08:00" testType="13cdc9d9-ddb5-4fa4-a97d-d965ccfc6d4b" outcome="Passed" testListId="8c84fa94-04c1-424b-9868-57a2d4851a1d" relativeResultsDirectory="495aca0f-2152-4b1b-9d22-cd6a05595777" />
    <UnitTestResult executionId="3632385f-3002-49e7-9b0e-dc1ba22986ed" testId="12f486ae-e82a-8a7a-81a6-93a8d7cbdce5" testName="ChoiceRenameAndReorderRefreshOnlySelectedNodeAndPreserveStableConnections" computerName="LAPTOP-F7PUVUPO" duration="00:00:00.3899867" startTime="2026-09-24T10:33:07.9953042+08:00" endTime="2026-09-24T10:33:08.3908915+08:00" testType="13cdc9d9-ddb5-4fa4-a97d-d965ccfc6d4b" outcome="Passed" testListId="8c84fa94-04c1-424b-9868-57a2d4851a1d" relativeResultsDirectory="3632385f-3002-49e7-9b0e-dc1ba22986ed" />
    <UnitTestResult executionId="a3818c1a-f594-405e-9a0b-ecac4c02b926" testId="18486ffb-9a0e-8c96-9019-e657551908c9" testName="ShortcutProtectsCountAndNeverProtectsOriginalIdentity" computerName="LAPTOP-F7PUVUPO" duration="00:00:00.2337583" startTime="2026-09-24T10:33:01.7864009+08:00" endTime="2026-09-24T10:33:02.0488436+08:00" testType="13cdc9d9-ddb5-4fa4-a97d-d965ccfc6d4b" outcome="Passed" testListId="8c84fa94-04c1-424b-9868-57a2d4851a1d" relativeResultsDirectory="a3818c1a-f594-405e-9a0b-ecac4c02b926" />
    <UnitTestResult executionId="81dd5a41-b254-4051-9606-c861407c762f" testId="12d99f20-f83f-8b19-a72c-e9693212eb18" testName="ResourceGhostAndDropShareTopLeftAnchorAcrossZoomAndPan" computerName="LAPTOP-F7PUVUPO" duration="00:00:00.0957267" startTime="2026-09-24T10:33:10.0977898+08:00" endTime="2026-09-24T10:33:10.1971305+08:00" testType="13cdc9d9-ddb5-4fa4-a97d-d965ccfc6d4b" outcome="Passed" testListId="8c84fa94-04c1-424b-9868-57a2d4851a1d" relativeResultsDirectory="81dd5a41-b254-4051-9606-c861407c762f" />
    <UnitTestResult executionId="c67eb0b3-b62e-4ff7-8f7e-ed788edf9d72" testId="15bc1bd6-09bf-8a02-b6e5-0d6b7ff1f9ac" testName="ResolvedSessionAndTaskMembersPlaceBoundAggregatesAtGraphCoordinates" computerName="LAPTOP-F7PUVUPO" duration="00:00:00.2761532" startTime="2026-09-24T10:33:09.6749604+08:00" endTime="2026-09-24T10:33:09.9548985+08:00" testType="13cdc9d9-ddb5-4fa4-a97d-d965ccfc6d4b" outcome="Passed" testListId="8c84fa94-04c1-424b-9868-57a2d4851a1d" relativeResultsDirectory="c67eb0b3-b62e-4ff7-8f7e-ed788edf9d72" />
    <UnitTestResult executionId="049b5579-94cb-4c68-96bf-3816066fd995" testId="1ea39ec0-854b-8150-b3fc-c0fdc981f0b1" testName="ClipboardUsesWorkspacePropertyEvenWithShellDataContext" computerName="LAPTOP-F7PUVUPO" duration="00:00:01.5670570" startTime="2026-09-24T10:33:02.0566004+08:00" endTime="2026-09-24T10:33:03.6303918+08:00" testType="13cdc9d9-ddb5-4fa4-a97d-d965ccfc6d4b" outcome="Passed" testListId="8c84fa94-04c1-424b-9868-57a2d4851a1d" relativeResultsDirectory="049b5579-94cb-4c68-96bf-3816066fd995" />
    <UnitTestResult executionId="ced18fe5-7962-4a0b-b7bd-a1405c7f8231" testId="102faf94-fe53-8fba-ae44-029eecd5b449" testName="DirectInlineObjectiveActorSelectionKeepsSelectedInspectorAndGraphInSync" computerName="LAPTOP-F7PUVUPO" duration="00:00:00.2387133" startTime="2026-09-24T10:33:11.1579329+08:00" endTime="2026-09-24T10:33:11.4015862+08:00" testType="13cdc9d9-ddb5-4fa4-a97d-d965ccfc6d4b" outcome="Passed" testListId="8c84fa94-04c1-424b-9868-57a2d4851a1d" relativeResultsDirectory="ced18fe5-7962-4a0b-b7bd-a1405c7f8231" />
    <UnitTestResult executionId="410a138d-dd34-47f6-9dcd-499a7012f9ad" testId="149472a5-c579-8c4c-bfb3-fe30fdc2568e" testName="TextDraftChangesTwentyTimesAndCommitsOneGraphRevision" computerName="LAPTOP-F7PUVUPO" duration="00:00:00.2740945" startTime="2026-09-24T10:33:10.6717229+08:00" endTime="2026-09-24T10:33:10.9515889+08:00" testType="13cdc9d9-ddb5-4fa4-a97d-d965ccfc6d4b" outcome="Passed" testListId="8c84fa94-04c1-424b-9868-57a2d4851a1d" relativeResultsDirectory="410a138d-dd34-47f6-9dcd-499a7012f9ad" />
    <UnitTestResult executionId="318353cc-b1bd-42e4-b1e3-16c4b573499d" testId="1e585da6-9f5b-880a-bc9d-dfce78c37588" testName="ResourceSelectionClearsVisualNodeSoSameNodeCanRestoreInspector" computerName="LAPTOP-F7PUVUPO" duration="00:00:00.1751376" startTime="2026-09-24T10:33:05.0032425+08:00" endTime="2026-09-24T10:33:05.1815048+08:00" testType="13cdc9d9-ddb5-4fa4-a97d-d965ccfc6d4b" outcome="Passed" testListId="8c84fa94-04c1-424b-9868-57a2d4851a1d" relativeResultsDirectory="318353cc-b1bd-42e4-b1e3-16c4b573499d" />
    <UnitTestResult executionId="252f9605-af5f-4c44-85fd-072cc5dfec40" testId="14b9cf5a-8335-86ac-8a03-4eafb4690405" testName="ChoiceOptionRemovalConfirmationIsInjectedAtViewBoundary" computerName="LAPTOP-F7PUVUPO" duration="00:00:00.3863296" startTime="2026-09-24T10:33:06.3318153+08:00" endTime="2026-09-24T10:33:06.7228785+08:00" testType="13cdc9d9-ddb5-4fa4-a97d-d965ccfc6d4b" outcome="Passed" testListId="8c84fa94-04c1-424b-9868-57a2d4851a1d" relativeResultsDirectory="252f9605-af5f-4c44-85fd-072cc5dfec40" />
    <UnitTestResult executionId="be963115-f9fb-4143-8a26-12b3a3fd22fb" testId="140e0e4e-6900-826f-8a91-3f8f0bd81287" testName="ActorSelectionIsInspectorOnlyAndSessionActivationChangesGraphHost" computerName="LAPTOP-F7PUVUPO" duration="00:00:00.2855867" startTime="2026-09-24T10:33:04.0824790+08:00" endTime="2026-09-24T10:33:04.3715742+08:00" testType="13cdc9d9-ddb5-4fa4-a97d-d965ccfc6d4b" outcome="Passed" testListId="8c84fa94-04c1-424b-9868-57a2d4851a1d" relativeResultsDirectory="be963115-f9fb-4143-8a26-12b3a3fd22fb" />
    <UnitTestResult executionId="b35ff53c-2956-4f63-8fe8-f87431b95113" testId="11553dc9-384f-84bc-8da6-b0ada3589a15" testName="ObjectivePrerequisiteHelperAppearsOnlyWhenEnabled" computerName="LAPTOP-F7PUVUPO" duration="00:00:00.3163863" startTime="2026-09-24T10:33:11.5947385+08:00" endTime="2026-09-24T10:33:11.9175682+08:00" testType="13cdc9d9-ddb5-4fa4-a97d-d965ccfc6d4b" outcome="Passed" testListId="8c84fa94-04c1-424b-9868-57a2d4851a1d" relativeResultsDirectory="b35ff53c-2956-4f63-8fe8-f87431b95113" />
    <UnitTestResult executionId="9863bf1f-8dfb-47fc-8301-03b8258a29f7" testId="10d6da73-a395-828e-933e-61081a39e62f" testName="DirtyGraphAllowsVisualActivationAndKeepsOriginalDraft" computerName="LAPTOP-F7PUVUPO" duration="00:00:00.2441802" startTime="2026-09-24T10:33:08.7019598+08:00" endTime="2026-09-24T10:33:08.9495833+08:00" testType="13cdc9d9-ddb5-4fa4-a97d-d965ccfc6d4b" outcome="Passed" testListId="8c84fa94-04c1-424b-9868-57a2d4851a1d" relativeResultsDirectory="9863bf1f-8dfb-47fc-8301-03b8258a29f7" />
    <UnitTestResult executionId="379dd8a3-6fa5-417b-b604-86f1c6d72129" testId="17a4ee42-dad7-8596-84a3-4e69ddb3271c" testName="ActorForeignLocalGraphAndInvalidPositionDropsFailWithoutStoryMutation" computerName="LAPTOP-F7PUVUPO" duration="00:00:00.2054603" startTime="2026-09-24T10:33:10.4625572+08:00" endTime="2026-09-24T10:33:10.6716329+08:00" testType="13cdc9d9-ddb5-4fa4-a97d-d965ccfc6d4b" outcome="Passed" testListId="8c84fa94-04c1-424b-9868-57a2d4851a1d" relativeResultsDirectory="379dd8a3-6fa5-417b-b604-86f1c6d72129" />
    <UnitTestResult executionId="f545f4a3-7350-443e-8dec-58bb0b831430" testId="185ceb56-cf12-8fef-9a95-bf79204cee8f" testName="FitAllUsesRenderedChoiceHeightForTenStackedOptionGroups" computerName="LAPTOP-F7PUVUPO" duration="00:00:00.2326344" startTime="2026-09-24T10:33:07.7591069+08:00" endTime="2026-09-24T10:33:07.9952066+08:00" testType="13cdc9d9-ddb5-4fa4-a97d-d965ccfc6d4b" outcome="Passed" testListId="8c84fa94-04c1-424b-9868-57a2d4851a1d" relativeResultsDirectory="f545f4a3-7350-443e-8dec-58bb0b831430" />
    <UnitTestResult executionId="2ad4b139-c0f6-44f9-87ae-e5436ff69eb2" testId="1b90d771-51b3-89cc-b555-ab909280de63" testName="ChoiceOptionRowsExposeOneFlowOutputPerStableOptionForAllSupportedSizes" computerName="LAPTOP-F7PUVUPO" duration="00:00:01.0304234" startTime="2026-09-24T10:33:06.7229672+08:00" endTime="2026-09-24T10:33:07.7590050+08:00" testType="13cdc9d9-ddb5-4fa4-a97d-d965ccfc6d4b" outcome="Passed" testListId="8c84fa94-04c1-424b-9868-57a2d4851a1d" relativeResultsDirectory="2ad4b139-c0f6-44f9-87ae-e5436ff69eb2" />
    <UnitTestResult executionId="e91a1b18-eda8-4c9b-a64a-3ec1fc4611f5" testId="13e45282-6559-8458-939a-206726ea40f8" testName="InlineEditorsCanRefreshResourceOptionsWithoutRebuildingGraphState" computerName="LAPTOP-F7PUVUPO" duration="00:00:00.2490116" startTime="2026-09-24T10:33:05.1815695+08:00" endTime="2026-09-24T10:33:05.4334406+08:00" testType="13cdc9d9-ddb5-4fa4-a97d-d965ccfc6d4b" outcome="Passed" testListId="8c84fa94-04c1-424b-9868-57a2d4851a1d" relativeResultsDirectory="e91a1b18-eda8-4c9b-a64a-3ec1fc4611f5" />
    <UnitTestResult executionId="f15584a7-e183-4504-a931-c122bff1d4d5" testId="1690c935-2514-8a9c-bd1a-820db5f7b5a8" testName="ActionTitlesDropdownsAndFieldLabelsUseOneAuthorVocabulary" computerName="LAPTOP-F7PUVUPO" duration="00:00:00.4209090" startTime="2026-09-24T10:33:05.9066922+08:00" endTime="2026-09-24T10:33:06.3317139+08:00" testType="13cdc9d9-ddb5-4fa4-a97d-d965ccfc6d4b" outcome="Passed" testListId="8c84fa94-04c1-424b-9868-57a2d4851a1d" relativeResultsDirectory="f15584a7-e183-4504-a931-c122bff1d4d5" />
    <UnitTestResult executionId="8202fad8-3f6c-4f8f-a97f-e2b62d43a872" testId="1ec046d4-c144-8ef1-882f-0bd7bfb54b3a" testName="AggregateNodeEditRequestOpensItsSessionGraph" computerName="LAPTOP-F7PUVUPO" duration="00:00:00.2617690" startTime="2026-09-24T10:33:10.1972388+08:00" endTime="2026-09-24T10:33:10.4625111+08:00" testType="13cdc9d9-ddb5-4fa4-a97d-d965ccfc6d4b" outcome="Passed" testListId="8c84fa94-04c1-424b-9868-57a2d4851a1d" relativeResultsDirectory="8202fad8-3f6c-4f8f-a97f-e2b62d43a872" />
    <UnitTestResult executionId="16c5c883-a276-45ee-b9a8-c1d42f308970" testId="17e3ec67-11c6-830c-bd37-6258bf3c9f2b" testName="CtrlSFlushesActiveTextDraftAsOneCanonicalCommit" computerName="LAPTOP-F7PUVUPO" duration="00:00:00.2028194" startTime="2026-09-24T10:33:10.9516365+08:00" endTime="2026-09-24T10:33:11.1578830+08:00" testType="13cdc9d9-ddb5-4fa4-a97d-d965ccfc6d4b" outcome="Passed" testListId="8c84fa94-04c1-424b-9868-57a2d4851a1d" relativeResultsDirectory="16c5c883-a276-45ee-b9a8-c1d42f308970" />
  </Results>
  <TestDefinitions>
    <UnitTest name="ObjectivePrerequisiteHelperAppearsOnlyWhenEnabled" storage="e:\java\minecraftmod\darkgreyrpg\studio\src\darkgreyrpg.studio.wpf.tests\bin\debug\net10.0-windows\darkgreyrpg.studio.wpf.tests.dll" id="11553dc9-384f-84bc-8da6-b0ada3589a15">
      <Execution id="b35ff53c-2956-4f63-8fe8-f87431b95113" />
      <TestMethod codeBase="E:\Java\MinecraftMod\DarkGreyRPG\studio\src\DarkGreyRPG.Studio.Wpf.Tests\bin\Debug\net10.0-windows\DarkGreyRPG.Studio.Wpf.Tests.dll" adapterTypeName="executor://mstestadapter/v4" className="DarkGreyRPG.Studio.Wpf.Tests.CanonicalStoryWorkspaceViewTests" name="ObjectivePrerequisiteHelperAppearsOnlyWhenEnabled" />
    </UnitTest>
    <UnitTest name="PendingProjectGraphFocusSelectsCanonicalStoryNode" storage="e:\java\minecraftmod\darkgreyrpg\studio\src\darkgreyrpg.studio.wpf.tests\bin\debug\net10.0-windows\darkgreyrpg.studio.wpf.tests.dll" id="10935aa8-d8f9-8134-87db-4fece00720e3">
      <Execution id="c4b8940b-0d4c-469e-afe6-2c47f35736d3" />
      <TestMethod codeBase="E:\Java\MinecraftMod\DarkGreyRPG\studio\src\DarkGreyRPG.Studio.Wpf.Tests\bin\Debug\net10.0-windows\DarkGreyRPG.Studio.Wpf.Tests.dll" adapterTypeName="executor://mstestadapter/v4" className="DarkGreyRPG.Studio.Wpf.Tests.CanonicalStoryWorkspaceViewTests" name="PendingProjectGraphFocusSelectsCanonicalStoryNode" />
    </UnitTest>
    <UnitTest name="ResourceDragPreviewShowsGhostWithoutMutatingStoryAndCancelsCleanly" storage="e:\java\minecraftmod\darkgreyrpg\studio\src\darkgreyrpg.studio.wpf.tests\bin\debug\net10.0-windows\darkgreyrpg.studio.wpf.tests.dll" id="18ad648a-db0f-8d48-87db-4f18f25b468b">
      <Execution id="495aca0f-2152-4b1b-9d22-cd6a05595777" />
      <TestMethod codeBase="E:\Java\MinecraftMod\DarkGreyRPG\studio\src\DarkGreyRPG.Studio.Wpf.Tests\bin\Debug\net10.0-windows\DarkGreyRPG.Studio.Wpf.Tests.dll" adapterTypeName="executor://mstestadapter/v4" className="DarkGreyRPG.Studio.Wpf.Tests.CanonicalStoryWorkspaceViewTests" name="ResourceDragPreviewShowsGhostWithoutMutatingStoryAndCancelsCleanly" />
    </UnitTest>
    <UnitTest name="ActorSelectionIsInspectorOnlyAndSessionActivationChangesGraphHost" storage="e:\java\minecraftmod\darkgreyrpg\studio\src\darkgreyrpg.studio.wpf.tests\bin\debug\net10.0-windows\darkgreyrpg.studio.wpf.tests.dll" id="140e0e4e-6900-826f-8a91-3f8f0bd81287">
      <Execution id="be963115-f9fb-4143-8a26-12b3a3fd22fb" />
      <TestMethod codeBase="E:\Java\MinecraftMod\DarkGreyRPG\studio\src\DarkGreyRPG.Studio.Wpf.Tests\bin\Debug\net10.0-windows\DarkGreyRPG.Studio.Wpf.Tests.dll" adapterTypeName="executor://mstestadapter/v4" className="DarkGreyRPG.Studio.Wpf.Tests.CanonicalStoryWorkspaceViewTests" name="ActorSelectionIsInspectorOnlyAndSessionActivationChangesGraphHost" />
    </UnitTest>
    <UnitTest name="ActionTitlesDropdownsAndFieldLabelsUseOneAuthorVocabulary" storage="e:\java\minecraftmod\darkgreyrpg\studio\src\darkgreyrpg.studio.wpf.tests\bin\debug\net10.0-windows\darkgreyrpg.studio.wpf.tests.dll" id="1690c935-2514-8a9c-bd1a-820db5f7b5a8">
      <Execution id="f15584a7-e183-4504-a931-c122bff1d4d5" />
      <TestMethod codeBase="E:\Java\MinecraftMod\DarkGreyRPG\studio\src\DarkGreyRPG.Studio.Wpf.Tests\bin\Debug\net10.0-windows\DarkGreyRPG.Studio.Wpf.Tests.dll" adapterTypeName="executor://mstestadapter/v4" className="DarkGreyRPG.Studio.Wpf.Tests.CanonicalStoryWorkspaceViewTests" name="ActionTitlesDropdownsAndFieldLabelsUseOneAuthorVocabulary" />
    </UnitTest>
    <UnitTest name="RepeatDraftAndUndoShareCanonicalRuleAcrossBothEditors" storage="e:\java\minecraftmod\darkgreyrpg\studio\src\darkgreyrpg.studio.wpf.tests\bin\debug\net10.0-windows\darkgreyrpg.studio.wpf.tests.dll" id="1ef48c15-6d8b-8251-ac76-a2f9e68026a7">
      <Execution id="ae61224e-db6b-4eb0-afcf-c4b6de09afdd" />
      <TestMethod codeBase="E:\Java\MinecraftMod\DarkGreyRPG\studio\src\DarkGreyRPG.Studio.Wpf.Tests\bin\Debug\net10.0-windows\DarkGreyRPG.Studio.Wpf.Tests.dll" adapterTypeName="executor://mstestadapter/v4" className="DarkGreyRPG.Studio.Wpf.Tests.RepeatAuthoring0334Tests" name="RepeatDraftAndUndoShareCanonicalRuleAcrossBothEditors" />
    </UnitTest>
    <UnitTest name="FitAllUsesRenderedChoiceHeightForTenStackedOptionGroups" storage="e:\java\minecraftmod\darkgreyrpg\studio\src\darkgreyrpg.studio.wpf.tests\bin\debug\net10.0-windows\darkgreyrpg.studio.wpf.tests.dll" id="185ceb56-cf12-8fef-9a95-bf79204cee8f">
      <Execution id="f545f4a3-7350-443e-8dec-58bb0b831430" />
      <TestMethod codeBase="E:\Java\MinecraftMod\DarkGreyRPG\studio\src\DarkGreyRPG.Studio.Wpf.Tests\bin\Debug\net10.0-windows\DarkGreyRPG.Studio.Wpf.Tests.dll" adapterTypeName="executor://mstestadapter/v4" className="DarkGreyRPG.Studio.Wpf.Tests.CanonicalStoryWorkspaceViewTests" name="FitAllUsesRenderedChoiceHeightForTenStackedOptionGroups" />
    </UnitTest>
    <UnitTest name="StorySessionAndTaskRestoreIndependentTransientViewports" storage="e:\java\minecraftmod\darkgreyrpg\studio\src\darkgreyrpg.studio.wpf.tests\bin\debug\net10.0-windows\darkgreyrpg.studio.wpf.tests.dll" id="104a0272-ede3-8e83-9736-5f3d31660112">
      <Execution id="658a9dca-311d-4d03-84b6-e2f9d198bef8" />
      <TestMethod codeBase="E:\Java\MinecraftMod\DarkGreyRPG\studio\src\DarkGreyRPG.Studio.Wpf.Tests\bin\Debug\net10.0-windows\DarkGreyRPG.Studio.Wpf.Tests.dll" adapterTypeName="executor://mstestadapter/v4" className="DarkGreyRPG.Studio.Wpf.Tests.CanonicalStoryWorkspaceViewTests" name="StorySessionAndTaskRestoreIndependentTransientViewports" />
    </UnitTest>
    <UnitTest name="CtrlSFlushesActiveTextDraftAsOneCanonicalCommit" storage="e:\java\minecraftmod\darkgreyrpg\studio\src\darkgreyrpg.studio.wpf.tests\bin\debug\net10.0-windows\darkgreyrpg.studio.wpf.tests.dll" id="17e3ec67-11c6-830c-bd37-6258bf3c9f2b">
      <Execution id="16c5c883-a276-45ee-b9a8-c1d42f308970" />
      <TestMethod codeBase="E:\Java\MinecraftMod\DarkGreyRPG\studio\src\DarkGreyRPG.Studio.Wpf.Tests\bin\Debug\net10.0-windows\DarkGreyRPG.Studio.Wpf.Tests.dll" adapterTypeName="executor://mstestadapter/v4" className="DarkGreyRPG.Studio.Wpf.Tests.CanonicalStoryWorkspaceViewTests" name="CtrlSFlushesActiveTextDraftAsOneCanonicalCommit" />
    </UnitTest>
    <UnitTest name="TextDraftChangesTwentyTimesAndCommitsOneGraphRevision" storage="e:\java\minecraftmod\darkgreyrpg\studio\src\darkgreyrpg.studio.wpf.tests\bin\debug\net10.0-windows\darkgreyrpg.studio.wpf.tests.dll" id="149472a5-c579-8c4c-bfb3-fe30fdc2568e">
      <Execution id="410a138d-dd34-47f6-9dcd-499a7012f9ad" />
      <TestMethod codeBase="E:\Java\MinecraftMod\DarkGreyRPG\studio\src\DarkGreyRPG.Studio.Wpf.Tests\bin\Debug\net10.0-windows\DarkGreyRPG.Studio.Wpf.Tests.dll" adapterTypeName="executor://mstestadapter/v4" className="DarkGreyRPG.Studio.Wpf.Tests.CanonicalStoryWorkspaceViewTests" name="TextDraftChangesTwentyTimesAndCommitsOneGraphRevision" />
    </UnitTest>
    <UnitTest name="InsertAfterMiddlePreservesDraftAndUndoIdentity" storage="e:\java\minecraftmod\darkgreyrpg\studio\src\darkgreyrpg.studio.wpf.tests\bin\debug\net10.0-windows\darkgreyrpg.studio.wpf.tests.dll" id="1fa68f9b-2ba6-8d96-b04b-abf298c908fa">
      <Execution id="94531463-0245-471d-82c3-9dc4f4dce523" />
      <TestMethod codeBase="E:\Java\MinecraftMod\DarkGreyRPG\studio\src\DarkGreyRPG.Studio.Wpf.Tests\bin\Debug\net10.0-windows\DarkGreyRPG.Studio.Wpf.Tests.dll" adapterTypeName="executor://mstestadapter/v4" className="DarkGreyRPG.Studio.Wpf.Tests.ContinuousLine0334Tests" name="InsertAfterMiddlePreservesDraftAndUndoIdentity" />
    </UnitTest>
    <UnitTest name="StoryStartRepeatableCheckboxesShareCanonicalProjection" storage="e:\java\minecraftmod\darkgreyrpg\studio\src\darkgreyrpg.studio.wpf.tests\bin\debug\net10.0-windows\darkgreyrpg.studio.wpf.tests.dll" id="11f62963-778f-8997-bfd7-9fef7e2bd1eb">
      <Execution id="9a6787ed-3574-4f42-a16a-e7ff73366ddc" />
      <TestMethod codeBase="E:\Java\MinecraftMod\DarkGreyRPG\studio\src\DarkGreyRPG.Studio.Wpf.Tests\bin\Debug\net10.0-windows\DarkGreyRPG.Studio.Wpf.Tests.dll" adapterTypeName="executor://mstestadapter/v4" className="DarkGreyRPG.Studio.Wpf.Tests.CanonicalStoryWorkspaceViewTests" name="StoryStartRepeatableCheckboxesShareCanonicalProjection" />
    </UnitTest>
    <UnitTest name="GraphNodeSelectionRoutesNodeInspectorAndClearRestoresActiveResource" storage="e:\java\minecraftmod\darkgreyrpg\studio\src\darkgreyrpg.studio.wpf.tests\bin\debug\net10.0-windows\darkgreyrpg.studio.wpf.tests.dll" id="1c17570d-b82e-852d-8bb1-3e17377e47af">
      <Execution id="69851b0c-b4c0-4a1c-9d6c-1ac5477d6b7d" />
      <TestMethod codeBase="E:\Java\MinecraftMod\DarkGreyRPG\studio\src\DarkGreyRPG.Studio.Wpf.Tests\bin\Debug\net10.0-windows\DarkGreyRPG.Studio.Wpf.Tests.dll" adapterTypeName="executor://mstestadapter/v4" className="DarkGreyRPG.Studio.Wpf.Tests.CanonicalStoryWorkspaceViewTests" name="GraphNodeSelectionRoutesNodeInspectorAndClearRestoresActiveResource" />
    </UnitTest>
    <UnitTest name="ChoiceOptionRowsExposeOneFlowOutputPerStableOptionForAllSupportedSizes" storage="e:\java\minecraftmod\darkgreyrpg\studio\src\darkgreyrpg.studio.wpf.tests\bin\debug\net10.0-windows\darkgreyrpg.studio.wpf.tests.dll" id="1b90d771-51b3-89cc-b555-ab909280de63">
      <Execution id="2ad4b139-c0f6-44f9-87ae-e5436ff69eb2" />
      <TestMethod codeBase="E:\Java\MinecraftMod\DarkGreyRPG\studio\src\DarkGreyRPG.Studio.Wpf.Tests\bin\Debug\net10.0-windows\DarkGreyRPG.Studio.Wpf.Tests.dll" adapterTypeName="executor://mstestadapter/v4" className="DarkGreyRPG.Studio.Wpf.Tests.CanonicalStoryWorkspaceViewTests" name="ChoiceOptionRowsExposeOneFlowOutputPerStableOptionForAllSupportedSizes" />
    </UnitTest>
    <UnitTest name="ViewRoutesFolderAndItemActionsWithoutChangingGraphHost" storage="e:\java\minecraftmod\darkgreyrpg\studio\src\darkgreyrpg.studio.wpf.tests\bin\debug\net10.0-windows\darkgreyrpg.studio.wpf.tests.dll" id="1810b097-ff33-8f61-a63c-381924e27a1d">
      <Execution id="386f076f-0405-4989-b680-0dcae8db8ad8" />
      <TestMethod codeBase="E:\Java\MinecraftMod\DarkGreyRPG\studio\src\DarkGreyRPG.Studio.Wpf.Tests\bin\Debug\net10.0-windows\DarkGreyRPG.Studio.Wpf.Tests.dll" adapterTypeName="executor://mstestadapter/v4" className="DarkGreyRPG.Studio.Wpf.Tests.CanonicalStoryWorkspaceViewTests" name="ViewRoutesFolderAndItemActionsWithoutChangingGraphHost" />
    </UnitTest>
    <UnitTest name="InstantFolderTemplateKeepsEveryFolderHeaderVisible" storage="e:\java\minecraftmod\darkgreyrpg\studio\src\darkgreyrpg.studio.wpf.tests\bin\debug\net10.0-windows\darkgreyrpg.studio.wpf.tests.dll" id="1ef5c307-888f-8125-8a80-1c3614f0528f">
      <Execution id="560f5bfb-9258-4ba4-ad94-e40d00e125d3" />
      <TestMethod codeBase="E:\Java\MinecraftMod\DarkGreyRPG\studio\src\DarkGreyRPG.Studio.Wpf.Tests\bin\Debug\net10.0-windows\DarkGreyRPG.Studio.Wpf.Tests.dll" adapterTypeName="executor://mstestadapter/v4" className="DarkGreyRPG.Studio.Wpf.Tests.CanonicalStoryWorkspaceViewTests" name="InstantFolderTemplateKeepsEveryFolderHeaderVisible" />
    </UnitTest>
    <UnitTest name="AggregateNodeEditRequestOpensItsSessionGraph" storage="e:\java\minecraftmod\darkgreyrpg\studio\src\darkgreyrpg.studio.wpf.tests\bin\debug\net10.0-windows\darkgreyrpg.studio.wpf.tests.dll" id="1ec046d4-c144-8ef1-882f-0bd7bfb54b3a">
      <Execution id="8202fad8-3f6c-4f8f-a97f-e2b62d43a872" />
      <TestMethod codeBase="E:\Java\MinecraftMod\DarkGreyRPG\studio\src\DarkGreyRPG.Studio.Wpf.Tests\bin\Debug\net10.0-windows\DarkGreyRPG.Studio.Wpf.Tests.dll" adapterTypeName="executor://mstestadapter/v4" className="DarkGreyRPG.Studio.Wpf.Tests.CanonicalStoryWorkspaceViewTests" name="AggregateNodeEditRequestOpensItsSessionGraph" />
    </UnitTest>
    <UnitTest name="SessionLineInspectorPlacesActorSelectorAboveTextEditor" storage="e:\java\minecraftmod\darkgreyrpg\studio\src\darkgreyrpg.studio.wpf.tests\bin\debug\net10.0-windows\darkgreyrpg.studio.wpf.tests.dll" id="18230eb1-893b-8768-aa73-1f57da9a3e69">
      <Execution id="a1f79155-56df-40f8-a42e-07aec536e413" />
      <TestMethod codeBase="E:\Java\MinecraftMod\DarkGreyRPG\studio\src\DarkGreyRPG.Studio.Wpf.Tests\bin\Debug\net10.0-windows\DarkGreyRPG.Studio.Wpf.Tests.dll" adapterTypeName="executor://mstestadapter/v4" className="DarkGreyRPG.Studio.Wpf.Tests.CanonicalStoryWorkspaceViewTests" name="SessionLineInspectorPlacesActorSelectorAboveTextEditor" />
    </UnitTest>
    <UnitTest name="DirectInlineObjectiveActorSelectionKeepsSelectedInspectorAndGraphInSync" storage="e:\java\minecraftmod\darkgreyrpg\studio\src\darkgreyrpg.studio.wpf.tests\bin\debug\net10.0-windows\darkgreyrpg.studio.wpf.tests.dll" id="102faf94-fe53-8fba-ae44-029eecd5b449">
      <Execution id="ced18fe5-7962-4a0b-b7bd-a1405c7f8231" />
      <TestMethod codeBase="E:\Java\MinecraftMod\DarkGreyRPG\studio\src\DarkGreyRPG.Studio.Wpf.Tests\bin\Debug\net10.0-windows\DarkGreyRPG.Studio.Wpf.Tests.dll" adapterTypeName="executor://mstestadapter/v4" className="DarkGreyRPG.Studio.Wpf.Tests.CanonicalStoryWorkspaceViewTests" name="DirectInlineObjectiveActorSelectionKeepsSelectedInspectorAndGraphInSync" />
    </UnitTest>
    <UnitTest name="ResourceSelectionKeepsVisibleHighlightAndInspectorInSync" storage="e:\java\minecraftmod\darkgreyrpg\studio\src\darkgreyrpg.studio.wpf.tests\bin\debug\net10.0-windows\darkgreyrpg.studio.wpf.tests.dll" id="1eae7457-42db-80e4-bc18-3813f5bf405d">
      <Execution id="84e7c0ad-650d-429f-94f5-b3e4f5210f40" />
      <TestMethod codeBase="E:\Java\MinecraftMod\DarkGreyRPG\studio\src\DarkGreyRPG.Studio.Wpf.Tests\bin\Debug\net10.0-windows\DarkGreyRPG.Studio.Wpf.Tests.dll" adapterTypeName="executor://mstestadapter/v4" className="DarkGreyRPG.Studio.Wpf.Tests.CanonicalStoryWorkspaceViewTests" name="ResourceSelectionKeepsVisibleHighlightAndInspectorInSync" />
    </UnitTest>
    <UnitTest name="ResolvedSessionAndTaskMembersPlaceBoundAggregatesAtGraphCoordinates" storage="e:\java\minecraftmod\darkgreyrpg\studio\src\darkgreyrpg.studio.wpf.tests\bin\debug\net10.0-windows\darkgreyrpg.studio.wpf.tests.dll" id="15bc1bd6-09bf-8a02-b6e5-0d6b7ff1f9ac">
      <Execution id="c67eb0b3-b62e-4ff7-8f7e-ed788edf9d72" />
      <TestMethod codeBase="E:\Java\MinecraftMod\DarkGreyRPG\studio\src\DarkGreyRPG.Studio.Wpf.Tests\bin\Debug\net10.0-windows\DarkGreyRPG.Studio.Wpf.Tests.dll" adapterTypeName="executor://mstestadapter/v4" className="DarkGreyRPG.Studio.Wpf.Tests.CanonicalStoryWorkspaceViewTests" name="ResolvedSessionAndTaskMembersPlaceBoundAggregatesAtGraphCoordinates" />
    </UnitTest>
    <UnitTest name="InlineStartRemovalConfirmationIsInjectedAtViewBoundary" storage="e:\java\minecraftmod\darkgreyrpg\studio\src\darkgreyrpg.studio.wpf.tests\bin\debug\net10.0-windows\darkgreyrpg.studio.wpf.tests.dll" id="1eac66b1-7f15-80e1-bc7c-bb330f392741">
      <Execution id="0227da49-34c3-4ecc-a67e-bc7a8cc371c0" />
      <TestMethod codeBase="E:\Java\MinecraftMod\DarkGreyRPG\studio\src\DarkGreyRPG.Studio.Wpf.Tests\bin\Debug\net10.0-windows\DarkGreyRPG.Studio.Wpf.Tests.dll" adapterTypeName="executor://mstestadapter/v4" className="DarkGreyRPG.Studio.Wpf.Tests.CanonicalStoryWorkspaceViewTests" name="InlineStartRemovalConfirmationIsInjectedAtViewBoundary" />
    </UnitTest>
    <UnitTest name="ReplacingWorkspaceDependencyPropertyRebindsCanonicalHost" storage="e:\java\minecraftmod\darkgreyrpg\studio\src\darkgreyrpg.studio.wpf.tests\bin\debug\net10.0-windows\darkgreyrpg.studio.wpf.tests.dll" id="198363b9-36d7-89c6-8698-04b08cb567e2">
      <Execution id="02aab264-522a-4aea-bf7f-c1f1a67ee2aa" />
      <TestMethod codeBase="E:\Java\MinecraftMod\DarkGreyRPG\studio\src\DarkGreyRPG.Studio.Wpf.Tests\bin\Debug\net10.0-windows\DarkGreyRPG.Studio.Wpf.Tests.dll" adapterTypeName="executor://mstestadapter/v4" className="DarkGreyRPG.Studio.Wpf.Tests.CanonicalStoryWorkspaceViewTests" name="ReplacingWorkspaceDependencyPropertyRebindsCanonicalHost" />
    </UnitTest>
    <UnitTest name="ClipboardUsesWorkspacePropertyEvenWithShellDataContext" storage="e:\java\minecraftmod\darkgreyrpg\studio\src\darkgreyrpg.studio.wpf.tests\bin\debug\net10.0-windows\darkgreyrpg.studio.wpf.tests.dll" id="1ea39ec0-854b-8150-b3fc-c0fdc981f0b1">
      <Execution id="049b5579-94cb-4c68-96bf-3816066fd995" />
      <TestMethod codeBase="E:\Java\MinecraftMod\DarkGreyRPG\studio\src\DarkGreyRPG.Studio.Wpf.Tests\bin\Debug\net10.0-windows\DarkGreyRPG.Studio.Wpf.Tests.dll" adapterTypeName="executor://mstestadapter/v4" className="DarkGreyRPG.Studio.Wpf.Tests.CanonicalStoryWorkspaceViewTests" name="ClipboardUsesWorkspacePropertyEvenWithShellDataContext" />
    </UnitTest>
    <UnitTest name="ResourceGhostAndDropShareTopLeftAnchorAcrossZoomAndPan" storage="e:\java\minecraftmod\darkgreyrpg\studio\src\darkgreyrpg.studio.wpf.tests\bin\debug\net10.0-windows\darkgreyrpg.studio.wpf.tests.dll" id="12d99f20-f83f-8b19-a72c-e9693212eb18">
      <Execution id="81dd5a41-b254-4051-9606-c861407c762f" />
      <TestMethod codeBase="E:\Java\MinecraftMod\DarkGreyRPG\studio\src\DarkGreyRPG.Studio.Wpf.Tests\bin\Debug\net10.0-windows\DarkGreyRPG.Studio.Wpf.Tests.dll" adapterTypeName="executor://mstestadapter/v4" className="DarkGreyRPG.Studio.Wpf.Tests.CanonicalStoryWorkspaceViewTests" name="ResourceGhostAndDropShareTopLeftAnchorAcrossZoomAndPan" />
    </UnitTest>
    <UnitTest name="ResourceSelectionClearsVisualNodeSoSameNodeCanRestoreInspector" storage="e:\java\minecraftmod\darkgreyrpg\studio\src\darkgreyrpg.studio.wpf.tests\bin\debug\net10.0-windows\darkgreyrpg.studio.wpf.tests.dll" id="1e585da6-9f5b-880a-bc9d-dfce78c37588">
      <Execution id="318353cc-b1bd-42e4-b1e3-16c4b573499d" />
      <TestMethod codeBase="E:\Java\MinecraftMod\DarkGreyRPG\studio\src\DarkGreyRPG.Studio.Wpf.Tests\bin\Debug\net10.0-windows\DarkGreyRPG.Studio.Wpf.Tests.dll" adapterTypeName="executor://mstestadapter/v4" className="DarkGreyRPG.Studio.Wpf.Tests.CanonicalStoryWorkspaceViewTests" name="ResourceSelectionClearsVisualNodeSoSameNodeCanRestoreInspector" />
    </UnitTest>
    <UnitTest name="ChoiceOptionRemovalConfirmationIsInjectedAtViewBoundary" storage="e:\java\minecraftmod\darkgreyrpg\studio\src\darkgreyrpg.studio.wpf.tests\bin\debug\net10.0-windows\darkgreyrpg.studio.wpf.tests.dll" id="14b9cf5a-8335-86ac-8a03-4eafb4690405">
      <Execution id="252f9605-af5f-4c44-85fd-072cc5dfec40" />
      <TestMethod codeBase="E:\Java\MinecraftMod\DarkGreyRPG\studio\src\DarkGreyRPG.Studio.Wpf.Tests\bin\Debug\net10.0-windows\DarkGreyRPG.Studio.Wpf.Tests.dll" adapterTypeName="executor://mstestadapter/v4" className="DarkGreyRPG.Studio.Wpf.Tests.CanonicalStoryWorkspaceViewTests" name="ChoiceOptionRemovalConfirmationIsInjectedAtViewBoundary" />
    </UnitTest>
    <UnitTest name="InlineEditorsCanRefreshResourceOptionsWithoutRebuildingGraphState" storage="e:\java\minecraftmod\darkgreyrpg\studio\src\darkgreyrpg.studio.wpf.tests\bin\debug\net10.0-windows\darkgreyrpg.studio.wpf.tests.dll" id="13e45282-6559-8458-939a-206726ea40f8">
      <Execution id="e91a1b18-eda8-4c9b-a64a-3ec1fc4611f5" />
      <TestMethod codeBase="E:\Java\MinecraftMod\DarkGreyRPG\studio\src\DarkGreyRPG.Studio.Wpf.Tests\bin\Debug\net10.0-windows\DarkGreyRPG.Studio.Wpf.Tests.dll" adapterTypeName="executor://mstestadapter/v4" className="DarkGreyRPG.Studio.Wpf.Tests.CanonicalStoryWorkspaceViewTests" name="InlineEditorsCanRefreshResourceOptionsWithoutRebuildingGraphState" />
    </UnitTest>
    <UnitTest name="ActorForeignLocalGraphAndInvalidPositionDropsFailWithoutStoryMutation" storage="e:\java\minecraftmod\darkgreyrpg\studio\src\darkgreyrpg.studio.wpf.tests\bin\debug\net10.0-windows\darkgreyrpg.studio.wpf.tests.dll" id="17a4ee42-dad7-8596-84a3-4e69ddb3271c">
      <Execution id="379dd8a3-6fa5-417b-b604-86f1c6d72129" />
      <TestMethod codeBase="E:\Java\MinecraftMod\DarkGreyRPG\studio\src\DarkGreyRPG.Studio.Wpf.Tests\bin\Debug\net10.0-windows\DarkGreyRPG.Studio.Wpf.Tests.dll" adapterTypeName="executor://mstestadapter/v4" className="DarkGreyRPG.Studio.Wpf.Tests.CanonicalStoryWorkspaceViewTests" name="ActorForeignLocalGraphAndInvalidPositionDropsFailWithoutStoryMutation" />
    </UnitTest>
    <UnitTest name="ChoiceRenameAndReorderRefreshOnlySelectedNodeAndPreserveStableConnections" storage="e:\java\minecraftmod\darkgreyrpg\studio\src\darkgreyrpg.studio.wpf.tests\bin\debug\net10.0-windows\darkgreyrpg.studio.wpf.tests.dll" id="12f486ae-e82a-8a7a-81a6-93a8d7cbdce5">
      <Execution id="3632385f-3002-49e7-9b0e-dc1ba22986ed" />
      <TestMethod codeBase="E:\Java\MinecraftMod\DarkGreyRPG\studio\src\DarkGreyRPG.Studio.Wpf.Tests\bin\Debug\net10.0-windows\DarkGreyRPG.Studio.Wpf.Tests.dll" adapterTypeName="executor://mstestadapter/v4" className="DarkGreyRPG.Studio.Wpf.Tests.CanonicalStoryWorkspaceViewTests" name="ChoiceRenameAndReorderRefreshOnlySelectedNodeAndPreserveStableConnections" />
    </UnitTest>
    <UnitTest name="ThreeColumnViewBindsStoryHomeGraphByDefault" storage="e:\java\minecraftmod\darkgreyrpg\studio\src\darkgreyrpg.studio.wpf.tests\bin\debug\net10.0-windows\darkgreyrpg.studio.wpf.tests.dll" id="100f43fe-88b0-84fc-b31a-62d71f97bf61">
      <Execution id="8d88cba2-1352-4fe9-ace3-58eb8c54b657" />
      <TestMethod codeBase="E:\Java\MinecraftMod\DarkGreyRPG\studio\src\DarkGreyRPG.Studio.Wpf.Tests\bin\Debug\net10.0-windows\DarkGreyRPG.Studio.Wpf.Tests.dll" adapterTypeName="executor://mstestadapter/v4" className="DarkGreyRPG.Studio.Wpf.Tests.CanonicalStoryWorkspaceViewTests" name="ThreeColumnViewBindsStoryHomeGraphByDefault" />
    </UnitTest>
    <UnitTest name="ShortcutProtectsCountAndNeverProtectsOriginalIdentity" storage="e:\java\minecraftmod\darkgreyrpg\studio\src\darkgreyrpg.studio.wpf.tests\bin\debug\net10.0-windows\darkgreyrpg.studio.wpf.tests.dll" id="18486ffb-9a0e-8c96-9019-e657551908c9">
      <Execution id="a3818c1a-f594-405e-9a0b-ecac4c02b926" />
      <TestMethod codeBase="E:\Java\MinecraftMod\DarkGreyRPG\studio\src\DarkGreyRPG.Studio.Wpf.Tests\bin\Debug\net10.0-windows\DarkGreyRPG.Studio.Wpf.Tests.dll" adapterTypeName="executor://mstestadapter/v4" className="DarkGreyRPG.Studio.Wpf.Tests.ContinuousLine0334Tests" name="ShortcutProtectsCountAndNeverProtectsOriginalIdentity" />
    </UnitTest>
    <UnitTest name="DirtyGraphAllowsVisualActivationAndKeepsOriginalDraft" storage="e:\java\minecraftmod\darkgreyrpg\studio\src\darkgreyrpg.studio.wpf.tests\bin\debug\net10.0-windows\darkgreyrpg.studio.wpf.tests.dll" id="10d6da73-a395-828e-933e-61081a39e62f">
      <Execution id="9863bf1f-8dfb-47fc-8301-03b8258a29f7" />
      <TestMethod codeBase="E:\Java\MinecraftMod\DarkGreyRPG\studio\src\DarkGreyRPG.Studio.Wpf.Tests\bin\Debug\net10.0-windows\DarkGreyRPG.Studio.Wpf.Tests.dll" adapterTypeName="executor://mstestadapter/v4" className="DarkGreyRPG.Studio.Wpf.Tests.CanonicalStoryWorkspaceViewTests" name="DirtyGraphAllowsVisualActivationAndKeepsOriginalDraft" />
    </UnitTest>
  </TestDefinitions>
  <TestEntries>
    <TestEntry testId="1fa68f9b-2ba6-8d96-b04b-abf298c908fa" executionId="94531463-0245-471d-82c3-9dc4f4dce523" testListId="8c84fa94-04c1-424b-9868-57a2d4851a1d" />
    <TestEntry testId="1ef48c15-6d8b-8251-ac76-a2f9e68026a7" executionId="ae61224e-db6b-4eb0-afcf-c4b6de09afdd" testListId="8c84fa94-04c1-424b-9868-57a2d4851a1d" />
    <TestEntry testId="11f62963-778f-8997-bfd7-9fef7e2bd1eb" executionId="9a6787ed-3574-4f42-a16a-e7ff73366ddc" testListId="8c84fa94-04c1-424b-9868-57a2d4851a1d" />
    <TestEntry testId="10935aa8-d8f9-8134-87db-4fece00720e3" executionId="c4b8940b-0d4c-469e-afe6-2c47f35736d3" testListId="8c84fa94-04c1-424b-9868-57a2d4851a1d" />
    <TestEntry testId="1c17570d-b82e-852d-8bb1-3e17377e47af" executionId="69851b0c-b4c0-4a1c-9d6c-1ac5477d6b7d" testListId="8c84fa94-04c1-424b-9868-57a2d4851a1d" />
    <TestEntry testId="18230eb1-893b-8768-aa73-1f57da9a3e69" executionId="a1f79155-56df-40f8-a42e-07aec536e413" testListId="8c84fa94-04c1-424b-9868-57a2d4851a1d" />
    <TestEntry testId="104a0272-ede3-8e83-9736-5f3d31660112" executionId="658a9dca-311d-4d03-84b6-e2f9d198bef8" testListId="8c84fa94-04c1-424b-9868-57a2d4851a1d" />
    <TestEntry testId="1eac66b1-7f15-80e1-bc7c-bb330f392741" executionId="0227da49-34c3-4ecc-a67e-bc7a8cc371c0" testListId="8c84fa94-04c1-424b-9868-57a2d4851a1d" />
    <TestEntry testId="100f43fe-88b0-84fc-b31a-62d71f97bf61" executionId="8d88cba2-1352-4fe9-ace3-58eb8c54b657" testListId="8c84fa94-04c1-424b-9868-57a2d4851a1d" />
    <TestEntry testId="198363b9-36d7-89c6-8698-04b08cb567e2" executionId="02aab264-522a-4aea-bf7f-c1f1a67ee2aa" testListId="8c84fa94-04c1-424b-9868-57a2d4851a1d" />
    <TestEntry testId="1ef5c307-888f-8125-8a80-1c3614f0528f" executionId="560f5bfb-9258-4ba4-ad94-e40d00e125d3" testListId="8c84fa94-04c1-424b-9868-57a2d4851a1d" />
    <TestEntry testId="1810b097-ff33-8f61-a63c-381924e27a1d" executionId="386f076f-0405-4989-b680-0dcae8db8ad8" testListId="8c84fa94-04c1-424b-9868-57a2d4851a1d" />
    <TestEntry testId="1eae7457-42db-80e4-bc18-3813f5bf405d" executionId="84e7c0ad-650d-429f-94f5-b3e4f5210f40" testListId="8c84fa94-04c1-424b-9868-57a2d4851a1d" />
    <TestEntry testId="18ad648a-db0f-8d48-87db-4f18f25b468b" executionId="495aca0f-2152-4b1b-9d22-cd6a05595777" testListId="8c84fa94-04c1-424b-9868-57a2d4851a1d" />
    <TestEntry testId="12f486ae-e82a-8a7a-81a6-93a8d7cbdce5" executionId="3632385f-3002-49e7-9b0e-dc1ba22986ed" testListId="8c84fa94-04c1-424b-9868-57a2d4851a1d" />
    <TestEntry testId="18486ffb-9a0e-8c96-9019-e657551908c9" executionId="a3818c1a-f594-405e-9a0b-ecac4c02b926" testListId="8c84fa94-04c1-424b-9868-57a2d4851a1d" />
    <TestEntry testId="12d99f20-f83f-8b19-a72c-e9693212eb18" executionId="81dd5a41-b254-4051-9606-c861407c762f" testListId="8c84fa94-04c1-424b-9868-57a2d4851a1d" />
    <TestEntry testId="15bc1bd6-09bf-8a02-b6e5-0d6b7ff1f9ac" executionId="c67eb0b3-b62e-4ff7-8f7e-ed788edf9d72" testListId="8c84fa94-04c1-424b-9868-57a2d4851a1d" />
    <TestEntry testId="1ea39ec0-854b-8150-b3fc-c0fdc981f0b1" executionId="049b5579-94cb-4c68-96bf-3816066fd995" testListId="8c84fa94-04c1-424b-9868-57a2d4851a1d" />
    <TestEntry testId="102faf94-fe53-8fba-ae44-029eecd5b449" executionId="ced18fe5-7962-4a0b-b7bd-a1405c7f8231" testListId="8c84fa94-04c1-424b-9868-57a2d4851a1d" />
    <TestEntry testId="149472a5-c579-8c4c-bfb3-fe30fdc2568e" executionId="410a138d-dd34-47f6-9dcd-499a7012f9ad" testListId="8c84fa94-04c1-424b-9868-57a2d4851a1d" />
    <TestEntry testId="1e585da6-9f5b-880a-bc9d-dfce78c37588" executionId="318353cc-b1bd-42e4-b1e3-16c4b573499d" testListId="8c84fa94-04c1-424b-9868-57a2d4851a1d" />
    <TestEntry testId="14b9cf5a-8335-86ac-8a03-4eafb4690405" executionId="252f9605-af5f-4c44-85fd-072cc5dfec40" testListId="8c84fa94-04c1-424b-9868-57a2d4851a1d" />
    <TestEntry testId="140e0e4e-6900-826f-8a91-3f8f0bd81287" executionId="be963115-f9fb-4143-8a26-12b3a3fd22fb" testListId="8c84fa94-04c1-424b-9868-57a2d4851a1d" />
    <TestEntry testId="11553dc9-384f-84bc-8da6-b0ada3589a15" executionId="b35ff53c-2956-4f63-8fe8-f87431b95113" testListId="8c84fa94-04c1-424b-9868-57a2d4851a1d" />
    <TestEntry testId="10d6da73-a395-828e-933e-61081a39e62f" executionId="9863bf1f-8dfb-47fc-8301-03b8258a29f7" testListId="8c84fa94-04c1-424b-9868-57a2d4851a1d" />
    <TestEntry testId="17a4ee42-dad7-8596-84a3-4e69ddb3271c" executionId="379dd8a3-6fa5-417b-b604-86f1c6d72129" testListId="8c84fa94-04c1-424b-9868-57a2d4851a1d" />
    <TestEntry testId="185ceb56-cf12-8fef-9a95-bf79204cee8f" executionId="f545f4a3-7350-443e-8dec-58bb0b831430" testListId="8c84fa94-04c1-424b-9868-57a2d4851a1d" />
    <TestEntry testId="1b90d771-51b3-89cc-b555-ab909280de63" executionId="2ad4b139-c0f6-44f9-87ae-e5436ff69eb2" testListId="8c84fa94-04c1-424b-9868-57a2d4851a1d" />
    <TestEntry testId="13e45282-6559-8458-939a-206726ea40f8" executionId="e91a1b18-eda8-4c9b-a64a-3ec1fc4611f5" testListId="8c84fa94-04c1-424b-9868-57a2d4851a1d" />
    <TestEntry testId="1690c935-2514-8a9c-bd1a-820db5f7b5a8" executionId="f15584a7-e183-4504-a931-c122bff1d4d5" testListId="8c84fa94-04c1-424b-9868-57a2d4851a1d" />
    <TestEntry testId="1ec046d4-c144-8ef1-882f-0bd7bfb54b3a" executionId="8202fad8-3f6c-4f8f-a97f-e2b62d43a872" testListId="8c84fa94-04c1-424b-9868-57a2d4851a1d" />
    <TestEntry testId="17e3ec67-11c6-830c-bd37-6258bf3c9f2b" executionId="16c5c883-a276-45ee-b9a8-c1d42f308970" testListId="8c84fa94-04c1-424b-9868-57a2d4851a1d" />
  </TestEntries>
  <TestLists>
    <TestList name="列表中未列出的结果" id="8c84fa94-04c1-424b-9868-57a2d4851a1d" />
    <TestList name="所有已加载的结果" id="19431567-8539-422a-85d7-44ee4e166bda" />
  </TestLists>
  <ResultSummary outcome="Completed">
    <Counters total="33" executed="33" passed="33" failed="0" error="0" timeout="0" aborted="0" inconclusive="0" passedButRunAborted="0" notRunnable="0" notExecuted="0" disconnected="0" warning="0" completed="0" inProgress="0" pending="0" />
    <Output>
      <StdOut>已为 E:\Java\MinecraftMod\DarkGreyRPG\studio\src\DarkGreyRPG.Studio.Wpf.Tests\bin\Debug\net10.0-windows\DarkGreyRPG.Studio.Wpf.Tests.dll 启用测试并行化(Workers: 12，Scope: MethodLevel)&#xD;
</StdOut>
    </Output>
  </ResultSummary>
</TestRun>