  DarkGreyRPG.Studio.Core -> E:\Java\MinecraftMod\DarkGreyRPG\studio\src\DarkGreyRPG.Studio.Core\bin\Release\net10.0\DarkGreyRPG.Studio.Core.dll
E:\Java\MinecraftMod\DarkGreyRPG\studio\src\DarkGreyRPG.Studio.Tests\AtomicFileWriterTests.cs(18,9): warning MSTEST0037: 使用“Assert.IsEmpty”而不是“Assert.AreEqual” (https://learn.microsoft.com/dotnet/core/testing/mstest-analyzers/mstest0037) [E:\Java\MinecraftMod\DarkGreyRPG\studio\src\DarkGreyRPG.Studio.Tests\DarkGreyRPG.Studio.Tests.csproj]
E:\Java\MinecraftMod\DarkGreyRPG\studio\src\DarkGreyRPG.Studio.Tests\AtomicFileWriterTests.cs(32,9): warning MSTEST0037: 使用“Assert.IsEmpty”而不是“Assert.AreEqual” (https://learn.microsoft.com/dotnet/core/testing/mstest-analyzers/mstest0037) [E:\Java\MinecraftMod\DarkGreyRPG\studio\src\DarkGreyRPG.Studio.Tests\DarkGreyRPG.Studio.Tests.csproj]
E:\Java\MinecraftMod\DarkGreyRPG\studio\src\DarkGreyRPG.Studio.Tests\ActorRepositoryTests.cs(103,9): warning MSTEST0037: 使用“Assert.IsEmpty”而不是“Assert.AreEqual” (https://learn.microsoft.com/dotnet/core/testing/mstest-analyzers/mstest0037) [E:\Java\MinecraftMod\DarkGreyRPG\studio\src\DarkGreyRPG.Studio.Tests\DarkGreyRPG.Studio.Tests.csproj]
E:\Java\MinecraftMod\DarkGreyRPG\studio\src\DarkGreyRPG.Studio.Tests\ActorDocumentTests.cs(15,9): warning MSTEST0037: 使用“Assert.IsEmpty”而不是“Assert.AreEqual” (https://learn.microsoft.com/dotnet/core/testing/mstest-analyzers/mstest0037) [E:\Java\MinecraftMod\DarkGreyRPG\studio\src\DarkGreyRPG.Studio.Tests\DarkGreyRPG.Studio.Tests.csproj]
E:\Java\MinecraftMod\DarkGreyRPG\studio\src\DarkGreyRPG.Studio.Tests\ActorSerializationTests.cs(23,9): warning MSTEST0037: 使用“Assert.EndsWith”而不是“Assert.IsTrue” (https://learn.microsoft.com/dotnet/core/testing/mstest-analyzers/mstest0037) [E:\Java\MinecraftMod\DarkGreyRPG\studio\src\DarkGreyRPG.Studio.Tests\DarkGreyRPG.Studio.Tests.csproj]
E:\Java\MinecraftMod\DarkGreyRPG\studio\src\DarkGreyRPG.Studio.Tests\ActorRepositoryTests.cs(121,9): warning MSTEST0037: 使用“Assert.IsEmpty”而不是“Assert.AreEqual” (https://learn.microsoft.com/dotnet/core/testing/mstest-analyzers/mstest0037) [E:\Java\MinecraftMod\DarkGreyRPG\studio\src\DarkGreyRPG.Studio.Tests\DarkGreyRPG.Studio.Tests.csproj]
E:\Java\MinecraftMod\DarkGreyRPG\studio\src\DarkGreyRPG.Studio.Tests\AudioImport0330Tests.cs(53,13): warning MSTEST0037: 使用“Assert.IsGreaterThan”而不是“Assert.IsTrue” (https://learn.microsoft.com/dotnet/core/testing/mstest-analyzers/mstest0037) [E:\Java\MinecraftMod\DarkGreyRPG\studio\src\DarkGreyRPG.Studio.Tests\DarkGreyRPG.Studio.Tests.csproj]
E:\Java\MinecraftMod\DarkGreyRPG\studio\src\DarkGreyRPG.Studio.Tests\CanonicalStoryActionSchemaTests.cs(14,9): warning MSTEST0037: 使用“Assert.HasCount”而不是“Assert.AreEqual” (https://learn.microsoft.com/dotnet/core/testing/mstest-analyzers/mstest0037) [E:\Java\MinecraftMod\DarkGreyRPG\studio\src\DarkGreyRPG.Studio.Tests\DarkGreyRPG.Studio.Tests.csproj]
E:\Java\MinecraftMod\DarkGreyRPG\studio\src\DarkGreyRPG.Studio.Tests\CanonicalTaskRewardTests.cs(16,9): warning MSTEST0037: 使用“Assert.HasCount”而不是“Assert.AreEqual” (https://learn.microsoft.com/dotnet/core/testing/mstest-analyzers/mstest0037) [E:\Java\MinecraftMod\DarkGreyRPG\studio\src\DarkGreyRPG.Studio.Tests\DarkGreyRPG.Studio.Tests.csproj]
E:\Java\MinecraftMod\DarkGreyRPG\studio\src\DarkGreyRPG.Studio.Tests\CanonicalTaskRewardTests.cs(22,9): warning MSTEST0037: 使用“Assert.HasCount”而不是“Assert.AreEqual” (https://learn.microsoft.com/dotnet/core/testing/mstest-analyzers/mstest0037) [E:\Java\MinecraftMod\DarkGreyRPG\studio\src\DarkGreyRPG.Studio.Tests\DarkGreyRPG.Studio.Tests.csproj]
E:\Java\MinecraftMod\DarkGreyRPG\studio\src\DarkGreyRPG.Studio.Tests\CanonicalTaskRewardTests.cs(26,13): warning MSTEST0037: 使用“Assert.IsNotEmpty”而不是“Assert.IsTrue” (https://learn.microsoft.com/dotnet/core/testing/mstest-analyzers/mstest0037) [E:\Java\MinecraftMod\DarkGreyRPG\studio\src\DarkGreyRPG.Studio.Tests\DarkGreyRPG.Studio.Tests.csproj]
E:\Java\MinecraftMod\DarkGreyRPG\studio\src\DarkGreyRPG.Studio.Tests\CanonicalTaskRewardTests.cs(30,9): warning MSTEST0037: 使用“Assert.IsEmpty”而不是“Assert.AreEqual” (https://learn.microsoft.com/dotnet/core/testing/mstest-analyzers/mstest0037) [E:\Java\MinecraftMod\DarkGreyRPG\studio\src\DarkGreyRPG.Studio.Tests\DarkGreyRPG.Studio.Tests.csproj]
E:\Java\MinecraftMod\DarkGreyRPG\studio\src\DarkGreyRPG.Studio.Tests\CanonicalTaskMetadataTests.cs(74,13): warning MSTEST0037: 使用“Assert.DoesNotContain”而不是“Assert.IsFalse” (https://learn.microsoft.com/dotnet/core/testing/mstest-analyzers/mstest0037) [E:\Java\MinecraftMod\DarkGreyRPG\studio\src\DarkGreyRPG.Studio.Tests\DarkGreyRPG.Studio.Tests.csproj]
E:\Java\MinecraftMod\DarkGreyRPG\studio\src\DarkGreyRPG.Studio.Tests\StoryNodeDefinitionRegistryTests.cs(13,9): warning MSTEST0037: 使用“Assert.HasCount”而不是“Assert.AreEqual” (https://learn.microsoft.com/dotnet/core/testing/mstest-analyzers/mstest0037) [E:\Java\MinecraftMod\DarkGreyRPG\studio\src\DarkGreyRPG.Studio.Tests\DarkGreyRPG.Studio.Tests.csproj]
E:\Java\MinecraftMod\DarkGreyRPG\studio\src\DarkGreyRPG.Studio.Tests\ExternalReferencePackageExportTests.cs(23,9): warning MSTEST0037: 使用“Assert.HasCount”而不是“Assert.AreEqual” (https://learn.microsoft.com/dotnet/core/testing/mstest-analyzers/mstest0037) [E:\Java\MinecraftMod\DarkGreyRPG\studio\src\DarkGreyRPG.Studio.Tests\DarkGreyRPG.Studio.Tests.csproj]
E:\Java\MinecraftMod\DarkGreyRPG\studio\src\DarkGreyRPG.Studio.Tests\ExternalReferencePackageExportTests.cs(27,9): warning MSTEST0037: 使用“Assert.HasCount”而不是“Assert.AreEqual” (https://learn.microsoft.com/dotnet/core/testing/mstest-analyzers/mstest0037) [E:\Java\MinecraftMod\DarkGreyRPG\studio\src\DarkGreyRPG.Studio.Tests\DarkGreyRPG.Studio.Tests.csproj]
E:\Java\MinecraftMod\DarkGreyRPG\studio\src\DarkGreyRPG.Studio.Tests\ExternalReferencePackageExportTests.cs(117,9): warning MSTEST0037: 使用“Assert.HasCount”而不是“Assert.AreEqual” (https://learn.microsoft.com/dotnet/core/testing/mstest-analyzers/mstest0037) [E:\Java\MinecraftMod\DarkGreyRPG\studio\src\DarkGreyRPG.Studio.Tests\DarkGreyRPG.Studio.Tests.csproj]
E:\Java\MinecraftMod\DarkGreyRPG\studio\src\DarkGreyRPG.Studio.Tests\ExternalReferencePackageExportTests.cs(118,9): warning MSTEST0037: 使用“Assert.HasCount”而不是“Assert.AreEqual” (https://learn.microsoft.com/dotnet/core/testing/mstest-analyzers/mstest0037) [E:\Java\MinecraftMod\DarkGreyRPG\studio\src\DarkGreyRPG.Studio.Tests\DarkGreyRPG.Studio.Tests.csproj]
E:\Java\MinecraftMod\DarkGreyRPG\studio\src\DarkGreyRPG.Studio.Tests\ExternalReferencePackageExportTests.cs(119,9): warning MSTEST0037: 使用“Assert.HasCount”而不是“Assert.AreEqual” (https://learn.microsoft.com/dotnet/core/testing/mstest-analyzers/mstest0037) [E:\Java\MinecraftMod\DarkGreyRPG\studio\src\DarkGreyRPG.Studio.Tests\DarkGreyRPG.Studio.Tests.csproj]
E:\Java\MinecraftMod\DarkGreyRPG\studio\src\DarkGreyRPG.Studio.Tests\StoryFlowRecoveryStoreTests.cs(17,9): warning MSTEST0037: 使用“Assert.IsEmpty”而不是“Assert.AreEqual” (https://learn.microsoft.com/dotnet/core/testing/mstest-analyzers/mstest0037) [E:\Java\MinecraftMod\DarkGreyRPG\studio\src\DarkGreyRPG.Studio.Tests\DarkGreyRPG.Studio.Tests.csproj]
E:\Java\MinecraftMod\DarkGreyRPG\studio\src\DarkGreyRPG.Studio.Tests\CanonicalTaskObjectiveAuthoringTests.cs(251,9): warning MSTEST0037: 使用“Assert.IsEmpty”而不是“Assert.AreEqual” (https://learn.microsoft.com/dotnet/core/testing/mstest-analyzers/mstest0037) [E:\Java\MinecraftMod\DarkGreyRPG\studio\src\DarkGreyRPG.Studio.Tests\DarkGreyRPG.Studio.Tests.csproj]
E:\Java\MinecraftMod\DarkGreyRPG\studio\src\DarkGreyRPG.Studio.Tests\StoryFlowRecoveryStoreTests.cs(63,9): warning MSTEST0037: 使用“Assert.HasCount”而不是“Assert.AreEqual” (https://learn.microsoft.com/dotnet/core/testing/mstest-analyzers/mstest0037) [E:\Java\MinecraftMod\DarkGreyRPG\studio\src\DarkGreyRPG.Studio.Tests\DarkGreyRPG.Studio.Tests.csproj]
E:\Java\MinecraftMod\DarkGreyRPG\studio\src\DarkGreyRPG.Studio.Tests\StoryFlowRecoveryStoreTests.cs(44,9): warning MSTEST0037: 使用“Assert.IsEmpty”而不是“Assert.AreEqual” (https://learn.microsoft.com/dotnet/core/testing/mstest-analyzers/mstest0037) [E:\Java\MinecraftMod\DarkGreyRPG\studio\src\DarkGreyRPG.Studio.Tests\DarkGreyRPG.Studio.Tests.csproj]
E:\Java\MinecraftMod\DarkGreyRPG\studio\src\DarkGreyRPG.Studio.Tests\StoryFlowRecoveryStoreTests.cs(47,9): warning MSTEST0037: 使用“Assert.HasCount”而不是“Assert.AreEqual” (https://learn.microsoft.com/dotnet/core/testing/mstest-analyzers/mstest0037) [E:\Java\MinecraftMod\DarkGreyRPG\studio\src\DarkGreyRPG.Studio.Tests\DarkGreyRPG.Studio.Tests.csproj]
E:\Java\MinecraftMod\DarkGreyRPG\studio\src\DarkGreyRPG.Studio.Tests\GraphResourceMetadataTests.cs(28,9): warning MSTEST0037: 使用“Assert.DoesNotContain”而不是“Assert.IsFalse” (https://learn.microsoft.com/dotnet/core/testing/mstest-analyzers/mstest0037) [E:\Java\MinecraftMod\DarkGreyRPG\studio\src\DarkGreyRPG.Studio.Tests\DarkGreyRPG.Studio.Tests.csproj]
E:\Java\MinecraftMod\DarkGreyRPG\studio\src\DarkGreyRPG.Studio.Tests\GraphResourceMetadataTests.cs(29,9): warning MSTEST0037: 使用“Assert.IsEmpty”而不是“Assert.AreEqual” (https://learn.microsoft.com/dotnet/core/testing/mstest-analyzers/mstest0037) [E:\Java\MinecraftMod\DarkGreyRPG\studio\src\DarkGreyRPG.Studio.Tests\DarkGreyRPG.Studio.Tests.csproj]
E:\Java\MinecraftMod\DarkGreyRPG\studio\src\DarkGreyRPG.Studio.Tests\GraphResourceMetadataTests.cs(45,9): warning MSTEST0037: 使用“Assert.IsEmpty”而不是“Assert.AreEqual” (https://learn.microsoft.com/dotnet/core/testing/mstest-analyzers/mstest0037) [E:\Java\MinecraftMod\DarkGreyRPG\studio\src\DarkGreyRPG.Studio.Tests\DarkGreyRPG.Studio.Tests.csproj]
E:\Java\MinecraftMod\DarkGreyRPG\studio\src\DarkGreyRPG.Studio.Tests\GraphNodeDefinitionSchemaTests.cs(105,9): warning MSTEST0037: 使用“Assert.HasCount”而不是“Assert.AreEqual” (https://learn.microsoft.com/dotnet/core/testing/mstest-analyzers/mstest0037) [E:\Java\MinecraftMod\DarkGreyRPG\studio\src\DarkGreyRPG.Studio.Tests\DarkGreyRPG.Studio.Tests.csproj]
E:\Java\MinecraftMod\DarkGreyRPG\studio\src\DarkGreyRPG.Studio.Tests\ImageImportFormatsTests.cs(49,9): warning MSTEST0037: 使用“Assert.EndsWith”而不是“Assert.IsTrue” (https://learn.microsoft.com/dotnet/core/testing/mstest-analyzers/mstest0037) [E:\Java\MinecraftMod\DarkGreyRPG\studio\src\DarkGreyRPG.Studio.Tests\DarkGreyRPG.Studio.Tests.csproj]
E:\Java\MinecraftMod\DarkGreyRPG\studio\src\DarkGreyRPG.Studio.Tests\StoryDeletionCoreTests.cs(201,9): warning MSTEST0037: 使用“Assert.IsNotEmpty”而不是“Assert.IsFalse” (https://learn.microsoft.com/dotnet/core/testing/mstest-analyzers/mstest0037) [E:\Java\MinecraftMod\DarkGreyRPG\studio\src\DarkGreyRPG.Studio.Tests\DarkGreyRPG.Studio.Tests.csproj]
E:\Java\MinecraftMod\DarkGreyRPG\studio\src\DarkGreyRPG.Studio.Tests\M2CoreTests.cs(32,9): warning MSTEST0037: 使用“Assert.HasCount”而不是“Assert.AreEqual” (https://learn.microsoft.com/dotnet/core/testing/mstest-analyzers/mstest0037) [E:\Java\MinecraftMod\DarkGreyRPG\studio\src\DarkGreyRPG.Studio.Tests\DarkGreyRPG.Studio.Tests.csproj]
E:\Java\MinecraftMod\DarkGreyRPG\studio\src\DarkGreyRPG.Studio.Tests\M2CoreTests.cs(37,9): warning MSTEST0037: 使用“Assert.HasCount”而不是“Assert.AreEqual” (https://learn.microsoft.com/dotnet/core/testing/mstest-analyzers/mstest0037) [E:\Java\MinecraftMod\DarkGreyRPG\studio\src\DarkGreyRPG.Studio.Tests\DarkGreyRPG.Studio.Tests.csproj]
E:\Java\MinecraftMod\DarkGreyRPG\studio\src\DarkGreyRPG.Studio.Tests\ItemRepositoryTests.cs(56,9): warning MSTEST0037: 使用“Assert.IsEmpty”而不是“Assert.AreEqual” (https://learn.microsoft.com/dotnet/core/testing/mstest-analyzers/mstest0037) [E:\Java\MinecraftMod\DarkGreyRPG\studio\src\DarkGreyRPG.Studio.Tests\DarkGreyRPG.Studio.Tests.csproj]
E:\Java\MinecraftMod\DarkGreyRPG\studio\src\DarkGreyRPG.Studio.Tests\GraphNodeDefinitionSchemaTests.cs(263,9): warning MSTEST0037: 使用“Assert.AreEqual”而不是“Assert.IsTrue” (https://learn.microsoft.com/dotnet/core/testing/mstest-analyzers/mstest0037) [E:\Java\MinecraftMod\DarkGreyRPG\studio\src\DarkGreyRPG.Studio.Tests\DarkGreyRPG.Studio.Tests.csproj]
E:\Java\MinecraftMod\DarkGreyRPG\studio\src\DarkGreyRPG.Studio.Tests\M4CoreTests.cs(109,9): warning MSTEST0037: 使用“Assert.HasCount”而不是“Assert.AreEqual” (https://learn.microsoft.com/dotnet/core/testing/mstest-analyzers/mstest0037) [E:\Java\MinecraftMod\DarkGreyRPG\studio\src\DarkGreyRPG.Studio.Tests\DarkGreyRPG.Studio.Tests.csproj]
E:\Java\MinecraftMod\DarkGreyRPG\studio\src\DarkGreyRPG.Studio.Tests\M6FlowCoreTests.cs(14,9): warning MSTEST0037: 使用“Assert.AreEqual”而不是“Assert.IsTrue” (https://learn.microsoft.com/dotnet/core/testing/mstest-analyzers/mstest0037) [E:\Java\MinecraftMod\DarkGreyRPG\studio\src\DarkGreyRPG.Studio.Tests\DarkGreyRPG.Studio.Tests.csproj]
E:\Java\MinecraftMod\DarkGreyRPG\studio\src\DarkGreyRPG.Studio.Tests\SessionPortrait0330Tests.cs(22,9): warning MSTEST0037: 使用“Assert.IsEmpty”而不是“Assert.AreEqual” (https://learn.microsoft.com/dotnet/core/testing/mstest-analyzers/mstest0037) [E:\Java\MinecraftMod\DarkGreyRPG\studio\src\DarkGreyRPG.Studio.Tests\DarkGreyRPG.Studio.Tests.csproj]
E:\Java\MinecraftMod\DarkGreyRPG\studio\src\DarkGreyRPG.Studio.Tests\SessionPortrait0330Tests.cs(24,9): warning MSTEST0037: 使用“Assert.IsNotEmpty”而不是“Assert.IsTrue” (https://learn.microsoft.com/dotnet/core/testing/mstest-analyzers/mstest0037) [E:\Java\MinecraftMod\DarkGreyRPG\studio\src\DarkGreyRPG.Studio.Tests\DarkGreyRPG.Studio.Tests.csproj]
E:\Java\MinecraftMod\DarkGreyRPG\studio\src\DarkGreyRPG.Studio.Tests\SessionPortrait0330Tests.cs(27,9): warning MSTEST0037: 使用“Assert.IsNotEmpty”而不是“Assert.IsTrue” (https://learn.microsoft.com/dotnet/core/testing/mstest-analyzers/mstest0037) [E:\Java\MinecraftMod\DarkGreyRPG\studio\src\DarkGreyRPG.Studio.Tests\DarkGreyRPG.Studio.Tests.csproj]
E:\Java\MinecraftMod\DarkGreyRPG\studio\src\DarkGreyRPG.Studio.Tests\NamespaceFileTransactionTests.cs(111,9): warning MSTEST0037: 使用“Assert.IsEmpty”而不是“Assert.AreEqual” (https://learn.microsoft.com/dotnet/core/testing/mstest-analyzers/mstest0037) [E:\Java\MinecraftMod\DarkGreyRPG\studio\src\DarkGreyRPG.Studio.Tests\DarkGreyRPG.Studio.Tests.csproj]
E:\Java\MinecraftMod\DarkGreyRPG\studio\src\DarkGreyRPG.Studio.Tests\OfflineCollaborationTests.cs(117,9): warning MSTEST0037: 使用“Assert.HasCount”而不是“Assert.AreEqual” (https://learn.microsoft.com/dotnet/core/testing/mstest-analyzers/mstest0037) [E:\Java\MinecraftMod\DarkGreyRPG\studio\src\DarkGreyRPG.Studio.Tests\DarkGreyRPG.Studio.Tests.csproj]
E:\Java\MinecraftMod\DarkGreyRPG\studio\src\DarkGreyRPG.Studio.Tests\NamespaceFileTransactionTests.cs(32,9): warning MSTEST0037: 使用“Assert.IsEmpty”而不是“Assert.AreEqual” (https://learn.microsoft.com/dotnet/core/testing/mstest-analyzers/mstest0037) [E:\Java\MinecraftMod\DarkGreyRPG\studio\src\DarkGreyRPG.Studio.Tests\DarkGreyRPG.Studio.Tests.csproj]
E:\Java\MinecraftMod\DarkGreyRPG\studio\src\DarkGreyRPG.Studio.Tests\SessionPortrait0330Tests.cs(48,9): warning MSTEST0037: 使用“Assert.HasCount”而不是“Assert.AreEqual” (https://learn.microsoft.com/dotnet/core/testing/mstest-analyzers/mstest0037) [E:\Java\MinecraftMod\DarkGreyRPG\studio\src\DarkGreyRPG.Studio.Tests\DarkGreyRPG.Studio.Tests.csproj]
E:\Java\MinecraftMod\DarkGreyRPG\studio\src\DarkGreyRPG.Studio.Tests\ProjectServiceTests.cs(158,9): warning MSTEST0037: 使用“Assert.HasCount”而不是“Assert.AreEqual” (https://learn.microsoft.com/dotnet/core/testing/mstest-analyzers/mstest0037) [E:\Java\MinecraftMod\DarkGreyRPG\studio\src\DarkGreyRPG.Studio.Tests\DarkGreyRPG.Studio.Tests.csproj]
E:\Java\MinecraftMod\DarkGreyRPG\studio\src\DarkGreyRPG.Studio.Tests\SessionPagesTests.cs(79,9): warning MSTEST0037: 使用“Assert.HasCount”而不是“Assert.AreEqual” (https://learn.microsoft.com/dotnet/core/testing/mstest-analyzers/mstest0037) [E:\Java\MinecraftMod\DarkGreyRPG\studio\src\DarkGreyRPG.Studio.Tests\DarkGreyRPG.Studio.Tests.csproj]
  DarkGreyRPG.Studio.Tests -> E:\Java\MinecraftMod\DarkGreyRPG\studio\src\DarkGreyRPG.Studio.Tests\bin\Release\net10.0\DarkGreyRPG.Studio.Tests.dll
E:\Java\MinecraftMod\DarkGreyRPG\studio\src\DarkGreyRPG.Studio.Tests\bin\Release\net10.0\DarkGreyRPG.Studio.Tests.dll (.NETCoreApp,Version=v10.0)的测试运行
总共 1 个测试文件与指定模式相匹配。
  已跳过 PngAndJpegImportsDecodeAndRemainOwnedAfterSourcesAreRemoved [19 ms]
  已跳过 WavAndMp3BecomeOwnedVorbisAndDuplicateImportsReuseBytes [19 ms]
  已跳过 SupportedFormatsBecomeStaticOwnedPng ("webp","libwebp",False,True) [25 ms]
  已跳过 SupportedFormatsBecomeStaticOwnedPng ("gif","gif",True,False) [19 ms]
  已跳过 SupportedFormatsBecomeStaticOwnedPng ("png","png",False,True) [25 ms]
  已跳过 SupportedFormatsBecomeStaticOwnedPng ("jpg","mjpeg",False,False) [25 ms]
  已跳过 SupportedFormatsBecomeStaticOwnedPng ("bmp","bmp",False,False) [25 ms]
  已跳过 SupportedFormatsBecomeStaticOwnedPng ("apng","apng",True,True) [10 ms]
  已跳过 SupportedFormatsBecomeStaticOwnedPng ("tiff","tiff",False,True) [18 ms]
  已跳过 SupportedFormatsBecomeStaticOwnedPng ("webp","libwebp_anim",True,True) [6 ms]
  已跳过 MismatchedExtensionImportsButCorruptionAndPixelLimitLeaveNoMedia [15 ms]
  已跳过 B3KillSlimesCopyMigratesReopensAndExportsWithoutChangingSource [10 ms]

已通过! - 失败:     0，通过:   453，已跳过:    12，总计:   465，持续时间: 2 s - DarkGreyRPG.Studio.Tests.dll (net10.0)
