<?xml version="1.0" encoding="utf-8"?>
<TestRun id="fb4fedc6-e302-4a47-b480-9f9a57d59675" name="GreyHat@LAPTOP-F7PUVUPO 2026-10-05 22:09:39" runUser="LAPTOP-F7PUVUPO\GreyHat" xmlns="http://microsoft.com/schemas/VisualStudio/TeamTest/2010">
  <Times creation="2026-10-05T22:09:39.4838299+08:00" queuing="2026-10-05T22:09:39.4838303+08:00" start="2026-10-05T22:09:38.4777036+08:00" finish="2026-10-05T22:09:42.7717413+08:00" />
  <TestSettings name="default" id="67380ae0-613d-46a8-a23e-b42d030ded8b">
    <Deployment runDeploymentRoot="GreyHat_LAPTOP-F7PUVUPO_2026-10-05_22_09_39" />
  </TestSettings>
  <Results>
    <UnitTestResult executionId="2e658531-7139-40dc-b514-0da44478287b" testId="1bee2f74-e738-816b-bc86-fa8174bf3218" testName="ReferenceRefreshRetainsHostPositionsAndHistoryAcrossAddRemoveAndRestore" computerName="LAPTOP-F7PUVUPO" duration="00:00:00.7378044" startTime="2026-10-05T22:09:40.8780297+08:00" endTime="2026-10-05T22:09:41.6159986+08:00" testType="13cdc9d9-ddb5-4fa4-a97d-d965ccfc6d4b" outcome="Passed" testListId="8c84fa94-04c1-424b-9868-57a2d4851a1d" relativeResultsDirectory="2e658531-7139-40dc-b514-0da44478287b" />
    <UnitTestResult executionId="8e8bca7e-b709-48ba-bd92-9538ef2f45b0" testId="14c00408-6ad3-81ed-baa1-72609762249d" testName="DerivedFrameFollowsPositionsNamesAndSplitWithoutManualMembership" computerName="LAPTOP-F7PUVUPO" duration="00:00:01.0058046" startTime="2026-10-05T22:09:41.6160660+08:00" endTime="2026-10-05T22:09:42.6277180+08:00" testType="13cdc9d9-ddb5-4fa4-a97d-d965ccfc6d4b" outcome="Passed" testListId="8c84fa94-04c1-424b-9868-57a2d4851a1d" relativeResultsDirectory="8e8bca7e-b709-48ba-bd92-9538ef2f45b0" />
    <UnitTestResult executionId="62d282d9-f304-4f4e-9fc5-2150bc8774c5" testId="1bfeb87f-a8ce-8bbc-916c-82d9593c5e52" testName="ProjectHomeSearchesStoriesByIdDisplayNameAndTagsAndBuildsGraph" computerName="LAPTOP-F7PUVUPO" duration="00:00:00.3394075" startTime="2026-10-05T22:09:39.0949013+08:00" endTime="2026-10-05T22:09:39.4642694+08:00" testType="13cdc9d9-ddb5-4fa4-a97d-d965ccfc6d4b" outcome="Passed" testListId="8c84fa94-04c1-424b-9868-57a2d4851a1d" relativeResultsDirectory="62d282d9-f304-4f4e-9fc5-2150bc8774c5" />
    <UnitTestResult executionId="4defd589-ab67-4453-ae06-8a4e17934bf0" testId="189b17e2-3231-89cd-9d84-f02885ffa8ce" testName="ProjectHomeSelectsFirstStoryAndClassifiesEmptyAndSearchStates" computerName="LAPTOP-F7PUVUPO" duration="00:00:00.3464405" startTime="2026-10-05T22:09:39.1165828+08:00" endTime="2026-10-05T22:09:39.4712699+08:00" testType="13cdc9d9-ddb5-4fa4-a97d-d965ccfc6d4b" outcome="Passed" testListId="8c84fa94-04c1-424b-9868-57a2d4851a1d" relativeResultsDirectory="4defd589-ab67-4453-ae06-8a4e17934bf0" />
    <UnitTestResult executionId="bc45dbdf-feb5-45dd-a88a-1e291c8f5c8e" testId="1bc6eacd-8c73-8ff0-a340-67bdb831c309" testName="ResourceProblemFocusDoesNotSelectSameNamedStoryNode (Task)" computerName="LAPTOP-F7PUVUPO" duration="00:00:00.4205084" startTime="2026-10-05T22:09:39.7427511+08:00" endTime="2026-10-05T22:09:40.1633668+08:00" testType="13cdc9d9-ddb5-4fa4-a97d-d965ccfc6d4b" outcome="Passed" testListId="8c84fa94-04c1-424b-9868-57a2d4851a1d" relativeResultsDirectory="bc45dbdf-feb5-45dd-a88a-1e291c8f5c8e" />
    <UnitTestResult executionId="45049c9a-be01-4d4b-bdd0-ec213da138a7" testId="10913ba5-0612-875f-b5a4-b07625e4b593" testName="LegacyRecoveryIsNotAppliedToCurrentStoryOrRewritten" computerName="LAPTOP-F7PUVUPO" duration="00:00:00.4580182" startTime="2026-10-05T22:09:39.4643673+08:00" endTime="2026-10-05T22:09:39.9224726+08:00" testType="13cdc9d9-ddb5-4fa4-a97d-d965ccfc6d4b" outcome="Passed" testListId="8c84fa94-04c1-424b-9868-57a2d4851a1d" relativeResultsDirectory="45049c9a-be01-4d4b-bdd0-ec213da138a7" />
    <UnitTestResult executionId="b9415b4c-500c-4463-9550-67c7f297e671" testId="18272a00-edec-8726-948f-bcf386b73eaf" testName="RetainedGraphSurvivesNavigationAndCloseChoicesRespectBaseline" computerName="LAPTOP-F7PUVUPO" duration="00:00:00.4291990" startTime="2026-10-05T22:09:39.3570000+08:00" endTime="2026-10-05T22:09:39.7862788+08:00" testType="13cdc9d9-ddb5-4fa4-a97d-d965ccfc6d4b" outcome="Passed" testListId="8c84fa94-04c1-424b-9868-57a2d4851a1d" relativeResultsDirectory="b9415b4c-500c-4463-9550-67c7f297e671" />
    <UnitTestResult executionId="fc7c7423-6a7a-4dba-99a1-cc8ff9a94ee5" testId="14111e96-0fc8-8894-9b03-c8be09446a75" testName="ProjectHomeSearchSelectsVisibleStoryAndRestoresPreSearchSelection" computerName="LAPTOP-F7PUVUPO" duration="00:00:00.3285372" startTime="2026-10-05T22:09:39.0949068+08:00" endTime="2026-10-05T22:09:39.4533788+08:00" testType="13cdc9d9-ddb5-4fa4-a97d-d965ccfc6d4b" outcome="Passed" testListId="8c84fa94-04c1-424b-9868-57a2d4851a1d" relativeResultsDirectory="fc7c7423-6a7a-4dba-99a1-cc8ff9a94ee5" />
    <UnitTestResult executionId="06c200b4-f358-42d1-b033-2824f0d9a123" testId="11bccb1e-d8c5-852f-a827-da9cbce386aa" testName="SelectedStoryExposesFullOverviewAndStoryWorkspaceDefaultsActorsWithFourRoutes" computerName="LAPTOP-F7PUVUPO" duration="00:00:00.1986236" startTime="2026-10-05T22:09:39.0949388+08:00" endTime="2026-10-05T22:09:39.3268890+08:00" testType="13cdc9d9-ddb5-4fa4-a97d-d965ccfc6d4b" outcome="Passed" testListId="8c84fa94-04c1-424b-9868-57a2d4851a1d" relativeResultsDirectory="06c200b4-f358-42d1-b033-2824f0d9a123" />
    <UnitTestResult executionId="6ab4b75d-e58e-48c4-bf99-a12e2487e8a8" testId="18157a52-990f-84b5-8a15-496f6ba10ba7" testName="StoryGroupDeletionRestoresAllOwnedFilesAndConnectionsWithUndoRedo" computerName="LAPTOP-F7PUVUPO" duration="00:00:01.7522827" startTime="2026-10-05T22:09:39.0949250+08:00" endTime="2026-10-05T22:09:40.8776599+08:00" testType="13cdc9d9-ddb5-4fa4-a97d-d965ccfc6d4b" outcome="Passed" testListId="8c84fa94-04c1-424b-9868-57a2d4851a1d" relativeResultsDirectory="6ab4b75d-e58e-48c4-bf99-a12e2487e8a8" />
    <UnitTestResult executionId="0c6fe104-b5ab-4847-9471-c27f9ce0976e" testId="15dbc2ca-d008-8c4d-8275-e4c6a271b4fa" testName="WholeContainerViewerShowsBothStoriesAndNavigatesBackFromStory" computerName="LAPTOP-F7PUVUPO" duration="00:00:00.0039252" startTime="2026-10-05T22:09:42.6277819+08:00" endTime="2026-10-05T22:09:42.6328083+08:00" testType="13cdc9d9-ddb5-4fa4-a97d-d965ccfc6d4b" outcome="Passed" testListId="8c84fa94-04c1-424b-9868-57a2d4851a1d" relativeResultsDirectory="0c6fe104-b5ab-4847-9471-c27f9ce0976e" />
    <UnitTestResult executionId="48c40d64-ca65-4fc1-a8a1-2f06284f335b" testId="13444e06-7389-8c5a-8312-2a65bf2dd2d4" testName="StoryActorLibraryMergesSortsMissingAndPreservesVisibleSelectionWhenFiltering" computerName="LAPTOP-F7PUVUPO" duration="00:00:00.2321166" startTime="2026-10-05T22:09:39.0949205+08:00" endTime="2026-10-05T22:09:39.3569426+08:00" testType="13cdc9d9-ddb5-4fa4-a97d-d965ccfc6d4b" outcome="Passed" testListId="8c84fa94-04c1-424b-9868-57a2d4851a1d" relativeResultsDirectory="48c40d64-ca65-4fc1-a8a1-2f06284f335b" />
    <UnitTestResult executionId="5dba9c7f-cdb8-4618-b32e-c22e562d7696" testId="134bdccb-ac3c-805b-af2a-f9fabdb2aee7" testName="MainWindowResourceLibrariesDeclareRecyclingVirtualizationAndSharedVectorIndicators" computerName="LAPTOP-F7PUVUPO" duration="00:00:00.0044136" startTime="2026-10-05T22:09:39.3409474+08:00" endTime="2026-10-05T22:09:39.3454382+08:00" testType="13cdc9d9-ddb5-4fa4-a97d-d965ccfc6d4b" outcome="Passed" testListId="8c84fa94-04c1-424b-9868-57a2d4851a1d" relativeResultsDirectory="5dba9c7f-cdb8-4618-b32e-c22e562d7696" />
    <UnitTestResult executionId="a4e358b0-9620-457b-9166-863b1cf8e1c5" testId="16b4ed3d-fa05-8403-a02e-bdd68b6cfb79" testName="ProjectHomeMergesCanonicalDiscoveryByIdAndKeepsCanonicalOnlyStoriesVisible" computerName="LAPTOP-F7PUVUPO" duration="00:00:00.3788688" startTime="2026-10-05T22:09:39.0948959+08:00" endTime="2026-10-05T22:09:39.5037128+08:00" testType="13cdc9d9-ddb5-4fa4-a97d-d965ccfc6d4b" outcome="Passed" testListId="8c84fa94-04c1-424b-9868-57a2d4851a1d" relativeResultsDirectory="a4e358b0-9620-457b-9166-863b1cf8e1c5" />
    <UnitTestResult executionId="6eabb48d-4fec-4e47-b9da-40a0581a0055" testId="12675992-ee65-8946-a2af-57364e8caf03" testName="ProjectHomeRefreshPreservesSelectionAndFallsBackToAdjacentStory" computerName="LAPTOP-F7PUVUPO" duration="00:00:00.3186536" startTime="2026-10-05T22:09:39.0949158+08:00" endTime="2026-10-05T22:09:39.4435077+08:00" testType="13cdc9d9-ddb5-4fa4-a97d-d965ccfc6d4b" outcome="Passed" testListId="8c84fa94-04c1-424b-9868-57a2d4851a1d" relativeResultsDirectory="6eabb48d-4fec-4e47-b9da-40a0581a0055" />
    <UnitTestResult executionId="c46bbdfa-0b59-41ab-b546-b930edef6e5d" testId="18fddaf0-847d-8d6d-9e2b-14ec128913fb" testName="ResourceProblemFocusDoesNotSelectSameNamedStoryNode (Session)" computerName="LAPTOP-F7PUVUPO" duration="00:00:00.3574242" startTime="2026-10-05T22:09:39.7394508+08:00" endTime="2026-10-05T22:09:40.0995078+08:00" testType="13cdc9d9-ddb5-4fa4-a97d-d965ccfc6d4b" outcome="Passed" testListId="8c84fa94-04c1-424b-9868-57a2d4851a1d" relativeResultsDirectory="c46bbdfa-0b59-41ab-b546-b930edef6e5d" />
    <UnitTestResult executionId="9bcc1ad7-22da-47c7-ac19-8f303b19fd62" testId="1917bf45-0771-89f3-b117-e946a50707cc" testName="ShellOpensProjectHomeThenStoryWithoutSelectingGlobalActor" computerName="LAPTOP-F7PUVUPO" duration="00:00:00.3971170" startTime="2026-10-05T22:09:39.3454948+08:00" endTime="2026-10-05T22:09:39.7426898+08:00" testType="13cdc9d9-ddb5-4fa4-a97d-d965ccfc6d4b" outcome="Passed" testListId="8c84fa94-04c1-424b-9868-57a2d4851a1d" relativeResultsDirectory="9bcc1ad7-22da-47c7-ac19-8f303b19fd62" />
    <UnitTestResult executionId="edb0adb6-958a-4aaf-83d1-bf5490ef26ce" testId="12507430-f237-8595-9e27-886da3d7ab6b" testName="OutsideResourceDependencyBlocksGroupDeletionWithoutWritingAnyMember" computerName="LAPTOP-F7PUVUPO" duration="00:00:01.0562947" startTime="2026-10-05T22:09:39.0949327+08:00" endTime="2026-10-05T22:09:40.1811385+08:00" testType="13cdc9d9-ddb5-4fa4-a97d-d965ccfc6d4b" outcome="Passed" testListId="8c84fa94-04c1-424b-9868-57a2d4851a1d" relativeResultsDirectory="edb0adb6-958a-4aaf-83d1-bf5490ef26ce" />
    <UnitTestResult executionId="3b5cd6d0-9d5d-4785-8077-91a8c4f7ec47" testId="1ee389f6-ed1f-864a-a21c-f3c503788e80" testName="SavingCurrentGraphPreservesUnrelatedLegacyRecovery" computerName="LAPTOP-F7PUVUPO" duration="00:00:00.4154189" startTime="2026-10-05T22:09:39.4713349+08:00" endTime="2026-10-05T22:09:39.8868265+08:00" testType="13cdc9d9-ddb5-4fa4-a97d-d965ccfc6d4b" outcome="Passed" testListId="8c84fa94-04c1-424b-9868-57a2d4851a1d" relativeResultsDirectory="3b5cd6d0-9d5d-4785-8077-91a8c4f7ec47" />
    <UnitTestResult executionId="05c12d28-9628-400e-8f9b-455428256ec5" testId="196fa5b7-00b4-850a-aa56-5afd6df0d872" testName="AggregateOutputsUseGlobalUndoRedoAcrossResourceAndStoryViews" computerName="LAPTOP-F7PUVUPO" duration="00:00:00.9110589" startTime="2026-10-05T22:09:39.1165758+08:00" endTime="2026-10-05T22:09:40.0358978+08:00" testType="13cdc9d9-ddb5-4fa4-a97d-d965ccfc6d4b" outcome="Passed" testListId="8c84fa94-04c1-424b-9868-57a2d4851a1d" relativeResultsDirectory="05c12d28-9628-400e-8f9b-455428256ec5" />
    <UnitTestResult executionId="740adeb0-b1f2-4fe4-b8ce-9227c05f7a92" testId="17de4ebe-c0c7-8e2a-b4ff-8158598d7667" testName="OpeningFlowProblemNavigatesSelectsNodeAndCarriesField" computerName="LAPTOP-F7PUVUPO" duration="00:00:00.2896412" startTime="2026-10-05T22:09:39.4538587+08:00" endTime="2026-10-05T22:09:39.7435748+08:00" testType="13cdc9d9-ddb5-4fa4-a97d-d965ccfc6d4b" outcome="Passed" testListId="8c84fa94-04c1-424b-9868-57a2d4851a1d" relativeResultsDirectory="740adeb0-b1f2-4fe4-b8ce-9227c05f7a92" />
    <UnitTestResult executionId="4fd5d1e5-4d24-4f4a-97a9-df5a6653615a" testId="1627be06-b054-8676-809b-b5d2b162e5ff" testName="StoryActorLibraryKeepsThirtyFiveItemsInOneFilteredCollection" computerName="LAPTOP-F7PUVUPO" duration="00:00:00.0035463" startTime="2026-10-05T22:09:39.3372653+08:00" endTime="2026-10-05T22:09:39.3408915+08:00" testType="13cdc9d9-ddb5-4fa4-a97d-d965ccfc6d4b" outcome="Passed" testListId="8c84fa94-04c1-424b-9868-57a2d4851a1d" relativeResultsDirectory="4fd5d1e5-4d24-4f4a-97a9-df5a6653615a" />
    <UnitTestResult executionId="ec183929-ab1d-43f9-9d09-6f91d0d0b633" testId="18a73da4-c378-8746-8a2f-0d18211e29e6" testName="ShellUndoCommandTracksFlowHistoryAvailability" computerName="LAPTOP-F7PUVUPO" duration="00:00:00.2796969" startTime="2026-10-05T22:09:39.4546258+08:00" endTime="2026-10-05T22:09:39.7371837+08:00" testType="13cdc9d9-ddb5-4fa4-a97d-d965ccfc6d4b" outcome="Passed" testListId="8c84fa94-04c1-424b-9868-57a2d4851a1d" relativeResultsDirectory="ec183929-ab1d-43f9-9d09-6f91d0d0b633" />
    <UnitTestResult executionId="a7a916f5-0ea5-4a96-9852-4cf98f8efc7a" testId="1078af9d-33b3-8c96-849d-628a80f1b63c" testName="ProjectGraphProblemRouteOpensCurrentStoryAndCarriesField" computerName="LAPTOP-F7PUVUPO" duration="00:00:00.3586362" startTime="2026-10-05T22:09:39.5037718+08:00" endTime="2026-10-05T22:09:39.8624927+08:00" testType="13cdc9d9-ddb5-4fa4-a97d-d965ccfc6d4b" outcome="Passed" testListId="8c84fa94-04c1-424b-9868-57a2d4851a1d" relativeResultsDirectory="a7a916f5-0ea5-4a96-9852-4cf98f8efc7a" />
    <UnitTestResult executionId="b600c71b-928d-479c-b192-6410b25481f4" testId="17f3d074-bc73-8c26-8e08-ed0fe6959b52" testName="StoryResourceLibrariesShareMembershipOrderingAndSourceTooltipMetadata" computerName="LAPTOP-F7PUVUPO" duration="00:00:00.0025362" startTime="2026-10-05T22:09:39.3336891+08:00" endTime="2026-10-05T22:09:39.3367159+08:00" testType="13cdc9d9-ddb5-4fa4-a97d-d965ccfc6d4b" outcome="Passed" testListId="8c84fa94-04c1-424b-9868-57a2d4851a1d" relativeResultsDirectory="b600c71b-928d-479c-b192-6410b25481f4" />
    <UnitTestResult executionId="768186c0-e08f-44a7-9f37-0c8158d0d434" testId="11cae0f2-b4f6-8ede-85fe-5da3797d6c6d" testName="MixedStoryGroupDeletionUnlinksWholeReferenceAndPreservesOriginalPackage" computerName="LAPTOP-F7PUVUPO" duration="00:00:01.3027122" startTime="2026-10-05T22:09:39.0948917+08:00" endTime="2026-10-05T22:09:40.4275502+08:00" testType="13cdc9d9-ddb5-4fa4-a97d-d965ccfc6d4b" outcome="Passed" testListId="8c84fa94-04c1-424b-9868-57a2d4851a1d" relativeResultsDirectory="768186c0-e08f-44a7-9f37-0c8158d0d434" />
  </Results>
  <TestDefinitions>
    <UnitTest name="OutsideResourceDependencyBlocksGroupDeletionWithoutWritingAnyMember" storage="e:\java\minecraftmod\darkgreyrpg\studio\src\darkgreyrpg.studio.wpf.tests\bin\release\net10.0-windows\darkgreyrpg.studio.wpf.tests.dll" id="12507430-f237-8595-9e27-886da3d7ab6b">
      <Execution id="edb0adb6-958a-4aaf-83d1-bf5490ef26ce" />
      <TestMethod codeBase="E:\Java\MinecraftMod\DarkGreyRPG\studio\src\DarkGreyRPG.Studio.Wpf.Tests\bin\Release\net10.0-windows\DarkGreyRPG.Studio.Wpf.Tests.dll" adapterTypeName="executor://mstestadapter/v4" className="DarkGreyRPG.Studio.Wpf.Tests.StoryNavigationViewModelTests" name="OutsideResourceDependencyBlocksGroupDeletionWithoutWritingAnyMember" />
    </UnitTest>
    <UnitTest name="ShellOpensProjectHomeThenStoryWithoutSelectingGlobalActor" storage="e:\java\minecraftmod\darkgreyrpg\studio\src\darkgreyrpg.studio.wpf.tests\bin\release\net10.0-windows\darkgreyrpg.studio.wpf.tests.dll" id="1917bf45-0771-89f3-b117-e946a50707cc">
      <Execution id="9bcc1ad7-22da-47c7-ac19-8f303b19fd62" />
      <TestMethod codeBase="E:\Java\MinecraftMod\DarkGreyRPG\studio\src\DarkGreyRPG.Studio.Wpf.Tests\bin\Release\net10.0-windows\DarkGreyRPG.Studio.Wpf.Tests.dll" adapterTypeName="executor://mstestadapter/v4" className="DarkGreyRPG.Studio.Wpf.Tests.StoryNavigationViewModelTests" name="ShellOpensProjectHomeThenStoryWithoutSelectingGlobalActor" />
    </UnitTest>
    <UnitTest name="ReferenceRefreshRetainsHostPositionsAndHistoryAcrossAddRemoveAndRestore" storage="e:\java\minecraftmod\darkgreyrpg\studio\src\darkgreyrpg.studio.wpf.tests\bin\release\net10.0-windows\darkgreyrpg.studio.wpf.tests.dll" id="1bee2f74-e738-816b-bc86-fa8174bf3218">
      <Execution id="2e658531-7139-40dc-b514-0da44478287b" />
      <TestMethod codeBase="E:\Java\MinecraftMod\DarkGreyRPG\studio\src\DarkGreyRPG.Studio.Wpf.Tests\bin\Release\net10.0-windows\DarkGreyRPG.Studio.Wpf.Tests.dll" adapterTypeName="executor://mstestadapter/v4" className="DarkGreyRPG.Studio.Wpf.Tests.StoryGroupView0336Tests" name="ReferenceRefreshRetainsHostPositionsAndHistoryAcrossAddRemoveAndRestore" />
    </UnitTest>
    <UnitTest name="ProjectHomeSearchesStoriesByIdDisplayNameAndTagsAndBuildsGraph" storage="e:\java\minecraftmod\darkgreyrpg\studio\src\darkgreyrpg.studio.wpf.tests\bin\release\net10.0-windows\darkgreyrpg.studio.wpf.tests.dll" id="1bfeb87f-a8ce-8bbc-916c-82d9593c5e52">
      <Execution id="62d282d9-f304-4f4e-9fc5-2150bc8774c5" />
      <TestMethod codeBase="E:\Java\MinecraftMod\DarkGreyRPG\studio\src\DarkGreyRPG.Studio.Wpf.Tests\bin\Release\net10.0-windows\DarkGreyRPG.Studio.Wpf.Tests.dll" adapterTypeName="executor://mstestadapter/v4" className="DarkGreyRPG.Studio.Wpf.Tests.StoryNavigationViewModelTests" name="ProjectHomeSearchesStoriesByIdDisplayNameAndTagsAndBuildsGraph" />
    </UnitTest>
    <UnitTest name="StoryActorLibraryMergesSortsMissingAndPreservesVisibleSelectionWhenFiltering" storage="e:\java\minecraftmod\darkgreyrpg\studio\src\darkgreyrpg.studio.wpf.tests\bin\release\net10.0-windows\darkgreyrpg.studio.wpf.tests.dll" id="13444e06-7389-8c5a-8312-2a65bf2dd2d4">
      <Execution id="48c40d64-ca65-4fc1-a8a1-2f06284f335b" />
      <TestMethod codeBase="E:\Java\MinecraftMod\DarkGreyRPG\studio\src\DarkGreyRPG.Studio.Wpf.Tests\bin\Release\net10.0-windows\DarkGreyRPG.Studio.Wpf.Tests.dll" adapterTypeName="executor://mstestadapter/v4" className="DarkGreyRPG.Studio.Wpf.Tests.StoryNavigationViewModelTests" name="StoryActorLibraryMergesSortsMissingAndPreservesVisibleSelectionWhenFiltering" />
    </UnitTest>
    <UnitTest name="SavingCurrentGraphPreservesUnrelatedLegacyRecovery" storage="e:\java\minecraftmod\darkgreyrpg\studio\src\darkgreyrpg.studio.wpf.tests\bin\release\net10.0-windows\darkgreyrpg.studio.wpf.tests.dll" id="1ee389f6-ed1f-864a-a21c-f3c503788e80">
      <Execution id="3b5cd6d0-9d5d-4785-8077-91a8c4f7ec47" />
      <TestMethod codeBase="E:\Java\MinecraftMod\DarkGreyRPG\studio\src\DarkGreyRPG.Studio.Wpf.Tests\bin\Release\net10.0-windows\DarkGreyRPG.Studio.Wpf.Tests.dll" adapterTypeName="executor://mstestadapter/v4" className="DarkGreyRPG.Studio.Wpf.Tests.StoryNavigationViewModelTests" name="SavingCurrentGraphPreservesUnrelatedLegacyRecovery" />
    </UnitTest>
    <UnitTest name="StoryGroupDeletionRestoresAllOwnedFilesAndConnectionsWithUndoRedo" storage="e:\java\minecraftmod\darkgreyrpg\studio\src\darkgreyrpg.studio.wpf.tests\bin\release\net10.0-windows\darkgreyrpg.studio.wpf.tests.dll" id="18157a52-990f-84b5-8a15-496f6ba10ba7">
      <Execution id="6ab4b75d-e58e-48c4-bf99-a12e2487e8a8" />
      <TestMethod codeBase="E:\Java\MinecraftMod\DarkGreyRPG\studio\src\DarkGreyRPG.Studio.Wpf.Tests\bin\Release\net10.0-windows\DarkGreyRPG.Studio.Wpf.Tests.dll" adapterTypeName="executor://mstestadapter/v4" className="DarkGreyRPG.Studio.Wpf.Tests.StoryNavigationViewModelTests" name="StoryGroupDeletionRestoresAllOwnedFilesAndConnectionsWithUndoRedo" />
    </UnitTest>
    <UnitTest name="ProjectHomeSearchSelectsVisibleStoryAndRestoresPreSearchSelection" storage="e:\java\minecraftmod\darkgreyrpg\studio\src\darkgreyrpg.studio.wpf.tests\bin\release\net10.0-windows\darkgreyrpg.studio.wpf.tests.dll" id="14111e96-0fc8-8894-9b03-c8be09446a75">
      <Execution id="fc7c7423-6a7a-4dba-99a1-cc8ff9a94ee5" />
      <TestMethod codeBase="E:\Java\MinecraftMod\DarkGreyRPG\studio\src\DarkGreyRPG.Studio.Wpf.Tests\bin\Release\net10.0-windows\DarkGreyRPG.Studio.Wpf.Tests.dll" adapterTypeName="executor://mstestadapter/v4" className="DarkGreyRPG.Studio.Wpf.Tests.StoryNavigationViewModelTests" name="ProjectHomeSearchSelectsVisibleStoryAndRestoresPreSearchSelection" />
    </UnitTest>
    <UnitTest name="ShellUndoCommandTracksFlowHistoryAvailability" storage="e:\java\minecraftmod\darkgreyrpg\studio\src\darkgreyrpg.studio.wpf.tests\bin\release\net10.0-windows\darkgreyrpg.studio.wpf.tests.dll" id="18a73da4-c378-8746-8a2f-0d18211e29e6">
      <Execution id="ec183929-ab1d-43f9-9d09-6f91d0d0b633" />
      <TestMethod codeBase="E:\Java\MinecraftMod\DarkGreyRPG\studio\src\DarkGreyRPG.Studio.Wpf.Tests\bin\Release\net10.0-windows\DarkGreyRPG.Studio.Wpf.Tests.dll" adapterTypeName="executor://mstestadapter/v4" className="DarkGreyRPG.Studio.Wpf.Tests.StoryNavigationViewModelTests" name="ShellUndoCommandTracksFlowHistoryAvailability" />
    </UnitTest>
    <UnitTest name="ProjectGraphProblemRouteOpensCurrentStoryAndCarriesField" storage="e:\java\minecraftmod\darkgreyrpg\studio\src\darkgreyrpg.studio.wpf.tests\bin\release\net10.0-windows\darkgreyrpg.studio.wpf.tests.dll" id="1078af9d-33b3-8c96-849d-628a80f1b63c">
      <Execution id="a7a916f5-0ea5-4a96-9852-4cf98f8efc7a" />
      <TestMethod codeBase="E:\Java\MinecraftMod\DarkGreyRPG\studio\src\DarkGreyRPG.Studio.Wpf.Tests\bin\Release\net10.0-windows\DarkGreyRPG.Studio.Wpf.Tests.dll" adapterTypeName="executor://mstestadapter/v4" className="DarkGreyRPG.Studio.Wpf.Tests.StoryNavigationViewModelTests" name="ProjectGraphProblemRouteOpensCurrentStoryAndCarriesField" />
    </UnitTest>
    <UnitTest name="WholeContainerViewerShowsBothStoriesAndNavigatesBackFromStory" storage="e:\java\minecraftmod\darkgreyrpg\studio\src\darkgreyrpg.studio.wpf.tests\bin\release\net10.0-windows\darkgreyrpg.studio.wpf.tests.dll" id="15dbc2ca-d008-8c4d-8275-e4c6a271b4fa">
      <Execution id="0c6fe104-b5ab-4847-9471-c27f9ce0976e" />
      <TestMethod codeBase="E:\Java\MinecraftMod\DarkGreyRPG\studio\src\DarkGreyRPG.Studio.Wpf.Tests\bin\Release\net10.0-windows\DarkGreyRPG.Studio.Wpf.Tests.dll" adapterTypeName="executor://mstestadapter/v4" className="DarkGreyRPG.Studio.Wpf.Tests.StoryGroupView0336Tests" name="WholeContainerViewerShowsBothStoriesAndNavigatesBackFromStory" />
    </UnitTest>
    <UnitTest name="RetainedGraphSurvivesNavigationAndCloseChoicesRespectBaseline" storage="e:\java\minecraftmod\darkgreyrpg\studio\src\darkgreyrpg.studio.wpf.tests\bin\release\net10.0-windows\darkgreyrpg.studio.wpf.tests.dll" id="18272a00-edec-8726-948f-bcf386b73eaf">
      <Execution id="b9415b4c-500c-4463-9550-67c7f297e671" />
      <TestMethod codeBase="E:\Java\MinecraftMod\DarkGreyRPG\studio\src\DarkGreyRPG.Studio.Wpf.Tests\bin\Release\net10.0-windows\DarkGreyRPG.Studio.Wpf.Tests.dll" adapterTypeName="executor://mstestadapter/v4" className="DarkGreyRPG.Studio.Wpf.Tests.StoryNavigationViewModelTests" name="RetainedGraphSurvivesNavigationAndCloseChoicesRespectBaseline" />
    </UnitTest>
    <UnitTest name="LegacyRecoveryIsNotAppliedToCurrentStoryOrRewritten" storage="e:\java\minecraftmod\darkgreyrpg\studio\src\darkgreyrpg.studio.wpf.tests\bin\release\net10.0-windows\darkgreyrpg.studio.wpf.tests.dll" id="10913ba5-0612-875f-b5a4-b07625e4b593">
      <Execution id="45049c9a-be01-4d4b-bdd0-ec213da138a7" />
      <TestMethod codeBase="E:\Java\MinecraftMod\DarkGreyRPG\studio\src\DarkGreyRPG.Studio.Wpf.Tests\bin\Release\net10.0-windows\DarkGreyRPG.Studio.Wpf.Tests.dll" adapterTypeName="executor://mstestadapter/v4" className="DarkGreyRPG.Studio.Wpf.Tests.StoryNavigationViewModelTests" name="LegacyRecoveryIsNotAppliedToCurrentStoryOrRewritten" />
    </UnitTest>
    <UnitTest name="SelectedStoryExposesFullOverviewAndStoryWorkspaceDefaultsActorsWithFourRoutes" storage="e:\java\minecraftmod\darkgreyrpg\studio\src\darkgreyrpg.studio.wpf.tests\bin\release\net10.0-windows\darkgreyrpg.studio.wpf.tests.dll" id="11bccb1e-d8c5-852f-a827-da9cbce386aa">
      <Execution id="06c200b4-f358-42d1-b033-2824f0d9a123" />
      <TestMethod codeBase="E:\Java\MinecraftMod\DarkGreyRPG\studio\src\DarkGreyRPG.Studio.Wpf.Tests\bin\Release\net10.0-windows\DarkGreyRPG.Studio.Wpf.Tests.dll" adapterTypeName="executor://mstestadapter/v4" className="DarkGreyRPG.Studio.Wpf.Tests.StoryNavigationViewModelTests" name="SelectedStoryExposesFullOverviewAndStoryWorkspaceDefaultsActorsWithFourRoutes" />
    </UnitTest>
    <UnitTest name="StoryResourceLibrariesShareMembershipOrderingAndSourceTooltipMetadata" storage="e:\java\minecraftmod\darkgreyrpg\studio\src\darkgreyrpg.studio.wpf.tests\bin\release\net10.0-windows\darkgreyrpg.studio.wpf.tests.dll" id="17f3d074-bc73-8c26-8e08-ed0fe6959b52">
      <Execution id="b600c71b-928d-479c-b192-6410b25481f4" />
      <TestMethod codeBase="E:\Java\MinecraftMod\DarkGreyRPG\studio\src\DarkGreyRPG.Studio.Wpf.Tests\bin\Release\net10.0-windows\DarkGreyRPG.Studio.Wpf.Tests.dll" adapterTypeName="executor://mstestadapter/v4" className="DarkGreyRPG.Studio.Wpf.Tests.StoryNavigationViewModelTests" name="StoryResourceLibrariesShareMembershipOrderingAndSourceTooltipMetadata" />
    </UnitTest>
    <UnitTest name="ProjectHomeMergesCanonicalDiscoveryByIdAndKeepsCanonicalOnlyStoriesVisible" storage="e:\java\minecraftmod\darkgreyrpg\studio\src\darkgreyrpg.studio.wpf.tests\bin\release\net10.0-windows\darkgreyrpg.studio.wpf.tests.dll" id="16b4ed3d-fa05-8403-a02e-bdd68b6cfb79">
      <Execution id="a4e358b0-9620-457b-9166-863b1cf8e1c5" />
      <TestMethod codeBase="E:\Java\MinecraftMod\DarkGreyRPG\studio\src\DarkGreyRPG.Studio.Wpf.Tests\bin\Release\net10.0-windows\DarkGreyRPG.Studio.Wpf.Tests.dll" adapterTypeName="executor://mstestadapter/v4" className="DarkGreyRPG.Studio.Wpf.Tests.StoryNavigationViewModelTests" name="ProjectHomeMergesCanonicalDiscoveryByIdAndKeepsCanonicalOnlyStoriesVisible" />
    </UnitTest>
    <UnitTest name="ProjectHomeRefreshPreservesSelectionAndFallsBackToAdjacentStory" storage="e:\java\minecraftmod\darkgreyrpg\studio\src\darkgreyrpg.studio.wpf.tests\bin\release\net10.0-windows\darkgreyrpg.studio.wpf.tests.dll" id="12675992-ee65-8946-a2af-57364e8caf03">
      <Execution id="6eabb48d-4fec-4e47-b9da-40a0581a0055" />
      <TestMethod codeBase="E:\Java\MinecraftMod\DarkGreyRPG\studio\src\DarkGreyRPG.Studio.Wpf.Tests\bin\Release\net10.0-windows\DarkGreyRPG.Studio.Wpf.Tests.dll" adapterTypeName="executor://mstestadapter/v4" className="DarkGreyRPG.Studio.Wpf.Tests.StoryNavigationViewModelTests" name="ProjectHomeRefreshPreservesSelectionAndFallsBackToAdjacentStory" />
    </UnitTest>
    <UnitTest name="ResourceProblemFocusDoesNotSelectSameNamedStoryNode (Task)" storage="e:\java\minecraftmod\darkgreyrpg\studio\src\darkgreyrpg.studio.wpf.tests\bin\release\net10.0-windows\darkgreyrpg.studio.wpf.tests.dll" id="1bc6eacd-8c73-8ff0-a340-67bdb831c309">
      <Execution id="bc45dbdf-feb5-45dd-a88a-1e291c8f5c8e" />
      <TestMethod codeBase="E:\Java\MinecraftMod\DarkGreyRPG\studio\src\DarkGreyRPG.Studio.Wpf.Tests\bin\Release\net10.0-windows\DarkGreyRPG.Studio.Wpf.Tests.dll" adapterTypeName="executor://mstestadapter/v4" className="DarkGreyRPG.Studio.Wpf.Tests.StoryNavigationViewModelTests" name="ResourceProblemFocusDoesNotSelectSameNamedStoryNode" />
    </UnitTest>
    <UnitTest name="MixedStoryGroupDeletionUnlinksWholeReferenceAndPreservesOriginalPackage" storage="e:\java\minecraftmod\darkgreyrpg\studio\src\darkgreyrpg.studio.wpf.tests\bin\release\net10.0-windows\darkgreyrpg.studio.wpf.tests.dll" id="11cae0f2-b4f6-8ede-85fe-5da3797d6c6d">
      <Execution id="768186c0-e08f-44a7-9f37-0c8158d0d434" />
      <TestMethod codeBase="E:\Java\MinecraftMod\DarkGreyRPG\studio\src\DarkGreyRPG.Studio.Wpf.Tests\bin\Release\net10.0-windows\DarkGreyRPG.Studio.Wpf.Tests.dll" adapterTypeName="executor://mstestadapter/v4" className="DarkGreyRPG.Studio.Wpf.Tests.StoryNavigationViewModelTests" name="MixedStoryGroupDeletionUnlinksWholeReferenceAndPreservesOriginalPackage" />
    </UnitTest>
    <UnitTest name="OpeningFlowProblemNavigatesSelectsNodeAndCarriesField" storage="e:\java\minecraftmod\darkgreyrpg\studio\src\darkgreyrpg.studio.wpf.tests\bin\release\net10.0-windows\darkgreyrpg.studio.wpf.tests.dll" id="17de4ebe-c0c7-8e2a-b4ff-8158598d7667">
      <Execution id="740adeb0-b1f2-4fe4-b8ce-9227c05f7a92" />
      <TestMethod codeBase="E:\Java\MinecraftMod\DarkGreyRPG\studio\src\DarkGreyRPG.Studio.Wpf.Tests\bin\Release\net10.0-windows\DarkGreyRPG.Studio.Wpf.Tests.dll" adapterTypeName="executor://mstestadapter/v4" className="DarkGreyRPG.Studio.Wpf.Tests.StoryNavigationViewModelTests" name="OpeningFlowProblemNavigatesSelectsNodeAndCarriesField" />
    </UnitTest>
    <UnitTest name="AggregateOutputsUseGlobalUndoRedoAcrossResourceAndStoryViews" storage="e:\java\minecraftmod\darkgreyrpg\studio\src\darkgreyrpg.studio.wpf.tests\bin\release\net10.0-windows\darkgreyrpg.studio.wpf.tests.dll" id="196fa5b7-00b4-850a-aa56-5afd6df0d872">
      <Execution id="05c12d28-9628-400e-8f9b-455428256ec5" />
      <TestMethod codeBase="E:\Java\MinecraftMod\DarkGreyRPG\studio\src\DarkGreyRPG.Studio.Wpf.Tests\bin\Release\net10.0-windows\DarkGreyRPG.Studio.Wpf.Tests.dll" adapterTypeName="executor://mstestadapter/v4" className="DarkGreyRPG.Studio.Wpf.Tests.StoryNavigationViewModelTests" name="AggregateOutputsUseGlobalUndoRedoAcrossResourceAndStoryViews" />
    </UnitTest>
    <UnitTest name="StoryActorLibraryKeepsThirtyFiveItemsInOneFilteredCollection" storage="e:\java\minecraftmod\darkgreyrpg\studio\src\darkgreyrpg.studio.wpf.tests\bin\release\net10.0-windows\darkgreyrpg.studio.wpf.tests.dll" id="1627be06-b054-8676-809b-b5d2b162e5ff">
      <Execution id="4fd5d1e5-4d24-4f4a-97a9-df5a6653615a" />
      <TestMethod codeBase="E:\Java\MinecraftMod\DarkGreyRPG\studio\src\DarkGreyRPG.Studio.Wpf.Tests\bin\Release\net10.0-windows\DarkGreyRPG.Studio.Wpf.Tests.dll" adapterTypeName="executor://mstestadapter/v4" className="DarkGreyRPG.Studio.Wpf.Tests.StoryNavigationViewModelTests" name="StoryActorLibraryKeepsThirtyFiveItemsInOneFilteredCollection" />
    </UnitTest>
    <UnitTest name="MainWindowResourceLibrariesDeclareRecyclingVirtualizationAndSharedVectorIndicators" storage="e:\java\minecraftmod\darkgreyrpg\studio\src\darkgreyrpg.studio.wpf.tests\bin\release\net10.0-windows\darkgreyrpg.studio.wpf.tests.dll" id="134bdccb-ac3c-805b-af2a-f9fabdb2aee7">
      <Execution id="5dba9c7f-cdb8-4618-b32e-c22e562d7696" />
      <TestMethod codeBase="E:\Java\MinecraftMod\DarkGreyRPG\studio\src\DarkGreyRPG.Studio.Wpf.Tests\bin\Release\net10.0-windows\DarkGreyRPG.Studio.Wpf.Tests.dll" adapterTypeName="executor://mstestadapter/v4" className="DarkGreyRPG.Studio.Wpf.Tests.StoryNavigationViewModelTests" name="MainWindowResourceLibrariesDeclareRecyclingVirtualizationAndSharedVectorIndicators" />
    </UnitTest>
    <UnitTest name="DerivedFrameFollowsPositionsNamesAndSplitWithoutManualMembership" storage="e:\java\minecraftmod\darkgreyrpg\studio\src\darkgreyrpg.studio.wpf.tests\bin\release\net10.0-windows\darkgreyrpg.studio.wpf.tests.dll" id="14c00408-6ad3-81ed-baa1-72609762249d">
      <Execution id="8e8bca7e-b709-48ba-bd92-9538ef2f45b0" />
      <TestMethod codeBase="E:\Java\MinecraftMod\DarkGreyRPG\studio\src\DarkGreyRPG.Studio.Wpf.Tests\bin\Release\net10.0-windows\DarkGreyRPG.Studio.Wpf.Tests.dll" adapterTypeName="executor://mstestadapter/v4" className="DarkGreyRPG.Studio.Wpf.Tests.StoryGroupView0336Tests" name="DerivedFrameFollowsPositionsNamesAndSplitWithoutManualMembership" />
    </UnitTest>
    <UnitTest name="ResourceProblemFocusDoesNotSelectSameNamedStoryNode (Session)" storage="e:\java\minecraftmod\darkgreyrpg\studio\src\darkgreyrpg.studio.wpf.tests\bin\release\net10.0-windows\darkgreyrpg.studio.wpf.tests.dll" id="18fddaf0-847d-8d6d-9e2b-14ec128913fb">
      <Execution id="c46bbdfa-0b59-41ab-b546-b930edef6e5d" />
      <TestMethod codeBase="E:\Java\MinecraftMod\DarkGreyRPG\studio\src\DarkGreyRPG.Studio.Wpf.Tests\bin\Release\net10.0-windows\DarkGreyRPG.Studio.Wpf.Tests.dll" adapterTypeName="executor://mstestadapter/v4" className="DarkGreyRPG.Studio.Wpf.Tests.StoryNavigationViewModelTests" name="ResourceProblemFocusDoesNotSelectSameNamedStoryNode" />
    </UnitTest>
    <UnitTest name="ProjectHomeSelectsFirstStoryAndClassifiesEmptyAndSearchStates" storage="e:\java\minecraftmod\darkgreyrpg\studio\src\darkgreyrpg.studio.wpf.tests\bin\release\net10.0-windows\darkgreyrpg.studio.wpf.tests.dll" id="189b17e2-3231-89cd-9d84-f02885ffa8ce">
      <Execution id="4defd589-ab67-4453-ae06-8a4e17934bf0" />
      <TestMethod codeBase="E:\Java\MinecraftMod\DarkGreyRPG\studio\src\DarkGreyRPG.Studio.Wpf.Tests\bin\Release\net10.0-windows\DarkGreyRPG.Studio.Wpf.Tests.dll" adapterTypeName="executor://mstestadapter/v4" className="DarkGreyRPG.Studio.Wpf.Tests.StoryNavigationViewModelTests" name="ProjectHomeSelectsFirstStoryAndClassifiesEmptyAndSearchStates" />
    </UnitTest>
  </TestDefinitions>
  <TestEntries>
    <TestEntry testId="1bee2f74-e738-816b-bc86-fa8174bf3218" executionId="2e658531-7139-40dc-b514-0da44478287b" testListId="8c84fa94-04c1-424b-9868-57a2d4851a1d" />
    <TestEntry testId="14c00408-6ad3-81ed-baa1-72609762249d" executionId="8e8bca7e-b709-48ba-bd92-9538ef2f45b0" testListId="8c84fa94-04c1-424b-9868-57a2d4851a1d" />
    <TestEntry testId="1bfeb87f-a8ce-8bbc-916c-82d9593c5e52" executionId="62d282d9-f304-4f4e-9fc5-2150bc8774c5" testListId="8c84fa94-04c1-424b-9868-57a2d4851a1d" />
    <TestEntry testId="189b17e2-3231-89cd-9d84-f02885ffa8ce" executionId="4defd589-ab67-4453-ae06-8a4e17934bf0" testListId="8c84fa94-04c1-424b-9868-57a2d4851a1d" />
    <TestEntry testId="1bc6eacd-8c73-8ff0-a340-67bdb831c309" executionId="bc45dbdf-feb5-45dd-a88a-1e291c8f5c8e" testListId="8c84fa94-04c1-424b-9868-57a2d4851a1d" />
    <TestEntry testId="10913ba5-0612-875f-b5a4-b07625e4b593" executionId="45049c9a-be01-4d4b-bdd0-ec213da138a7" testListId="8c84fa94-04c1-424b-9868-57a2d4851a1d" />
    <TestEntry testId="18272a00-edec-8726-948f-bcf386b73eaf" executionId="b9415b4c-500c-4463-9550-67c7f297e671" testListId="8c84fa94-04c1-424b-9868-57a2d4851a1d" />
    <TestEntry testId="14111e96-0fc8-8894-9b03-c8be09446a75" executionId="fc7c7423-6a7a-4dba-99a1-cc8ff9a94ee5" testListId="8c84fa94-04c1-424b-9868-57a2d4851a1d" />
    <TestEntry testId="11bccb1e-d8c5-852f-a827-da9cbce386aa" executionId="06c200b4-f358-42d1-b033-2824f0d9a123" testListId="8c84fa94-04c1-424b-9868-57a2d4851a1d" />
    <TestEntry testId="18157a52-990f-84b5-8a15-496f6ba10ba7" executionId="6ab4b75d-e58e-48c4-bf99-a12e2487e8a8" testListId="8c84fa94-04c1-424b-9868-57a2d4851a1d" />
    <TestEntry testId="15dbc2ca-d008-8c4d-8275-e4c6a271b4fa" executionId="0c6fe104-b5ab-4847-9471-c27f9ce0976e" testListId="8c84fa94-04c1-424b-9868-57a2d4851a1d" />
    <TestEntry testId="13444e06-7389-8c5a-8312-2a65bf2dd2d4" executionId="48c40d64-ca65-4fc1-a8a1-2f06284f335b" testListId="8c84fa94-04c1-424b-9868-57a2d4851a1d" />
    <TestEntry testId="134bdccb-ac3c-805b-af2a-f9fabdb2aee7" executionId="5dba9c7f-cdb8-4618-b32e-c22e562d7696" testListId="8c84fa94-04c1-424b-9868-57a2d4851a1d" />
    <TestEntry testId="16b4ed3d-fa05-8403-a02e-bdd68b6cfb79" executionId="a4e358b0-9620-457b-9166-863b1cf8e1c5" testListId="8c84fa94-04c1-424b-9868-57a2d4851a1d" />
    <TestEntry testId="12675992-ee65-8946-a2af-57364e8caf03" executionId="6eabb48d-4fec-4e47-b9da-40a0581a0055" testListId="8c84fa94-04c1-424b-9868-57a2d4851a1d" />
    <TestEntry testId="18fddaf0-847d-8d6d-9e2b-14ec128913fb" executionId="c46bbdfa-0b59-41ab-b546-b930edef6e5d" testListId="8c84fa94-04c1-424b-9868-57a2d4851a1d" />
    <TestEntry testId="1917bf45-0771-89f3-b117-e946a50707cc" executionId="9bcc1ad7-22da-47c7-ac19-8f303b19fd62" testListId="8c84fa94-04c1-424b-9868-57a2d4851a1d" />
    <TestEntry testId="12507430-f237-8595-9e27-886da3d7ab6b" executionId="edb0adb6-958a-4aaf-83d1-bf5490ef26ce" testListId="8c84fa94-04c1-424b-9868-57a2d4851a1d" />
    <TestEntry testId="1ee389f6-ed1f-864a-a21c-f3c503788e80" executionId="3b5cd6d0-9d5d-4785-8077-91a8c4f7ec47" testListId="8c84fa94-04c1-424b-9868-57a2d4851a1d" />
    <TestEntry testId="196fa5b7-00b4-850a-aa56-5afd6df0d872" executionId="05c12d28-9628-400e-8f9b-455428256ec5" testListId="8c84fa94-04c1-424b-9868-57a2d4851a1d" />
    <TestEntry testId="17de4ebe-c0c7-8e2a-b4ff-8158598d7667" executionId="740adeb0-b1f2-4fe4-b8ce-9227c05f7a92" testListId="8c84fa94-04c1-424b-9868-57a2d4851a1d" />
    <TestEntry testId="1627be06-b054-8676-809b-b5d2b162e5ff" executionId="4fd5d1e5-4d24-4f4a-97a9-df5a6653615a" testListId="8c84fa94-04c1-424b-9868-57a2d4851a1d" />
    <TestEntry testId="18a73da4-c378-8746-8a2f-0d18211e29e6" executionId="ec183929-ab1d-43f9-9d09-6f91d0d0b633" testListId="8c84fa94-04c1-424b-9868-57a2d4851a1d" />
    <TestEntry testId="1078af9d-33b3-8c96-849d-628a80f1b63c" executionId="a7a916f5-0ea5-4a96-9852-4cf98f8efc7a" testListId="8c84fa94-04c1-424b-9868-57a2d4851a1d" />
    <TestEntry testId="17f3d074-bc73-8c26-8e08-ed0fe6959b52" executionId="b600c71b-928d-479c-b192-6410b25481f4" testListId="8c84fa94-04c1-424b-9868-57a2d4851a1d" />
    <TestEntry testId="11cae0f2-b4f6-8ede-85fe-5da3797d6c6d" executionId="768186c0-e08f-44a7-9f37-0c8158d0d434" testListId="8c84fa94-04c1-424b-9868-57a2d4851a1d" />
  </TestEntries>
  <TestLists>
    <TestList name="列表中未列出的结果" id="8c84fa94-04c1-424b-9868-57a2d4851a1d" />
    <TestList name="所有已加载的结果" id="19431567-8539-422a-85d7-44ee4e166bda" />
  </TestLists>
  <ResultSummary outcome="Completed">
    <Counters total="26" executed="26" passed="26" failed="0" error="0" timeout="0" aborted="0" inconclusive="0" passedButRunAborted="0" notRunnable="0" notExecuted="0" disconnected="0" warning="0" completed="0" inProgress="0" pending="0" />
    <Output>
      <StdOut>已为 E:\Java\MinecraftMod\DarkGreyRPG\studio\src\DarkGreyRPG.Studio.Wpf.Tests\bin\Release\net10.0-windows\DarkGreyRPG.Studio.Wpf.Tests.dll 启用测试并行化(Workers: 12，Scope: MethodLevel)&#xD;
</StdOut>
    </Output>
  </ResultSummary>
</TestRun>