<?xml version="1.0" encoding="utf-8"?>
<TestRun id="a616b5cc-9643-436e-921d-15a7da248a7d" name="GreyHat@LAPTOP-F7PUVUPO 2026-09-14 14:28:55" runUser="LAPTOP-F7PUVUPO\GreyHat" xmlns="http://microsoft.com/schemas/VisualStudio/TeamTest/2010">
  <Times creation="2026-09-14T14:28:55.3029741+08:00" queuing="2026-09-14T14:28:55.3029747+08:00" start="2026-09-14T14:28:53.4879845+08:00" finish="2026-09-14T14:28:58.7332394+08:00" />
  <TestSettings name="default" id="7a60e039-2c04-47a9-8abb-1ef27dc23c2f">
    <Deployment runDeploymentRoot="GreyHat_LAPTOP-F7PUVUPO_2026-09-14_14_28_55" />
  </TestSettings>
  <Results>
    <UnitTestResult executionId="aa89b8e0-0c71-460c-acca-48e7853daf8f" testId="1f476c61-433a-828a-998f-234de2153eb5" testName="OccupiedDraggedPortRejectsSpliceAndPreservesEveryExistingWire" computerName="LAPTOP-F7PUVUPO" duration="00:00:00.0966852" startTime="2026-09-14T14:28:58.2996222+08:00" endTime="2026-09-14T14:28:58.3995673+08:00" testType="13cdc9d9-ddb5-4fa4-a97d-d965ccfc6d4b" outcome="Passed" testListId="8c84fa94-04c1-424b-9868-57a2d4851a1d" relativeResultsDirectory="aa89b8e0-0c71-460c-acca-48e7853daf8f" />
    <UnitTestResult executionId="27f779f1-4f80-47f3-a5c8-cfc5f06cdf18" testId="17254908-561d-89af-8a05-c21c6f2307c2" testName="AuthoringCatalogUsesScopedCanonicalOrderAndFirstCategoryAppearance" computerName="LAPTOP-F7PUVUPO" duration="00:00:00.0386723" startTime="2026-09-14T14:28:56.8551147+08:00" endTime="2026-09-14T14:28:56.8956192+08:00" testType="13cdc9d9-ddb5-4fa4-a97d-d965ccfc6d4b" outcome="Passed" testListId="8c84fa94-04c1-424b-9868-57a2d4851a1d" relativeResultsDirectory="27f779f1-4f80-47f3-a5c8-cfc5f06cdf18" />
    <UnitTestResult executionId="317edbc8-29db-493e-9f7d-e55a34b10f63" testId="19481825-5052-85a3-8aa0-f5873dfafeb3" testName="HostNullClearsArrangedVisualsWithoutMutatingGraph" computerName="LAPTOP-F7PUVUPO" duration="00:00:00.0487944" startTime="2026-09-14T14:28:55.1341194+08:00" endTime="2026-09-14T14:28:55.1851220+08:00" testType="13cdc9d9-ddb5-4fa4-a97d-d965ccfc6d4b" outcome="Passed" testListId="8c84fa94-04c1-424b-9868-57a2d4851a1d" relativeResultsDirectory="317edbc8-29db-493e-9f7d-e55a34b10f63" />
    <UnitTestResult executionId="dce99613-e33a-458d-8754-ac469f7c2ee7" testId="106539ec-c272-84f4-a2c6-5c8eb96744ff" testName="ExistingConnectionHitNearOutputReplacesOutputAndKeepsInput" computerName="LAPTOP-F7PUVUPO" duration="00:00:00.0618435" startTime="2026-09-14T14:28:56.5321022+08:00" endTime="2026-09-14T14:28:56.5962074+08:00" testType="13cdc9d9-ddb5-4fa4-a97d-d965ccfc6d4b" outcome="Passed" testListId="8c84fa94-04c1-424b-9868-57a2d4851a1d" relativeResultsDirectory="dce99613-e33a-458d-8754-ac469f7c2ee7" />
    <UnitTestResult executionId="8104c161-20ef-41bf-9cc7-ffa193719ced" testId="1888e398-9467-8f0a-a667-fac0fabd0e92" testName="IncrementalNodeAndConnectionChangesKeepExistingVisualViewportAndSelection" computerName="LAPTOP-F7PUVUPO" duration="00:00:00.0815228" startTime="2026-09-14T14:28:54.7937681+08:00" endTime="2026-09-14T14:28:54.8776468+08:00" testType="13cdc9d9-ddb5-4fa4-a97d-d965ccfc6d4b" outcome="Passed" testListId="8c84fa94-04c1-424b-9868-57a2d4851a1d" relativeResultsDirectory="8104c161-20ef-41bf-9cc7-ffa193719ced" />
    <UnitTestResult executionId="20864023-672a-42c2-83fc-2f33d0d0c4da" testId="1a3b9dc6-8809-813e-897d-8a5bc5bd60b6" testName="CanvasContextMenuUsesCanonicalGroupsAvailabilityAndGraphPosition" computerName="LAPTOP-F7PUVUPO" duration="00:00:00.0675550" startTime="2026-09-14T14:28:56.9429941+08:00" endTime="2026-09-14T14:28:57.0133161+08:00" testType="13cdc9d9-ddb5-4fa4-a97d-d965ccfc6d4b" outcome="Passed" testListId="8c84fa94-04c1-424b-9868-57a2d4851a1d" relativeResultsDirectory="20864023-672a-42c2-83fc-2f33d0d0c4da" />
    <UnitTestResult executionId="c0b521af-fe3d-4289-8482-cf28c72ddae7" testId="16146ac0-1318-87c7-aa5b-cfd8a297e353" testName="SpliceRejectsAmbiguousSameKindSide (&quot;input&quot;)" computerName="LAPTOP-F7PUVUPO" duration="00:00:00.0007309" startTime="2026-09-14T14:28:58.1514876+08:00" endTime="2026-09-14T14:28:58.1533478+08:00" testType="13cdc9d9-ddb5-4fa4-a97d-d965ccfc6d4b" outcome="Passed" testListId="8c84fa94-04c1-424b-9868-57a2d4851a1d" relativeResultsDirectory="c0b521af-fe3d-4289-8482-cf28c72ddae7" />
    <UnitTestResult executionId="b74efc8e-cbf4-470b-8e91-b5310313109c" testId="1495d539-8629-88f0-b093-94b79773f050" testName="ReferencedNodeDeleteKeyExecutesImmediatelyAndOneUndoRestoresNodeAndWire" computerName="LAPTOP-F7PUVUPO" duration="00:00:00.0717769" startTime="2026-09-14T14:28:55.5895840+08:00" endTime="2026-09-14T14:28:55.6649947+08:00" testType="13cdc9d9-ddb5-4fa4-a97d-d965ccfc6d4b" outcome="Passed" testListId="8c84fa94-04c1-424b-9868-57a2d4851a1d" relativeResultsDirectory="b74efc8e-cbf4-470b-8e91-b5310313109c" />
    <UnitTestResult executionId="b17f6cf5-a212-437f-860f-64c420050e8e" testId="14022ab3-5fbe-82a2-9cdb-fdd8ebb375ae" testName="DirectConnectedFlowOutputCancelRestoresOriginalFormalWire" computerName="LAPTOP-F7PUVUPO" duration="00:00:00.0424975" startTime="2026-09-14T14:28:56.4181778+08:00" endTime="2026-09-14T14:28:56.4630951+08:00" testType="13cdc9d9-ddb5-4fa4-a97d-d965ccfc6d4b" outcome="Passed" testListId="8c84fa94-04c1-424b-9868-57a2d4851a1d" relativeResultsDirectory="b17f6cf5-a212-437f-860f-64c420050e8e" />
    <UnitTestResult executionId="64b08e5b-d4bb-4d22-9ece-641b374ed460" testId="131b1dbc-be17-80b6-905b-25c3d1ce4ca0" testName="MultiDeleteRemovesSessionAndTaskPlacementsButLeavesResourcesOwnedOutsideGraph" computerName="LAPTOP-F7PUVUPO" duration="00:00:00.0720448" startTime="2026-09-14T14:28:57.6256874+08:00" endTime="2026-09-14T14:28:57.6996092+08:00" testType="13cdc9d9-ddb5-4fa4-a97d-d965ccfc6d4b" outcome="Passed" testListId="8c84fa94-04c1-424b-9868-57a2d4851a1d" relativeResultsDirectory="64b08e5b-d4bb-4d22-9ece-641b374ed460" />
    <UnitTestResult executionId="7ae87841-9150-4404-a8b4-3a7824e3b577" testId="1d640a06-ec1c-870d-83eb-1c81f3d18358" testName="NonDeletableDeleteRetainsSelectionAndProblem" computerName="LAPTOP-F7PUVUPO" duration="00:00:00.0472849" startTime="2026-09-14T14:28:55.6650949+08:00" endTime="2026-09-14T14:28:55.7158384+08:00" testType="13cdc9d9-ddb5-4fa4-a97d-d965ccfc6d4b" outcome="Passed" testListId="8c84fa94-04c1-424b-9868-57a2d4851a1d" relativeResultsDirectory="7ae87841-9150-4404-a8b4-3a7824e3b577" />
    <UnitTestResult executionId="9f163f30-b3e6-4fdf-a0a5-2d0085c49bdb" testId="187305c5-876f-8b55-8eca-a9797174819c" testName="BlankOrDuplicateNodeIdsDoNotPreserveAmbiguousSelection" computerName="LAPTOP-F7PUVUPO" duration="00:00:00.1227535" startTime="2026-09-14T14:28:55.7173782+08:00" endTime="2026-09-14T14:28:55.8421434+08:00" testType="13cdc9d9-ddb5-4fa4-a97d-d965ccfc6d4b" outcome="Passed" testListId="8c84fa94-04c1-424b-9868-57a2d4851a1d" relativeResultsDirectory="9f163f30-b3e6-4fdf-a0a5-2d0085c49bdb" />
    <UnitTestResult executionId="9d8e49ea-c636-4c24-a62b-1e265b23fb1f" testId="12362f09-4a1d-8dd5-9f24-39036516d3b9" testName="ConnectionSelectionClearsNodeAndDeleteRemovesOnlyConnection" computerName="LAPTOP-F7PUVUPO" duration="00:00:00.0601718" startTime="2026-09-14T14:28:55.2507253+08:00" endTime="2026-09-14T14:28:55.3135617+08:00" testType="13cdc9d9-ddb5-4fa4-a97d-d965ccfc6d4b" outcome="Passed" testListId="8c84fa94-04c1-424b-9868-57a2d4851a1d" relativeResultsDirectory="9d8e49ea-c636-4c24-a62b-1e265b23fb1f" />
    <UnitTestResult executionId="1fe828f8-6e1e-4f3f-b6c7-d6bb12a613ab" testId="156ac82e-d5dd-820b-9067-495f262fda43" testName="RuntimeLayoutKeepsInputAndOutputAnchorsOnStableNodeEdges" computerName="LAPTOP-F7PUVUPO" duration="00:00:00.0329826" startTime="2026-09-14T14:28:55.4626098+08:00" endTime="2026-09-14T14:28:55.4994883+08:00" testType="13cdc9d9-ddb5-4fa4-a97d-d965ccfc6d4b" outcome="Passed" testListId="8c84fa94-04c1-424b-9868-57a2d4851a1d" relativeResultsDirectory="1fe828f8-6e1e-4f3f-b6c7-d6bb12a613ab" />
    <UnitTestResult executionId="f7b32a0e-9f27-4402-abc8-48ed5e59be7b" testId="1fa0e1b9-0b58-8b91-b304-84f4e6da7421" testName="MarqueeCtrlAdditiveSelectionAndGroupMovePreserveTopologyAndOffsets" computerName="LAPTOP-F7PUVUPO" duration="00:00:00.0632238" startTime="2026-09-14T14:28:57.2184729+08:00" endTime="2026-09-14T14:28:57.2835871+08:00" testType="13cdc9d9-ddb5-4fa4-a97d-d965ccfc6d4b" outcome="Passed" testListId="8c84fa94-04c1-424b-9868-57a2d4851a1d" relativeResultsDirectory="f7b32a0e-9f27-4402-abc8-48ed5e59be7b" />
    <UnitTestResult executionId="486f5b4a-671d-4c39-83c0-fa2130d58689" testId="17dc1892-1b3c-8cf9-bd85-086c57b00bd9" testName="CardinalityMatrixAllowsFlowInputsAndLogicOutputsButRejectsSingleCapacityFanInFanOut" computerName="LAPTOP-F7PUVUPO" duration="00:00:00.0011302" startTime="2026-09-14T14:28:56.8369370+08:00" endTime="2026-09-14T14:28:56.8390029+08:00" testType="13cdc9d9-ddb5-4fa4-a97d-d965ccfc6d4b" outcome="Passed" testListId="8c84fa94-04c1-424b-9868-57a2d4851a1d" relativeResultsDirectory="486f5b4a-671d-4c39-83c0-fa2130d58689" />
    <UnitTestResult executionId="9dc7bd22-6823-491b-8a57-1af06e6e3c43" testId="17b4b202-d0d4-8b82-bfd2-60d40804a4a8" testName="InlineLineParametersEditWithoutPriorSelectionAndExpanderChangesRealHeight" computerName="LAPTOP-F7PUVUPO" duration="00:00:00.0316851" startTime="2026-09-14T14:28:55.4995289+08:00" endTime="2026-09-14T14:28:55.5326141+08:00" testType="13cdc9d9-ddb5-4fa4-a97d-d965ccfc6d4b" outcome="Passed" testListId="8c84fa94-04c1-424b-9868-57a2d4851a1d" relativeResultsDirectory="9dc7bd22-6823-491b-8a57-1af06e6e3c43" />
    <UnitTestResult executionId="706b62bf-dcde-40ad-bf80-4da46851e5ad" testId="1249cce1-52a3-83d5-bf46-49284f80abfa" testName="ArrangedViewProjectsOrderedPortIdentityKindAndStyledHitPaths" computerName="LAPTOP-F7PUVUPO" duration="00:00:00.0390062" startTime="2026-09-14T14:28:55.0927987+08:00" endTime="2026-09-14T14:28:55.1340796+08:00" testType="13cdc9d9-ddb5-4fa4-a97d-d965ccfc6d4b" outcome="Passed" testListId="8c84fa94-04c1-424b-9868-57a2d4851a1d" relativeResultsDirectory="706b62bf-dcde-40ad-bf80-4da46851e5ad" />
    <UnitTestResult executionId="6b10bae1-e906-4f30-a0e8-11a9addf144d" testId="1fe98633-fc7d-86b8-b184-9c769774c12c" testName="FlowInputOrdinaryDragAddsOneAndCtrlDragMovesTheWholeBundle" computerName="LAPTOP-F7PUVUPO" duration="00:00:00.1088896" startTime="2026-09-14T14:28:56.6410143+08:00" endTime="2026-09-14T14:28:56.7530067+08:00" testType="13cdc9d9-ddb5-4fa4-a97d-d965ccfc6d4b" outcome="Passed" testListId="8c84fa94-04c1-424b-9868-57a2d4851a1d" relativeResultsDirectory="6b10bae1-e906-4f30-a0e8-11a9addf144d" />
    <UnitTestResult executionId="795d759e-bf41-4717-ab13-7bdc56ac24e2" testId="145f801a-f3a0-844d-bb5e-7fce6eab87b5" testName="SpliceRejectsAmbiguousSameKindSide (&quot;output&quot;)" computerName="LAPTOP-F7PUVUPO" duration="00:00:00.0005095" startTime="2026-09-14T14:28:58.1533956+08:00" endTime="2026-09-14T14:28:58.1547903+08:00" testType="13cdc9d9-ddb5-4fa4-a97d-d965ccfc6d4b" outcome="Passed" testListId="8c84fa94-04c1-424b-9868-57a2d4851a1d" relativeResultsDirectory="795d759e-bf41-4717-ab13-7bdc56ac24e2" />
    <UnitTestResult executionId="e86ba3c1-1270-4a40-99cb-8b02e1402751" testId="1da991ed-68bc-8c3d-9b66-e52f03a81671" testName="AmbiguousOrMultiSelectedSpliceCandidateStaysOrdinaryLayoutAndDoesNotMutate" computerName="LAPTOP-F7PUVUPO" duration="00:00:00.0662473" startTime="2026-09-14T14:28:58.2303772+08:00" endTime="2026-09-14T14:28:58.2995408+08:00" testType="13cdc9d9-ddb5-4fa4-a97d-d965ccfc6d4b" outcome="Passed" testListId="8c84fa94-04c1-424b-9868-57a2d4851a1d" relativeResultsDirectory="e86ba3c1-1270-4a40-99cb-8b02e1402751" />
    <UnitTestResult executionId="cb023672-ecbc-4203-8718-9c22f3751db3" testId="1e100e77-7d73-82de-b114-d2602c60e5e9" testName="OccupiedSingleCapacityPortReusesWireAndKeepsDraggedPortFixed" computerName="LAPTOP-F7PUVUPO" duration="00:00:00.0517478" startTime="2026-09-14T14:28:55.4086932+08:00" endTime="2026-09-14T14:28:55.4625723+08:00" testType="13cdc9d9-ddb5-4fa4-a97d-d965ccfc6d4b" outcome="Passed" testListId="8c84fa94-04c1-424b-9868-57a2d4851a1d" relativeResultsDirectory="cb023672-ecbc-4203-8718-9c22f3751db3" />
    <UnitTestResult executionId="d5cf1673-94ef-4c87-9dfb-6e289d9e2bcc" testId="1de583e7-641b-824b-9d62-bab52410b457" testName="MultiCapacityPortCreatesNewWireUnlessBundleGestureIsExplicit" computerName="LAPTOP-F7PUVUPO" duration="00:00:00.0492966" startTime="2026-09-14T14:28:55.3562711+08:00" endTime="2026-09-14T14:28:55.4086541+08:00" testType="13cdc9d9-ddb5-4fa4-a97d-d965ccfc6d4b" outcome="Passed" testListId="8c84fa94-04c1-424b-9868-57a2d4851a1d" relativeResultsDirectory="d5cf1673-94ef-4c87-9dfb-6e289d9e2bcc" />
    <UnitTestResult executionId="7449728e-c7c5-40ec-b688-749e7c446ccf" testId="1b3ab465-03c3-825e-95ec-990a2ce0d5fe" testName="LayoutCompletionReanchorsVisibleAndHitWiresAfterRepeatedUndoRedo" computerName="LAPTOP-F7PUVUPO" duration="00:00:00.1572798" startTime="2026-09-14T14:28:58.4370482+08:00" endTime="2026-09-14T14:28:58.5971282+08:00" testType="13cdc9d9-ddb5-4fa4-a97d-d965ccfc6d4b" outcome="Passed" testListId="8c84fa94-04c1-424b-9868-57a2d4851a1d" relativeResultsDirectory="7449728e-c7c5-40ec-b688-749e7c446ccf" />
    <UnitTestResult executionId="2c4195db-fc4d-41dd-9cd0-a0108298cd81" testId="104858f4-f891-8dfa-a555-06deee50c42d" testName="OneTypedViewAcceptsStorySessionAndTaskHosts" computerName="LAPTOP-F7PUVUPO" duration="00:00:00.1053665" startTime="2026-09-14T14:28:54.8776844+08:00" endTime="2026-09-14T14:28:54.9874483+08:00" testType="13cdc9d9-ddb5-4fa4-a97d-d965ccfc6d4b" outcome="Passed" testListId="8c84fa94-04c1-424b-9868-57a2d4851a1d" relativeResultsDirectory="2c4195db-fc4d-41dd-9cd0-a0108298cd81" />
    <UnitTestResult executionId="79bfc0b0-7311-45ff-bb9a-767206343e48" testId="13b9bfc9-9cfc-8deb-bf5e-69b9b3c2d9f1" testName="SpliceSupportsUniqueDoubleAndOneSidedPortsAsOneUndoUnit (&quot;flow&quot;,&quot;both&quot;,2)" computerName="LAPTOP-F7PUVUPO" duration="00:00:00.0629470" startTime="2026-09-14T14:28:57.7586358+08:00" endTime="2026-09-14T14:28:57.8246830+08:00" testType="13cdc9d9-ddb5-4fa4-a97d-d965ccfc6d4b" outcome="Passed" testListId="8c84fa94-04c1-424b-9868-57a2d4851a1d" relativeResultsDirectory="79bfc0b0-7311-45ff-bb9a-767206343e48" />
    <UnitTestResult executionId="e0dd82f1-4a20-4f28-8b6a-753064d944d6" testId="15c67135-4692-81d4-b21d-629341ab341e" testName="ContextMenuNodeDeleteExecutesImmediatelyAndClearsSelection" computerName="LAPTOP-F7PUVUPO" duration="00:00:00.0544677" startTime="2026-09-14T14:28:55.5326511+08:00" endTime="2026-09-14T14:28:55.5895290+08:00" testType="13cdc9d9-ddb5-4fa4-a97d-d965ccfc6d4b" outcome="Passed" testListId="8c84fa94-04c1-424b-9868-57a2d4851a1d" relativeResultsDirectory="e0dd82f1-4a20-4f28-8b6a-753064d944d6" />
    <UnitTestResult executionId="b89a9b00-db1d-4338-a0ae-bc5ecb0725cf" testId="13cc1d16-92a8-85b3-ba85-36905b868d3c" testName="AddNodeAtCommitsFixedCandidateAtRequestedPositionAndSelectsIt" computerName="LAPTOP-F7PUVUPO" duration="00:00:00.0632126" startTime="2026-09-14T14:28:57.0133525+08:00" endTime="2026-09-14T14:28:57.0783439+08:00" testType="13cdc9d9-ddb5-4fa4-a97d-d965ccfc6d4b" outcome="Passed" testListId="8c84fa94-04c1-424b-9868-57a2d4851a1d" relativeResultsDirectory="b89a9b00-db1d-4338-a0ae-bc5ecb0725cf" />
    <UnitTestResult executionId="724d03c1-2f3f-4db7-98a1-c9c882842b8e" testId="1c89ba66-5799-8407-8308-e48f2923edae" testName="SpliceRejectsOccupiedSingleCapacityPortAndPreservesItsWire (&quot;flow&quot;)" computerName="LAPTOP-F7PUVUPO" duration="00:00:00.0010819" startTime="2026-09-14T14:28:58.1548508+08:00" endTime="2026-09-14T14:28:58.1566905+08:00" testType="13cdc9d9-ddb5-4fa4-a97d-d965ccfc6d4b" outcome="Passed" testListId="8c84fa94-04c1-424b-9868-57a2d4851a1d" relativeResultsDirectory="724d03c1-2f3f-4db7-98a1-c9c882842b8e" />
    <UnitTestResult executionId="f64d5d23-1479-46b1-9905-c9b1047026f8" testId="193566f6-0543-899e-9f7e-7adf5fc31a92" testName="SpliceSupportsUniqueDoubleAndOneSidedPortsAsOneUndoUnit (&quot;flow&quot;,&quot;output&quot;,1)" computerName="LAPTOP-F7PUVUPO" duration="00:00:00.0730333" startTime="2026-09-14T14:28:57.8801401+08:00" endTime="2026-09-14T14:28:57.9559544+08:00" testType="13cdc9d9-ddb5-4fa4-a97d-d965ccfc6d4b" outcome="Passed" testListId="8c84fa94-04c1-424b-9868-57a2d4851a1d" relativeResultsDirectory="f64d5d23-1479-46b1-9905-c9b1047026f8" />
    <UnitTestResult executionId="051f7b0e-bbd0-4ea5-9590-3487683f487d" testId="152bb75a-8bf4-8fd8-9935-ae753d205c43" testName="MixedProtectedMultiDeleteRemovesDeletableNodesAndKeepsRequiredSelection" computerName="LAPTOP-F7PUVUPO" duration="00:00:00.0702181" startTime="2026-09-14T14:28:57.5534642+08:00" endTime="2026-09-14T14:28:57.6256522+08:00" testType="13cdc9d9-ddb5-4fa4-a97d-d965ccfc6d4b" outcome="Passed" testListId="8c84fa94-04c1-424b-9868-57a2d4851a1d" relativeResultsDirectory="051f7b0e-bbd0-4ea5-9590-3487683f487d" />
    <UnitTestResult executionId="4c0389cf-7b73-47d5-abf6-04a808e236cd" testId="11002448-72e5-803e-bf40-cb219fab54f8" testName="SpliceRejectsNodeWithoutSameKindPorts" computerName="LAPTOP-F7PUVUPO" duration="00:00:00.0005129" startTime="2026-09-14T14:28:58.1499121+08:00" endTime="2026-09-14T14:28:58.1514378+08:00" testType="13cdc9d9-ddb5-4fa4-a97d-d965ccfc6d4b" outcome="Passed" testListId="8c84fa94-04c1-424b-9868-57a2d4851a1d" relativeResultsDirectory="4c0389cf-7b73-47d5-abf6-04a808e236cd" />
    <UnitTestResult executionId="8f181b27-87d8-48f2-b91d-c0eedcbce17e" testId="12ea1a6b-6527-8a0b-baeb-e14580592372" testName="InlineParameterLabelsUseReadableForegroundOnDarkNodeSurface" computerName="LAPTOP-F7PUVUPO" duration="00:00:00.0600152" startTime="2026-09-14T14:28:54.9874951+08:00" endTime="2026-09-14T14:28:55.0501555+08:00" testType="13cdc9d9-ddb5-4fa4-a97d-d965ccfc6d4b" outcome="Passed" testListId="8c84fa94-04c1-424b-9868-57a2d4851a1d" relativeResultsDirectory="8f181b27-87d8-48f2-b91d-c0eedcbce17e" />
    <UnitTestResult executionId="36bdbcf6-7dc7-4ab1-9c55-96a9e7ee0e04" testId="1e96485f-ae25-8ee0-b4ed-26834d24b5a3" testName="ParameterBlankHitRemainsDraggableWhileRenderedEditorControlsOwnPresses" computerName="LAPTOP-F7PUVUPO" duration="00:00:00.0329212" startTime="2026-09-14T14:28:58.3996187+08:00" endTime="2026-09-14T14:28:58.4355552+08:00" testType="13cdc9d9-ddb5-4fa4-a97d-d965ccfc6d4b" outcome="Passed" testListId="8c84fa94-04c1-424b-9868-57a2d4851a1d" relativeResultsDirectory="36bdbcf6-7dc7-4ab1-9c55-96a9e7ee0e04" />
    <UnitTestResult executionId="08b4ceb9-251e-494e-890e-d8731ccd9800" testId="136be51f-2db7-8254-8c6e-a40f089b4929" testName="ReleasingShiftClearsSplicePreviewWithoutChangingTopology" computerName="LAPTOP-F7PUVUPO" duration="00:00:00.0705053" startTime="2026-09-14T14:28:58.1581691+08:00" endTime="2026-09-14T14:28:58.2303344+08:00" testType="13cdc9d9-ddb5-4fa4-a97d-d965ccfc6d4b" outcome="Passed" testListId="8c84fa94-04c1-424b-9868-57a2d4851a1d" relativeResultsDirectory="08b4ceb9-251e-494e-890e-d8731ccd9800" />
    <UnitTestResult executionId="d2ce1a5a-bce6-4d47-b557-33d429531c36" testId="1e3d961a-7366-8779-8cdd-d5032bb60934" testName="LogicOutputOrdinaryDragAddsOneAndCtrlDragMovesTheWholeBundle" computerName="LAPTOP-F7PUVUPO" duration="00:00:00.0817504" startTime="2026-09-14T14:28:56.7530586+08:00" endTime="2026-09-14T14:28:56.8368893+08:00" testType="13cdc9d9-ddb5-4fa4-a97d-d965ccfc6d4b" outcome="Passed" testListId="8c84fa94-04c1-424b-9868-57a2d4851a1d" relativeResultsDirectory="d2ce1a5a-bce6-4d47-b557-33d429531c36" />
    <UnitTestResult executionId="38684668-98eb-43a9-a8cf-92ce591ce4a8" testId="1da86c40-5fe6-8a82-90f7-94b549d559d9" testName="ReadOnlyGraphAllowsViewportAndNavigationButRejectsMutation" computerName="LAPTOP-F7PUVUPO" duration="00:00:00.4957916" startTime="2026-09-14T14:28:54.1045712+08:00" endTime="2026-09-14T14:28:54.6229327+08:00" testType="13cdc9d9-ddb5-4fa4-a97d-d965ccfc6d4b" outcome="Passed" testListId="8c84fa94-04c1-424b-9868-57a2d4851a1d" relativeResultsDirectory="38684668-98eb-43a9-a8cf-92ce591ce4a8" />
    <UnitTestResult executionId="eb2a01b7-c88c-4ee5-94e3-115ff478a192" testId="12b8e0ff-5a23-8c93-8292-b6d284ef41a7" testName="CanvasFocusTargetUsesRoutedKeyboardPathAndEscapeCancelsWire" computerName="LAPTOP-F7PUVUPO" duration="00:00:00.0412821" startTime="2026-09-14T14:28:55.9656654+08:00" endTime="2026-09-14T14:28:56.0089105+08:00" testType="13cdc9d9-ddb5-4fa4-a97d-d965ccfc6d4b" outcome="Passed" testListId="8c84fa94-04c1-424b-9868-57a2d4851a1d" relativeResultsDirectory="eb2a01b7-c88c-4ee5-94e3-115ff478a192" />
    <UnitTestResult executionId="86f0bfb2-5b43-4993-9d01-5b77a374de84" testId="1c65b418-4757-898a-b8e6-702defe40398" testName="DirectConnectedLogicOutputCreatesFanOutWhileExplicitHitReconnectCarriesOriginal" computerName="LAPTOP-F7PUVUPO" duration="00:00:00.0944110" startTime="2026-09-14T14:28:56.2398534+08:00" endTime="2026-09-14T14:28:56.3364899+08:00" testType="13cdc9d9-ddb5-4fa4-a97d-d965ccfc6d4b" outcome="Passed" testListId="8c84fa94-04c1-424b-9868-57a2d4851a1d" relativeResultsDirectory="86f0bfb2-5b43-4993-9d01-5b77a374de84" />
    <UnitTestResult executionId="709977ee-48e6-49f3-826f-784503361937" testId="15756115-e128-8d9a-9804-6726e60e6b36" testName="ConnectionAndDisconnectRouteThroughHostWithoutChangingLayout" computerName="LAPTOP-F7PUVUPO" duration="00:00:00.0406480" startTime="2026-09-14T14:28:55.0502560+08:00" endTime="2026-09-14T14:28:55.0927611+08:00" testType="13cdc9d9-ddb5-4fa4-a97d-d965ccfc6d4b" outcome="Passed" testListId="8c84fa94-04c1-424b-9868-57a2d4851a1d" relativeResultsDirectory="709977ee-48e6-49f3-826f-784503361937" />
    <UnitTestResult executionId="f093b826-d5c1-40a3-949a-2c9077e07039" testId="1515b429-0ac9-8e95-a040-1855c5577ede" testName="DynamicPortRefreshRebuildsOnlyAffectedNodeAndPreservesSelectionViewport" computerName="LAPTOP-F7PUVUPO" duration="00:00:00.1643450" startTime="2026-09-14T14:28:54.6270744+08:00" endTime="2026-09-14T14:28:54.7932209+08:00" testType="13cdc9d9-ddb5-4fa4-a97d-d965ccfc6d4b" outcome="Passed" testListId="8c84fa94-04c1-424b-9868-57a2d4851a1d" relativeResultsDirectory="f093b826-d5c1-40a3-949a-2c9077e07039" />
    <UnitTestResult executionId="9c750570-fbe8-4885-a8ca-2dc17de0add9" testId="11812851-1c9d-8e58-a63c-82eac4fda179" testName="ExistingConnectionBlankDropDisconnectsFromInputSide" computerName="LAPTOP-F7PUVUPO" duration="00:00:00.0428938" startTime="2026-09-14T14:28:56.5963297+08:00" endTime="2026-09-14T14:28:56.6409547+08:00" testType="13cdc9d9-ddb5-4fa4-a97d-d965ccfc6d4b" outcome="Passed" testListId="8c84fa94-04c1-424b-9868-57a2d4851a1d" relativeResultsDirectory="9c750570-fbe8-4885-a8ca-2dc17de0add9" />
    <UnitTestResult executionId="f4b16c5f-fabf-4c96-9cca-832ab15b0cea" testId="1f5669ec-5bcc-8cd1-9609-c069442ff2a7" testName="AddAndOrUsesExactlyTwoInjectedDynamicIdsAndNoAvailabilityConsumption" computerName="LAPTOP-F7PUVUPO" duration="00:00:00.0589152" startTime="2026-09-14T14:28:57.0783778+08:00" endTime="2026-09-14T14:28:57.1392183+08:00" testType="13cdc9d9-ddb5-4fa4-a97d-d965ccfc6d4b" outcome="Passed" testListId="8c84fa94-04c1-424b-9868-57a2d4851a1d" relativeResultsDirectory="f4b16c5f-fabf-4c96-9cca-832ab15b0cea" />
    <UnitTestResult executionId="5cca7965-1f00-4f38-a5c0-62d2d8d4bc13" testId="13e77e52-6d45-8105-a8d4-621284e73ef7" testName="FailedBlankOrDuplicateGeneratedIdDoesNotRetryOrMutateGraphLayoutOrSelection" computerName="LAPTOP-F7PUVUPO" duration="00:00:00.0773721" startTime="2026-09-14T14:28:57.1392551+08:00" endTime="2026-09-14T14:28:57.2184230+08:00" testType="13cdc9d9-ddb5-4fa4-a97d-d965ccfc6d4b" outcome="Passed" testListId="8c84fa94-04c1-424b-9868-57a2d4851a1d" relativeResultsDirectory="5cca7965-1f00-4f38-a5c0-62d2d8d4bc13" />
    <UnitTestResult executionId="c0c39808-14a5-4955-aaad-4f434f30f708" testId="1600a99d-2825-8b5f-81e5-3b4ebc5bf9c2" testName="EditableControlDeleteNeverDeletesSelectedGraphNodes" computerName="LAPTOP-F7PUVUPO" duration="00:00:00.0495648" startTime="2026-09-14T14:28:57.4204594+08:00" endTime="2026-09-14T14:28:57.4720155+08:00" testType="13cdc9d9-ddb5-4fa4-a97d-d965ccfc6d4b" outcome="Passed" testListId="8c84fa94-04c1-424b-9868-57a2d4851a1d" relativeResultsDirectory="c0c39808-14a5-4955-aaad-4f434f30f708" />
    <UnitTestResult executionId="c689dab8-c230-4db2-9e20-45105af3cafc" testId="17cc9a5f-ee87-89a1-b8e9-92da6d4c51e7" testName="CtrlToggleAndEscapeRestoreSelectionFromBeforeMarquee" computerName="LAPTOP-F7PUVUPO" duration="00:00:00.0764730" startTime="2026-09-14T14:28:57.4720994+08:00" endTime="2026-09-14T14:28:57.5524091+08:00" testType="13cdc9d9-ddb5-4fa4-a97d-d965ccfc6d4b" outcome="Passed" testListId="8c84fa94-04c1-424b-9868-57a2d4851a1d" relativeResultsDirectory="c689dab8-c230-4db2-9e20-45105af3cafc" />
    <UnitTestResult executionId="b39e8556-5bd0-42b5-9353-9eda1e3283e6" testId="1fceddfa-b3b8-8628-a243-b4cadd46bda5" testName="SpliceSupportsUniqueDoubleAndOneSidedPortsAsOneUndoUnit (&quot;logic&quot;,&quot;input&quot;,1)" computerName="LAPTOP-F7PUVUPO" duration="00:00:00.0727075" startTime="2026-09-14T14:28:58.0080929+08:00" endTime="2026-09-14T14:28:58.0825729+08:00" testType="13cdc9d9-ddb5-4fa4-a97d-d965ccfc6d4b" outcome="Passed" testListId="8c84fa94-04c1-424b-9868-57a2d4851a1d" relativeResultsDirectory="b39e8556-5bd0-42b5-9353-9eda1e3283e6" />
    <UnitTestResult executionId="e5ab91b3-0857-4f3e-a29b-b0d6960fefcf" testId="10ab87a3-ed4f-8c4a-a0be-7c07401c3520" testName="PreviewTargetUsesOneValidityDecisionAndClearsPreviousGlowImmediately" computerName="LAPTOP-F7PUVUPO" duration="00:00:00.0965793" startTime="2026-09-14T14:28:56.1408355+08:00" endTime="2026-09-14T14:28:56.2397870+08:00" testType="13cdc9d9-ddb5-4fa4-a97d-d965ccfc6d4b" outcome="Passed" testListId="8c84fa94-04c1-424b-9868-57a2d4851a1d" relativeResultsDirectory="e5ab91b3-0857-4f3e-a29b-b0d6960fefcf" />
    <UnitTestResult executionId="207c517b-b656-4415-af43-ae0d6800826f" testId="176c4eb9-58a3-810d-a197-3c1d09ce37f6" testName="StoryAggregateTypesAreAbsentBecauseResourcesOwnPlacement" computerName="LAPTOP-F7PUVUPO" duration="00:00:00.0446378" startTime="2026-09-14T14:28:56.8965287+08:00" endTime="2026-09-14T14:28:56.9429584+08:00" testType="13cdc9d9-ddb5-4fa4-a97d-d965ccfc6d4b" outcome="Passed" testListId="8c84fa94-04c1-424b-9868-57a2d4851a1d" relativeResultsDirectory="207c517b-b656-4415-af43-ae0d6800826f" />
    <UnitTestResult executionId="e7b8c4f4-42fb-4e14-91f3-1c21a4123daa" testId="1aba32b1-fcae-8735-942b-8a5a216374d9" testName="ExistingConnectionHitNearInputReplacesInputAndKeepsOutput" computerName="LAPTOP-F7PUVUPO" duration="00:00:00.0670305" startTime="2026-09-14T14:28:56.4631410+08:00" endTime="2026-09-14T14:28:56.5320444+08:00" testType="13cdc9d9-ddb5-4fa4-a97d-d965ccfc6d4b" outcome="Passed" testListId="8c84fa94-04c1-424b-9868-57a2d4851a1d" relativeResultsDirectory="e7b8c4f4-42fb-4e14-91f3-1c21a4123daa" />
    <UnitTestResult executionId="31c3ed63-1abe-41ee-85a2-ae7f9864449f" testId="19ca74b8-aa6e-8f80-9e7f-fcd7b1f77b42" testName="PendingPressCrossingDragThresholdBeginsNewWireGestureOnlyOnce" computerName="LAPTOP-F7PUVUPO" duration="00:00:00.0661441" startTime="2026-09-14T14:28:56.0714778+08:00" endTime="2026-09-14T14:28:56.1407727+08:00" testType="13cdc9d9-ddb5-4fa4-a97d-d965ccfc6d4b" outcome="Passed" testListId="8c84fa94-04c1-424b-9868-57a2d4851a1d" relativeResultsDirectory="31c3ed63-1abe-41ee-85a2-ae7f9864449f" />
    <UnitTestResult executionId="7ece106d-06cb-4855-af16-28bebd6aee55" testId="1ffe0f35-3ac0-8fd4-8ff3-e65143095c80" testName="ImplicitDataContextHostClearsWhenContextBecomesNonHost" computerName="LAPTOP-F7PUVUPO" duration="00:00:00.0786714" startTime="2026-09-14T14:28:55.8422121+08:00" endTime="2026-09-14T14:28:55.9224477+08:00" testType="13cdc9d9-ddb5-4fa4-a97d-d965ccfc6d4b" outcome="Passed" testListId="8c84fa94-04c1-424b-9868-57a2d4851a1d" relativeResultsDirectory="7ece106d-06cb-4855-af16-28bebd6aee55" />
    <UnitTestResult executionId="27744bbe-f15f-4c92-af57-21df4bcef9a2" testId="1663107d-0e29-8f69-bbe3-fc881916b06c" testName="NodeSelectionIsMutuallyExclusiveAndSurvivesRefreshByUniqueId" computerName="LAPTOP-F7PUVUPO" duration="00:00:00.0366355" startTime="2026-09-14T14:28:55.1852010+08:00" endTime="2026-09-14T14:28:55.2240664+08:00" testType="13cdc9d9-ddb5-4fa4-a97d-d965ccfc6d4b" outcome="Passed" testListId="8c84fa94-04c1-424b-9868-57a2d4851a1d" relativeResultsDirectory="27744bbe-f15f-4c92-af57-21df4bcef9a2" />
    <UnitTestResult executionId="895f01fa-d9c7-4ac6-a87c-057dc0ccadf6" testId="1d860234-578b-8242-9d6d-38a747057fcb" testName="ExistingWireDragReusesFormalWireVisualAndScissorsUsesCustomCursor" computerName="LAPTOP-F7PUVUPO" duration="00:00:00.0405611" startTime="2026-09-14T14:28:55.3136006+08:00" endTime="2026-09-14T14:28:55.3562058+08:00" testType="13cdc9d9-ddb5-4fa4-a97d-d965ccfc6d4b" outcome="Passed" testListId="8c84fa94-04c1-424b-9868-57a2d4851a1d" relativeResultsDirectory="895f01fa-d9c7-4ac6-a87c-057dc0ccadf6" />
    <UnitTestResult executionId="4bf2ae2b-223d-4958-8841-d0dccb6c9fd9" testId="191e5cd9-19e1-832e-9add-fe7b9eebfbe4" testName="SpliceRejectsOccupiedSingleCapacityPortAndPreservesItsWire (&quot;logic&quot;)" computerName="LAPTOP-F7PUVUPO" duration="00:00:00.0007235" startTime="2026-09-14T14:28:58.1567292+08:00" endTime="2026-09-14T14:28:58.1581394+08:00" testType="13cdc9d9-ddb5-4fa4-a97d-d965ccfc6d4b" outcome="Passed" testListId="8c84fa94-04c1-424b-9868-57a2d4851a1d" relativeResultsDirectory="4bf2ae2b-223d-4958-8841-d0dccb6c9fd9" />
    <UnitTestResult executionId="7bd41753-a715-4f81-9bcb-91f88c830331" testId="1c2ae9f7-b7b8-878b-b0d2-01db04f9b1d1" testName="SpliceSupportsUniqueDoubleAndOneSidedPortsAsOneUndoUnit (&quot;flow&quot;,&quot;input&quot;,1)" computerName="LAPTOP-F7PUVUPO" duration="00:00:00.0539345" startTime="2026-09-14T14:28:57.8247194+08:00" endTime="2026-09-14T14:28:57.8801043+08:00" testType="13cdc9d9-ddb5-4fa4-a97d-d965ccfc6d4b" outcome="Passed" testListId="8c84fa94-04c1-424b-9868-57a2d4851a1d" relativeResultsDirectory="7bd41753-a715-4f81-9bcb-91f88c830331" />
    <UnitTestResult executionId="8cbe9eee-267b-4777-92de-162d44495505" testId="14b5546a-f33c-85a2-b4f2-b0c209a44c2a" testName="DirectConnectedFlowOutputReusesFormalWireAndReconnectsInsteadOfCreatingPreview" computerName="LAPTOP-F7PUVUPO" duration="00:00:00.0776968" startTime="2026-09-14T14:28:56.3365319+08:00" endTime="2026-09-14T14:28:56.4171003+08:00" testType="13cdc9d9-ddb5-4fa4-a97d-d965ccfc6d4b" outcome="Passed" testListId="8c84fa94-04c1-424b-9868-57a2d4851a1d" relativeResultsDirectory="8cbe9eee-267b-4777-92de-162d44495505" />
    <UnitTestResult executionId="876dc34c-bace-41d1-8727-6c1f6f36375f" testId="12099202-1c47-865b-8f4e-803009bb5c9d" testName="MalformedProjectionDoesNotThrowOrMutateGraph" computerName="LAPTOP-F7PUVUPO" duration="00:00:00.0141128" startTime="2026-09-14T14:28:56.8390294+08:00" endTime="2026-09-14T14:28:56.8550389+08:00" testType="13cdc9d9-ddb5-4fa4-a97d-d965ccfc6d4b" outcome="Passed" testListId="8c84fa94-04c1-424b-9868-57a2d4851a1d" relativeResultsDirectory="876dc34c-bace-41d1-8727-6c1f6f36375f" />
    <UnitTestResult executionId="52227a55-0bcf-4c2f-b470-aa4e6cc1a069" testId="10229a77-8d7d-8380-8002-ceddb0aa4370" testName="PortPressStaysPendingBelowThresholdAndLightClicksCreateNoPhantomOrHistory" computerName="LAPTOP-F7PUVUPO" duration="00:00:00.0589386" startTime="2026-09-14T14:28:56.0089707+08:00" endTime="2026-09-14T14:28:56.0714252+08:00" testType="13cdc9d9-ddb5-4fa4-a97d-d965ccfc6d4b" outcome="Passed" testListId="8c84fa94-04c1-424b-9868-57a2d4851a1d" relativeResultsDirectory="52227a55-0bcf-4c2f-b470-aa4e6cc1a069" />
    <UnitTestResult executionId="a2f33bce-6ea4-43b8-851d-57aa9da44419" testId="16c280f6-ee5b-894b-9028-75c15c7e9a84" testName="SplicePreviewIsNonMutatingAndCommitAtomicallyReplacesOneWireWithTwo" computerName="LAPTOP-F7PUVUPO" duration="00:00:00.0552225" startTime="2026-09-14T14:28:57.6996559+08:00" endTime="2026-09-14T14:28:57.7585644+08:00" testType="13cdc9d9-ddb5-4fa4-a97d-d965ccfc6d4b" outcome="Passed" testListId="8c84fa94-04c1-424b-9868-57a2d4851a1d" relativeResultsDirectory="a2f33bce-6ea4-43b8-851d-57aa9da44419" />
    <UnitTestResult executionId="7d9f7a81-ba91-429f-aeaa-a9f6a9f36410" testId="175e0e15-af9b-887f-9ec9-ad5709a66430" testName="SpliceSupportsUniqueDoubleAndOneSidedPortsAsOneUndoUnit (&quot;logic&quot;,&quot;output&quot;,1)" computerName="LAPTOP-F7PUVUPO" duration="00:00:00.0641932" startTime="2026-09-14T14:28:58.0826168+08:00" endTime="2026-09-14T14:28:58.1485741+08:00" testType="13cdc9d9-ddb5-4fa4-a97d-d965ccfc6d4b" outcome="Passed" testListId="8c84fa94-04c1-424b-9868-57a2d4851a1d" relativeResultsDirectory="7d9f7a81-ba91-429f-aeaa-a9f6a9f36410" />
    <UnitTestResult executionId="d776ee94-e484-4df7-96fb-c95e23d87f27" testId="1b08c988-c53d-8296-b64e-eb19c09c6b75" testName="ExplicitHostSurvivesUnrelatedDataContextChanges" computerName="LAPTOP-F7PUVUPO" duration="00:00:00.0414837" startTime="2026-09-14T14:28:55.9224878+08:00" endTime="2026-09-14T14:28:55.9656256+08:00" testType="13cdc9d9-ddb5-4fa4-a97d-d965ccfc6d4b" outcome="Passed" testListId="8c84fa94-04c1-424b-9868-57a2d4851a1d" relativeResultsDirectory="d776ee94-e484-4df7-96fb-c95e23d87f27" />
    <UnitTestResult executionId="a7236c8c-4d18-41ad-82cd-c36a13dad0d1" testId="109f4090-3706-8d00-b55a-c1a3226464e3" testName="MultiSelectionContextMenuPreservesSelectedTargetAndSharesAtomicDelete" computerName="LAPTOP-F7PUVUPO" duration="00:00:00.1338216" startTime="2026-09-14T14:28:57.2836357+08:00" endTime="2026-09-14T14:28:57.4203977+08:00" testType="13cdc9d9-ddb5-4fa4-a97d-d965ccfc6d4b" outcome="Passed" testListId="8c84fa94-04c1-424b-9868-57a2d4851a1d" relativeResultsDirectory="a7236c8c-4d18-41ad-82cd-c36a13dad0d1" />
    <UnitTestResult executionId="89b7f00a-a823-470f-a548-a24288a97c47" testId="1e83348f-754f-8e06-8b72-e96b7ebc078a" testName="SpliceSupportsUniqueDoubleAndOneSidedPortsAsOneUndoUnit (&quot;logic&quot;,&quot;both&quot;,2)" computerName="LAPTOP-F7PUVUPO" duration="00:00:00.0502901" startTime="2026-09-14T14:28:57.9560265+08:00" endTime="2026-09-14T14:28:58.0080564+08:00" testType="13cdc9d9-ddb5-4fa4-a97d-d965ccfc6d4b" outcome="Passed" testListId="8c84fa94-04c1-424b-9868-57a2d4851a1d" relativeResultsDirectory="89b7f00a-a823-470f-a548-a24288a97c47" />
  </Results>
  <TestDefinitions>
    <UnitTest name="PortPressStaysPendingBelowThresholdAndLightClicksCreateNoPhantomOrHistory" storage="e:\java\minecraftmod\darkgrey_rpg\studio\src\darkgreyrpg.studio.wpf.tests\bin\release\net10.0-windows\darkgreyrpg.studio.wpf.tests.dll" id="10229a77-8d7d-8380-8002-ceddb0aa4370">
      <Execution id="52227a55-0bcf-4c2f-b470-aa4e6cc1a069" />
      <TestMethod codeBase="E:\Java\MinecraftMod\DarkGrey_RPG\studio\src\DarkGreyRPG.Studio.Wpf.Tests\bin\Release\net10.0-windows\DarkGreyRPG.Studio.Wpf.Tests.dll" adapterTypeName="executor://mstestadapter/v4" className="DarkGreyRPG.Studio.Wpf.Tests.CanonicalGraphEditorViewTests" name="PortPressStaysPendingBelowThresholdAndLightClicksCreateNoPhantomOrHistory" />
    </UnitTest>
    <UnitTest name="SpliceSupportsUniqueDoubleAndOneSidedPortsAsOneUndoUnit (&quot;flow&quot;,&quot;input&quot;,1)" storage="e:\java\minecraftmod\darkgrey_rpg\studio\src\darkgreyrpg.studio.wpf.tests\bin\release\net10.0-windows\darkgreyrpg.studio.wpf.tests.dll" id="1c2ae9f7-b7b8-878b-b0d2-01db04f9b1d1">
      <Execution id="7bd41753-a715-4f81-9bcb-91f88c830331" />
      <TestMethod codeBase="E:\Java\MinecraftMod\DarkGrey_RPG\studio\src\DarkGreyRPG.Studio.Wpf.Tests\bin\Release\net10.0-windows\DarkGreyRPG.Studio.Wpf.Tests.dll" adapterTypeName="executor://mstestadapter/v4" className="DarkGreyRPG.Studio.Wpf.Tests.CanonicalGraphEditorViewTests" name="SpliceSupportsUniqueDoubleAndOneSidedPortsAsOneUndoUnit" />
    </UnitTest>
    <UnitTest name="DirectConnectedLogicOutputCreatesFanOutWhileExplicitHitReconnectCarriesOriginal" storage="e:\java\minecraftmod\darkgrey_rpg\studio\src\darkgreyrpg.studio.wpf.tests\bin\release\net10.0-windows\darkgreyrpg.studio.wpf.tests.dll" id="1c65b418-4757-898a-b8e6-702defe40398">
      <Execution id="86f0bfb2-5b43-4993-9d01-5b77a374de84" />
      <TestMethod codeBase="E:\Java\MinecraftMod\DarkGrey_RPG\studio\src\DarkGreyRPG.Studio.Wpf.Tests\bin\Release\net10.0-windows\DarkGreyRPG.Studio.Wpf.Tests.dll" adapterTypeName="executor://mstestadapter/v4" className="DarkGreyRPG.Studio.Wpf.Tests.CanonicalGraphEditorViewTests" name="DirectConnectedLogicOutputCreatesFanOutWhileExplicitHitReconnectCarriesOriginal" />
    </UnitTest>
    <UnitTest name="CardinalityMatrixAllowsFlowInputsAndLogicOutputsButRejectsSingleCapacityFanInFanOut" storage="e:\java\minecraftmod\darkgrey_rpg\studio\src\darkgreyrpg.studio.wpf.tests\bin\release\net10.0-windows\darkgreyrpg.studio.wpf.tests.dll" id="17dc1892-1b3c-8cf9-bd85-086c57b00bd9">
      <Execution id="486f5b4a-671d-4c39-83c0-fa2130d58689" />
      <TestMethod codeBase="E:\Java\MinecraftMod\DarkGrey_RPG\studio\src\DarkGreyRPG.Studio.Wpf.Tests\bin\Release\net10.0-windows\DarkGreyRPG.Studio.Wpf.Tests.dll" adapterTypeName="executor://mstestadapter/v4" className="DarkGreyRPG.Studio.Wpf.Tests.CanonicalGraphEditorViewTests" name="CardinalityMatrixAllowsFlowInputsAndLogicOutputsButRejectsSingleCapacityFanInFanOut" />
    </UnitTest>
    <UnitTest name="AddNodeAtCommitsFixedCandidateAtRequestedPositionAndSelectsIt" storage="e:\java\minecraftmod\darkgrey_rpg\studio\src\darkgreyrpg.studio.wpf.tests\bin\release\net10.0-windows\darkgreyrpg.studio.wpf.tests.dll" id="13cc1d16-92a8-85b3-ba85-36905b868d3c">
      <Execution id="b89a9b00-db1d-4338-a0ae-bc5ecb0725cf" />
      <TestMethod codeBase="E:\Java\MinecraftMod\DarkGrey_RPG\studio\src\DarkGreyRPG.Studio.Wpf.Tests\bin\Release\net10.0-windows\DarkGreyRPG.Studio.Wpf.Tests.dll" adapterTypeName="executor://mstestadapter/v4" className="DarkGreyRPG.Studio.Wpf.Tests.CanonicalGraphEditorViewTests" name="AddNodeAtCommitsFixedCandidateAtRequestedPositionAndSelectsIt" />
    </UnitTest>
    <UnitTest name="FailedBlankOrDuplicateGeneratedIdDoesNotRetryOrMutateGraphLayoutOrSelection" storage="e:\java\minecraftmod\darkgrey_rpg\studio\src\darkgreyrpg.studio.wpf.tests\bin\release\net10.0-windows\darkgreyrpg.studio.wpf.tests.dll" id="13e77e52-6d45-8105-a8d4-621284e73ef7">
      <Execution id="5cca7965-1f00-4f38-a5c0-62d2d8d4bc13" />
      <TestMethod codeBase="E:\Java\MinecraftMod\DarkGrey_RPG\studio\src\DarkGreyRPG.Studio.Wpf.Tests\bin\Release\net10.0-windows\DarkGreyRPG.Studio.Wpf.Tests.dll" adapterTypeName="executor://mstestadapter/v4" className="DarkGreyRPG.Studio.Wpf.Tests.CanonicalGraphEditorViewTests" name="FailedBlankOrDuplicateGeneratedIdDoesNotRetryOrMutateGraphLayoutOrSelection" />
    </UnitTest>
    <UnitTest name="StoryAggregateTypesAreAbsentBecauseResourcesOwnPlacement" storage="e:\java\minecraftmod\darkgrey_rpg\studio\src\darkgreyrpg.studio.wpf.tests\bin\release\net10.0-windows\darkgreyrpg.studio.wpf.tests.dll" id="176c4eb9-58a3-810d-a197-3c1d09ce37f6">
      <Execution id="207c517b-b656-4415-af43-ae0d6800826f" />
      <TestMethod codeBase="E:\Java\MinecraftMod\DarkGrey_RPG\studio\src\DarkGreyRPG.Studio.Wpf.Tests\bin\Release\net10.0-windows\DarkGreyRPG.Studio.Wpf.Tests.dll" adapterTypeName="executor://mstestadapter/v4" className="DarkGreyRPG.Studio.Wpf.Tests.CanonicalGraphEditorViewTests" name="StoryAggregateTypesAreAbsentBecauseResourcesOwnPlacement" />
    </UnitTest>
    <UnitTest name="AuthoringCatalogUsesScopedCanonicalOrderAndFirstCategoryAppearance" storage="e:\java\minecraftmod\darkgrey_rpg\studio\src\darkgreyrpg.studio.wpf.tests\bin\release\net10.0-windows\darkgreyrpg.studio.wpf.tests.dll" id="17254908-561d-89af-8a05-c21c6f2307c2">
      <Execution id="27f779f1-4f80-47f3-a5c8-cfc5f06cdf18" />
      <TestMethod codeBase="E:\Java\MinecraftMod\DarkGrey_RPG\studio\src\DarkGreyRPG.Studio.Wpf.Tests\bin\Release\net10.0-windows\DarkGreyRPG.Studio.Wpf.Tests.dll" adapterTypeName="executor://mstestadapter/v4" className="DarkGreyRPG.Studio.Wpf.Tests.CanonicalGraphEditorViewTests" name="AuthoringCatalogUsesScopedCanonicalOrderAndFirstCategoryAppearance" />
    </UnitTest>
    <UnitTest name="ConnectionSelectionClearsNodeAndDeleteRemovesOnlyConnection" storage="e:\java\minecraftmod\darkgrey_rpg\studio\src\darkgreyrpg.studio.wpf.tests\bin\release\net10.0-windows\darkgreyrpg.studio.wpf.tests.dll" id="12362f09-4a1d-8dd5-9f24-39036516d3b9">
      <Execution id="9d8e49ea-c636-4c24-a62b-1e265b23fb1f" />
      <TestMethod codeBase="E:\Java\MinecraftMod\DarkGrey_RPG\studio\src\DarkGreyRPG.Studio.Wpf.Tests\bin\Release\net10.0-windows\DarkGreyRPG.Studio.Wpf.Tests.dll" adapterTypeName="executor://mstestadapter/v4" className="DarkGreyRPG.Studio.Wpf.Tests.CanonicalGraphEditorViewTests" name="ConnectionSelectionClearsNodeAndDeleteRemovesOnlyConnection" />
    </UnitTest>
    <UnitTest name="LayoutCompletionReanchorsVisibleAndHitWiresAfterRepeatedUndoRedo" storage="e:\java\minecraftmod\darkgrey_rpg\studio\src\darkgreyrpg.studio.wpf.tests\bin\release\net10.0-windows\darkgreyrpg.studio.wpf.tests.dll" id="1b3ab465-03c3-825e-95ec-990a2ce0d5fe">
      <Execution id="7449728e-c7c5-40ec-b688-749e7c446ccf" />
      <TestMethod codeBase="E:\Java\MinecraftMod\DarkGrey_RPG\studio\src\DarkGreyRPG.Studio.Wpf.Tests\bin\Release\net10.0-windows\DarkGreyRPG.Studio.Wpf.Tests.dll" adapterTypeName="executor://mstestadapter/v4" className="DarkGreyRPG.Studio.Wpf.Tests.GraphInteraction0331Tests" name="LayoutCompletionReanchorsVisibleAndHitWiresAfterRepeatedUndoRedo" />
    </UnitTest>
    <UnitTest name="CanvasContextMenuUsesCanonicalGroupsAvailabilityAndGraphPosition" storage="e:\java\minecraftmod\darkgrey_rpg\studio\src\darkgreyrpg.studio.wpf.tests\bin\release\net10.0-windows\darkgreyrpg.studio.wpf.tests.dll" id="1a3b9dc6-8809-813e-897d-8a5bc5bd60b6">
      <Execution id="20864023-672a-42c2-83fc-2f33d0d0c4da" />
      <TestMethod codeBase="E:\Java\MinecraftMod\DarkGrey_RPG\studio\src\DarkGreyRPG.Studio.Wpf.Tests\bin\Release\net10.0-windows\DarkGreyRPG.Studio.Wpf.Tests.dll" adapterTypeName="executor://mstestadapter/v4" className="DarkGreyRPG.Studio.Wpf.Tests.CanonicalGraphEditorViewTests" name="CanvasContextMenuUsesCanonicalGroupsAvailabilityAndGraphPosition" />
    </UnitTest>
    <UnitTest name="AddAndOrUsesExactlyTwoInjectedDynamicIdsAndNoAvailabilityConsumption" storage="e:\java\minecraftmod\darkgrey_rpg\studio\src\darkgreyrpg.studio.wpf.tests\bin\release\net10.0-windows\darkgreyrpg.studio.wpf.tests.dll" id="1f5669ec-5bcc-8cd1-9609-c069442ff2a7">
      <Execution id="f4b16c5f-fabf-4c96-9cca-832ab15b0cea" />
      <TestMethod codeBase="E:\Java\MinecraftMod\DarkGrey_RPG\studio\src\DarkGreyRPG.Studio.Wpf.Tests\bin\Release\net10.0-windows\DarkGreyRPG.Studio.Wpf.Tests.dll" adapterTypeName="executor://mstestadapter/v4" className="DarkGreyRPG.Studio.Wpf.Tests.CanonicalGraphEditorViewTests" name="AddAndOrUsesExactlyTwoInjectedDynamicIdsAndNoAvailabilityConsumption" />
    </UnitTest>
    <UnitTest name="ReadOnlyGraphAllowsViewportAndNavigationButRejectsMutation" storage="e:\java\minecraftmod\darkgrey_rpg\studio\src\darkgreyrpg.studio.wpf.tests\bin\release\net10.0-windows\darkgreyrpg.studio.wpf.tests.dll" id="1da86c40-5fe6-8a82-90f7-94b549d559d9">
      <Execution id="38684668-98eb-43a9-a8cf-92ce591ce4a8" />
      <TestMethod codeBase="E:\Java\MinecraftMod\DarkGrey_RPG\studio\src\DarkGreyRPG.Studio.Wpf.Tests\bin\Release\net10.0-windows\DarkGreyRPG.Studio.Wpf.Tests.dll" adapterTypeName="executor://mstestadapter/v4" className="DarkGreyRPG.Studio.Wpf.Tests.CanonicalGraphEditorViewTests" name="ReadOnlyGraphAllowsViewportAndNavigationButRejectsMutation" />
    </UnitTest>
    <UnitTest name="MixedProtectedMultiDeleteRemovesDeletableNodesAndKeepsRequiredSelection" storage="e:\java\minecraftmod\darkgrey_rpg\studio\src\darkgreyrpg.studio.wpf.tests\bin\release\net10.0-windows\darkgreyrpg.studio.wpf.tests.dll" id="152bb75a-8bf4-8fd8-9935-ae753d205c43">
      <Execution id="051f7b0e-bbd0-4ea5-9590-3487683f487d" />
      <TestMethod codeBase="E:\Java\MinecraftMod\DarkGrey_RPG\studio\src\DarkGreyRPG.Studio.Wpf.Tests\bin\Release\net10.0-windows\DarkGreyRPG.Studio.Wpf.Tests.dll" adapterTypeName="executor://mstestadapter/v4" className="DarkGreyRPG.Studio.Wpf.Tests.CanonicalGraphEditorViewTests" name="MixedProtectedMultiDeleteRemovesDeletableNodesAndKeepsRequiredSelection" />
    </UnitTest>
    <UnitTest name="OneTypedViewAcceptsStorySessionAndTaskHosts" storage="e:\java\minecraftmod\darkgrey_rpg\studio\src\darkgreyrpg.studio.wpf.tests\bin\release\net10.0-windows\darkgreyrpg.studio.wpf.tests.dll" id="104858f4-f891-8dfa-a555-06deee50c42d">
      <Execution id="2c4195db-fc4d-41dd-9cd0-a0108298cd81" />
      <TestMethod codeBase="E:\Java\MinecraftMod\DarkGrey_RPG\studio\src\DarkGreyRPG.Studio.Wpf.Tests\bin\Release\net10.0-windows\DarkGreyRPG.Studio.Wpf.Tests.dll" adapterTypeName="executor://mstestadapter/v4" className="DarkGreyRPG.Studio.Wpf.Tests.CanonicalGraphEditorViewTests" name="OneTypedViewAcceptsStorySessionAndTaskHosts" />
    </UnitTest>
    <UnitTest name="CtrlToggleAndEscapeRestoreSelectionFromBeforeMarquee" storage="e:\java\minecraftmod\darkgrey_rpg\studio\src\darkgreyrpg.studio.wpf.tests\bin\release\net10.0-windows\darkgreyrpg.studio.wpf.tests.dll" id="17cc9a5f-ee87-89a1-b8e9-92da6d4c51e7">
      <Execution id="c689dab8-c230-4db2-9e20-45105af3cafc" />
      <TestMethod codeBase="E:\Java\MinecraftMod\DarkGrey_RPG\studio\src\DarkGreyRPG.Studio.Wpf.Tests\bin\Release\net10.0-windows\DarkGreyRPG.Studio.Wpf.Tests.dll" adapterTypeName="executor://mstestadapter/v4" className="DarkGreyRPG.Studio.Wpf.Tests.CanonicalGraphEditorViewTests" name="CtrlToggleAndEscapeRestoreSelectionFromBeforeMarquee" />
    </UnitTest>
    <UnitTest name="MultiCapacityPortCreatesNewWireUnlessBundleGestureIsExplicit" storage="e:\java\minecraftmod\darkgrey_rpg\studio\src\darkgreyrpg.studio.wpf.tests\bin\release\net10.0-windows\darkgreyrpg.studio.wpf.tests.dll" id="1de583e7-641b-824b-9d62-bab52410b457">
      <Execution id="d5cf1673-94ef-4c87-9dfb-6e289d9e2bcc" />
      <TestMethod codeBase="E:\Java\MinecraftMod\DarkGrey_RPG\studio\src\DarkGreyRPG.Studio.Wpf.Tests\bin\Release\net10.0-windows\DarkGreyRPG.Studio.Wpf.Tests.dll" adapterTypeName="executor://mstestadapter/v4" className="DarkGreyRPG.Studio.Wpf.Tests.CanonicalGraphEditorViewTests" name="MultiCapacityPortCreatesNewWireUnlessBundleGestureIsExplicit" />
    </UnitTest>
    <UnitTest name="ConnectionAndDisconnectRouteThroughHostWithoutChangingLayout" storage="e:\java\minecraftmod\darkgrey_rpg\studio\src\darkgreyrpg.studio.wpf.tests\bin\release\net10.0-windows\darkgreyrpg.studio.wpf.tests.dll" id="15756115-e128-8d9a-9804-6726e60e6b36">
      <Execution id="709977ee-48e6-49f3-826f-784503361937" />
      <TestMethod codeBase="E:\Java\MinecraftMod\DarkGrey_RPG\studio\src\DarkGreyRPG.Studio.Wpf.Tests\bin\Release\net10.0-windows\DarkGreyRPG.Studio.Wpf.Tests.dll" adapterTypeName="executor://mstestadapter/v4" className="DarkGreyRPG.Studio.Wpf.Tests.CanonicalGraphEditorViewTests" name="ConnectionAndDisconnectRouteThroughHostWithoutChangingLayout" />
    </UnitTest>
    <UnitTest name="HostNullClearsArrangedVisualsWithoutMutatingGraph" storage="e:\java\minecraftmod\darkgrey_rpg\studio\src\darkgreyrpg.studio.wpf.tests\bin\release\net10.0-windows\darkgreyrpg.studio.wpf.tests.dll" id="19481825-5052-85a3-8aa0-f5873dfafeb3">
      <Execution id="317edbc8-29db-493e-9f7d-e55a34b10f63" />
      <TestMethod codeBase="E:\Java\MinecraftMod\DarkGrey_RPG\studio\src\DarkGreyRPG.Studio.Wpf.Tests\bin\Release\net10.0-windows\DarkGreyRPG.Studio.Wpf.Tests.dll" adapterTypeName="executor://mstestadapter/v4" className="DarkGreyRPG.Studio.Wpf.Tests.CanonicalGraphEditorViewTests" name="HostNullClearsArrangedVisualsWithoutMutatingGraph" />
    </UnitTest>
    <UnitTest name="ExplicitHostSurvivesUnrelatedDataContextChanges" storage="e:\java\minecraftmod\darkgrey_rpg\studio\src\darkgreyrpg.studio.wpf.tests\bin\release\net10.0-windows\darkgreyrpg.studio.wpf.tests.dll" id="1b08c988-c53d-8296-b64e-eb19c09c6b75">
      <Execution id="d776ee94-e484-4df7-96fb-c95e23d87f27" />
      <TestMethod codeBase="E:\Java\MinecraftMod\DarkGrey_RPG\studio\src\DarkGreyRPG.Studio.Wpf.Tests\bin\Release\net10.0-windows\DarkGreyRPG.Studio.Wpf.Tests.dll" adapterTypeName="executor://mstestadapter/v4" className="DarkGreyRPG.Studio.Wpf.Tests.CanonicalGraphEditorViewTests" name="ExplicitHostSurvivesUnrelatedDataContextChanges" />
    </UnitTest>
    <UnitTest name="SpliceRejectsOccupiedSingleCapacityPortAndPreservesItsWire (&quot;flow&quot;)" storage="e:\java\minecraftmod\darkgrey_rpg\studio\src\darkgreyrpg.studio.wpf.tests\bin\release\net10.0-windows\darkgreyrpg.studio.wpf.tests.dll" id="1c89ba66-5799-8407-8308-e48f2923edae">
      <Execution id="724d03c1-2f3f-4db7-98a1-c9c882842b8e" />
      <TestMethod codeBase="E:\Java\MinecraftMod\DarkGrey_RPG\studio\src\DarkGreyRPG.Studio.Wpf.Tests\bin\Release\net10.0-windows\DarkGreyRPG.Studio.Wpf.Tests.dll" adapterTypeName="executor://mstestadapter/v4" className="DarkGreyRPG.Studio.Wpf.Tests.CanonicalGraphEditorViewTests" name="SpliceRejectsOccupiedSingleCapacityPortAndPreservesItsWire" />
    </UnitTest>
    <UnitTest name="DynamicPortRefreshRebuildsOnlyAffectedNodeAndPreservesSelectionViewport" storage="e:\java\minecraftmod\darkgrey_rpg\studio\src\darkgreyrpg.studio.wpf.tests\bin\release\net10.0-windows\darkgreyrpg.studio.wpf.tests.dll" id="1515b429-0ac9-8e95-a040-1855c5577ede">
      <Execution id="f093b826-d5c1-40a3-949a-2c9077e07039" />
      <TestMethod codeBase="E:\Java\MinecraftMod\DarkGrey_RPG\studio\src\DarkGreyRPG.Studio.Wpf.Tests\bin\Release\net10.0-windows\DarkGreyRPG.Studio.Wpf.Tests.dll" adapterTypeName="executor://mstestadapter/v4" className="DarkGreyRPG.Studio.Wpf.Tests.CanonicalGraphEditorViewTests" name="DynamicPortRefreshRebuildsOnlyAffectedNodeAndPreservesSelectionViewport" />
    </UnitTest>
    <UnitTest name="RuntimeLayoutKeepsInputAndOutputAnchorsOnStableNodeEdges" storage="e:\java\minecraftmod\darkgrey_rpg\studio\src\darkgreyrpg.studio.wpf.tests\bin\release\net10.0-windows\darkgreyrpg.studio.wpf.tests.dll" id="156ac82e-d5dd-820b-9067-495f262fda43">
      <Execution id="1fe828f8-6e1e-4f3f-b6c7-d6bb12a613ab" />
      <TestMethod codeBase="E:\Java\MinecraftMod\DarkGrey_RPG\studio\src\DarkGreyRPG.Studio.Wpf.Tests\bin\Release\net10.0-windows\DarkGreyRPG.Studio.Wpf.Tests.dll" adapterTypeName="executor://mstestadapter/v4" className="DarkGreyRPG.Studio.Wpf.Tests.CanonicalGraphEditorViewTests" name="RuntimeLayoutKeepsInputAndOutputAnchorsOnStableNodeEdges" />
    </UnitTest>
    <UnitTest name="SpliceSupportsUniqueDoubleAndOneSidedPortsAsOneUndoUnit (&quot;logic&quot;,&quot;output&quot;,1)" storage="e:\java\minecraftmod\darkgrey_rpg\studio\src\darkgreyrpg.studio.wpf.tests\bin\release\net10.0-windows\darkgreyrpg.studio.wpf.tests.dll" id="175e0e15-af9b-887f-9ec9-ad5709a66430">
      <Execution id="7d9f7a81-ba91-429f-aeaa-a9f6a9f36410" />
      <TestMethod codeBase="E:\Java\MinecraftMod\DarkGrey_RPG\studio\src\DarkGreyRPG.Studio.Wpf.Tests\bin\Release\net10.0-windows\DarkGreyRPG.Studio.Wpf.Tests.dll" adapterTypeName="executor://mstestadapter/v4" className="DarkGreyRPG.Studio.Wpf.Tests.CanonicalGraphEditorViewTests" name="SpliceSupportsUniqueDoubleAndOneSidedPortsAsOneUndoUnit" />
    </UnitTest>
    <UnitTest name="MarqueeCtrlAdditiveSelectionAndGroupMovePreserveTopologyAndOffsets" storage="e:\java\minecraftmod\darkgrey_rpg\studio\src\darkgreyrpg.studio.wpf.tests\bin\release\net10.0-windows\darkgreyrpg.studio.wpf.tests.dll" id="1fa0e1b9-0b58-8b91-b304-84f4e6da7421">
      <Execution id="f7b32a0e-9f27-4402-abc8-48ed5e59be7b" />
      <TestMethod codeBase="E:\Java\MinecraftMod\DarkGrey_RPG\studio\src\DarkGreyRPG.Studio.Wpf.Tests\bin\Release\net10.0-windows\DarkGreyRPG.Studio.Wpf.Tests.dll" adapterTypeName="executor://mstestadapter/v4" className="DarkGreyRPG.Studio.Wpf.Tests.CanonicalGraphEditorViewTests" name="MarqueeCtrlAdditiveSelectionAndGroupMovePreserveTopologyAndOffsets" />
    </UnitTest>
    <UnitTest name="FlowInputOrdinaryDragAddsOneAndCtrlDragMovesTheWholeBundle" storage="e:\java\minecraftmod\darkgrey_rpg\studio\src\darkgreyrpg.studio.wpf.tests\bin\release\net10.0-windows\darkgreyrpg.studio.wpf.tests.dll" id="1fe98633-fc7d-86b8-b184-9c769774c12c">
      <Execution id="6b10bae1-e906-4f30-a0e8-11a9addf144d" />
      <TestMethod codeBase="E:\Java\MinecraftMod\DarkGrey_RPG\studio\src\DarkGreyRPG.Studio.Wpf.Tests\bin\Release\net10.0-windows\DarkGreyRPG.Studio.Wpf.Tests.dll" adapterTypeName="executor://mstestadapter/v4" className="DarkGreyRPG.Studio.Wpf.Tests.CanonicalGraphEditorViewTests" name="FlowInputOrdinaryDragAddsOneAndCtrlDragMovesTheWholeBundle" />
    </UnitTest>
    <UnitTest name="InlineParameterLabelsUseReadableForegroundOnDarkNodeSurface" storage="e:\java\minecraftmod\darkgrey_rpg\studio\src\darkgreyrpg.studio.wpf.tests\bin\release\net10.0-windows\darkgreyrpg.studio.wpf.tests.dll" id="12ea1a6b-6527-8a0b-baeb-e14580592372">
      <Execution id="8f181b27-87d8-48f2-b91d-c0eedcbce17e" />
      <TestMethod codeBase="E:\Java\MinecraftMod\DarkGrey_RPG\studio\src\DarkGreyRPG.Studio.Wpf.Tests\bin\Release\net10.0-windows\DarkGreyRPG.Studio.Wpf.Tests.dll" adapterTypeName="executor://mstestadapter/v4" className="DarkGreyRPG.Studio.Wpf.Tests.CanonicalGraphEditorViewTests" name="InlineParameterLabelsUseReadableForegroundOnDarkNodeSurface" />
    </UnitTest>
    <UnitTest name="DirectConnectedFlowOutputReusesFormalWireAndReconnectsInsteadOfCreatingPreview" storage="e:\java\minecraftmod\darkgrey_rpg\studio\src\darkgreyrpg.studio.wpf.tests\bin\release\net10.0-windows\darkgreyrpg.studio.wpf.tests.dll" id="14b5546a-f33c-85a2-b4f2-b0c209a44c2a">
      <Execution id="8cbe9eee-267b-4777-92de-162d44495505" />
      <TestMethod codeBase="E:\Java\MinecraftMod\DarkGrey_RPG\studio\src\DarkGreyRPG.Studio.Wpf.Tests\bin\Release\net10.0-windows\DarkGreyRPG.Studio.Wpf.Tests.dll" adapterTypeName="executor://mstestadapter/v4" className="DarkGreyRPG.Studio.Wpf.Tests.CanonicalGraphEditorViewTests" name="DirectConnectedFlowOutputReusesFormalWireAndReconnectsInsteadOfCreatingPreview" />
    </UnitTest>
    <UnitTest name="SpliceRejectsOccupiedSingleCapacityPortAndPreservesItsWire (&quot;logic&quot;)" storage="e:\java\minecraftmod\darkgrey_rpg\studio\src\darkgreyrpg.studio.wpf.tests\bin\release\net10.0-windows\darkgreyrpg.studio.wpf.tests.dll" id="191e5cd9-19e1-832e-9add-fe7b9eebfbe4">
      <Execution id="4bf2ae2b-223d-4958-8841-d0dccb6c9fd9" />
      <TestMethod codeBase="E:\Java\MinecraftMod\DarkGrey_RPG\studio\src\DarkGreyRPG.Studio.Wpf.Tests\bin\Release\net10.0-windows\DarkGreyRPG.Studio.Wpf.Tests.dll" adapterTypeName="executor://mstestadapter/v4" className="DarkGreyRPG.Studio.Wpf.Tests.CanonicalGraphEditorViewTests" name="SpliceRejectsOccupiedSingleCapacityPortAndPreservesItsWire" />
    </UnitTest>
    <UnitTest name="ImplicitDataContextHostClearsWhenContextBecomesNonHost" storage="e:\java\minecraftmod\darkgrey_rpg\studio\src\darkgreyrpg.studio.wpf.tests\bin\release\net10.0-windows\darkgreyrpg.studio.wpf.tests.dll" id="1ffe0f35-3ac0-8fd4-8ff3-e65143095c80">
      <Execution id="7ece106d-06cb-4855-af16-28bebd6aee55" />
      <TestMethod codeBase="E:\Java\MinecraftMod\DarkGrey_RPG\studio\src\DarkGreyRPG.Studio.Wpf.Tests\bin\Release\net10.0-windows\DarkGreyRPG.Studio.Wpf.Tests.dll" adapterTypeName="executor://mstestadapter/v4" className="DarkGreyRPG.Studio.Wpf.Tests.CanonicalGraphEditorViewTests" name="ImplicitDataContextHostClearsWhenContextBecomesNonHost" />
    </UnitTest>
    <UnitTest name="AmbiguousOrMultiSelectedSpliceCandidateStaysOrdinaryLayoutAndDoesNotMutate" storage="e:\java\minecraftmod\darkgrey_rpg\studio\src\darkgreyrpg.studio.wpf.tests\bin\release\net10.0-windows\darkgreyrpg.studio.wpf.tests.dll" id="1da991ed-68bc-8c3d-9b66-e52f03a81671">
      <Execution id="e86ba3c1-1270-4a40-99cb-8b02e1402751" />
      <TestMethod codeBase="E:\Java\MinecraftMod\DarkGrey_RPG\studio\src\DarkGreyRPG.Studio.Wpf.Tests\bin\Release\net10.0-windows\DarkGreyRPG.Studio.Wpf.Tests.dll" adapterTypeName="executor://mstestadapter/v4" className="DarkGreyRPG.Studio.Wpf.Tests.CanonicalGraphEditorViewTests" name="AmbiguousOrMultiSelectedSpliceCandidateStaysOrdinaryLayoutAndDoesNotMutate" />
    </UnitTest>
    <UnitTest name="NonDeletableDeleteRetainsSelectionAndProblem" storage="e:\java\minecraftmod\darkgrey_rpg\studio\src\darkgreyrpg.studio.wpf.tests\bin\release\net10.0-windows\darkgreyrpg.studio.wpf.tests.dll" id="1d640a06-ec1c-870d-83eb-1c81f3d18358">
      <Execution id="7ae87841-9150-4404-a8b4-3a7824e3b577" />
      <TestMethod codeBase="E:\Java\MinecraftMod\DarkGrey_RPG\studio\src\DarkGreyRPG.Studio.Wpf.Tests\bin\Release\net10.0-windows\DarkGreyRPG.Studio.Wpf.Tests.dll" adapterTypeName="executor://mstestadapter/v4" className="DarkGreyRPG.Studio.Wpf.Tests.CanonicalGraphEditorViewTests" name="NonDeletableDeleteRetainsSelectionAndProblem" />
    </UnitTest>
    <UnitTest name="LogicOutputOrdinaryDragAddsOneAndCtrlDragMovesTheWholeBundle" storage="e:\java\minecraftmod\darkgrey_rpg\studio\src\darkgreyrpg.studio.wpf.tests\bin\release\net10.0-windows\darkgreyrpg.studio.wpf.tests.dll" id="1e3d961a-7366-8779-8cdd-d5032bb60934">
      <Execution id="d2ce1a5a-bce6-4d47-b557-33d429531c36" />
      <TestMethod codeBase="E:\Java\MinecraftMod\DarkGrey_RPG\studio\src\DarkGreyRPG.Studio.Wpf.Tests\bin\Release\net10.0-windows\DarkGreyRPG.Studio.Wpf.Tests.dll" adapterTypeName="executor://mstestadapter/v4" className="DarkGreyRPG.Studio.Wpf.Tests.CanonicalGraphEditorViewTests" name="LogicOutputOrdinaryDragAddsOneAndCtrlDragMovesTheWholeBundle" />
    </UnitTest>
    <UnitTest name="BlankOrDuplicateNodeIdsDoNotPreserveAmbiguousSelection" storage="e:\java\minecraftmod\darkgrey_rpg\studio\src\darkgreyrpg.studio.wpf.tests\bin\release\net10.0-windows\darkgreyrpg.studio.wpf.tests.dll" id="187305c5-876f-8b55-8eca-a9797174819c">
      <Execution id="9f163f30-b3e6-4fdf-a0a5-2d0085c49bdb" />
      <TestMethod codeBase="E:\Java\MinecraftMod\DarkGrey_RPG\studio\src\DarkGreyRPG.Studio.Wpf.Tests\bin\Release\net10.0-windows\DarkGreyRPG.Studio.Wpf.Tests.dll" adapterTypeName="executor://mstestadapter/v4" className="DarkGreyRPG.Studio.Wpf.Tests.CanonicalGraphEditorViewTests" name="BlankOrDuplicateNodeIdsDoNotPreserveAmbiguousSelection" />
    </UnitTest>
    <UnitTest name="ReleasingShiftClearsSplicePreviewWithoutChangingTopology" storage="e:\java\minecraftmod\darkgrey_rpg\studio\src\darkgreyrpg.studio.wpf.tests\bin\release\net10.0-windows\darkgreyrpg.studio.wpf.tests.dll" id="136be51f-2db7-8254-8c6e-a40f089b4929">
      <Execution id="08b4ceb9-251e-494e-890e-d8731ccd9800" />
      <TestMethod codeBase="E:\Java\MinecraftMod\DarkGrey_RPG\studio\src\DarkGreyRPG.Studio.Wpf.Tests\bin\Release\net10.0-windows\DarkGreyRPG.Studio.Wpf.Tests.dll" adapterTypeName="executor://mstestadapter/v4" className="DarkGreyRPG.Studio.Wpf.Tests.CanonicalGraphEditorViewTests" name="ReleasingShiftClearsSplicePreviewWithoutChangingTopology" />
    </UnitTest>
    <UnitTest name="OccupiedSingleCapacityPortReusesWireAndKeepsDraggedPortFixed" storage="e:\java\minecraftmod\darkgrey_rpg\studio\src\darkgreyrpg.studio.wpf.tests\bin\release\net10.0-windows\darkgreyrpg.studio.wpf.tests.dll" id="1e100e77-7d73-82de-b114-d2602c60e5e9">
      <Execution id="cb023672-ecbc-4203-8718-9c22f3751db3" />
      <TestMethod codeBase="E:\Java\MinecraftMod\DarkGrey_RPG\studio\src\DarkGreyRPG.Studio.Wpf.Tests\bin\Release\net10.0-windows\DarkGreyRPG.Studio.Wpf.Tests.dll" adapterTypeName="executor://mstestadapter/v4" className="DarkGreyRPG.Studio.Wpf.Tests.CanonicalGraphEditorViewTests" name="OccupiedSingleCapacityPortReusesWireAndKeepsDraggedPortFixed" />
    </UnitTest>
    <UnitTest name="ExistingWireDragReusesFormalWireVisualAndScissorsUsesCustomCursor" storage="e:\java\minecraftmod\darkgrey_rpg\studio\src\darkgreyrpg.studio.wpf.tests\bin\release\net10.0-windows\darkgreyrpg.studio.wpf.tests.dll" id="1d860234-578b-8242-9d6d-38a747057fcb">
      <Execution id="895f01fa-d9c7-4ac6-a87c-057dc0ccadf6" />
      <TestMethod codeBase="E:\Java\MinecraftMod\DarkGrey_RPG\studio\src\DarkGreyRPG.Studio.Wpf.Tests\bin\Release\net10.0-windows\DarkGreyRPG.Studio.Wpf.Tests.dll" adapterTypeName="executor://mstestadapter/v4" className="DarkGreyRPG.Studio.Wpf.Tests.CanonicalGraphEditorViewTests" name="ExistingWireDragReusesFormalWireVisualAndScissorsUsesCustomCursor" />
    </UnitTest>
    <UnitTest name="SpliceSupportsUniqueDoubleAndOneSidedPortsAsOneUndoUnit (&quot;flow&quot;,&quot;both&quot;,2)" storage="e:\java\minecraftmod\darkgrey_rpg\studio\src\darkgreyrpg.studio.wpf.tests\bin\release\net10.0-windows\darkgreyrpg.studio.wpf.tests.dll" id="13b9bfc9-9cfc-8deb-bf5e-69b9b3c2d9f1">
      <Execution id="79bfc0b0-7311-45ff-bb9a-767206343e48" />
      <TestMethod codeBase="E:\Java\MinecraftMod\DarkGrey_RPG\studio\src\DarkGreyRPG.Studio.Wpf.Tests\bin\Release\net10.0-windows\DarkGreyRPG.Studio.Wpf.Tests.dll" adapterTypeName="executor://mstestadapter/v4" className="DarkGreyRPG.Studio.Wpf.Tests.CanonicalGraphEditorViewTests" name="SpliceSupportsUniqueDoubleAndOneSidedPortsAsOneUndoUnit" />
    </UnitTest>
    <UnitTest name="InlineLineParametersEditWithoutPriorSelectionAndExpanderChangesRealHeight" storage="e:\java\minecraftmod\darkgrey_rpg\studio\src\darkgreyrpg.studio.wpf.tests\bin\release\net10.0-windows\darkgreyrpg.studio.wpf.tests.dll" id="17b4b202-d0d4-8b82-bfd2-60d40804a4a8">
      <Execution id="9dc7bd22-6823-491b-8a57-1af06e6e3c43" />
      <TestMethod codeBase="E:\Java\MinecraftMod\DarkGrey_RPG\studio\src\DarkGreyRPG.Studio.Wpf.Tests\bin\Release\net10.0-windows\DarkGreyRPG.Studio.Wpf.Tests.dll" adapterTypeName="executor://mstestadapter/v4" className="DarkGreyRPG.Studio.Wpf.Tests.CanonicalGraphEditorViewTests" name="InlineLineParametersEditWithoutPriorSelectionAndExpanderChangesRealHeight" />
    </UnitTest>
    <UnitTest name="MultiDeleteRemovesSessionAndTaskPlacementsButLeavesResourcesOwnedOutsideGraph" storage="e:\java\minecraftmod\darkgrey_rpg\studio\src\darkgreyrpg.studio.wpf.tests\bin\release\net10.0-windows\darkgreyrpg.studio.wpf.tests.dll" id="131b1dbc-be17-80b6-905b-25c3d1ce4ca0">
      <Execution id="64b08e5b-d4bb-4d22-9ece-641b374ed460" />
      <TestMethod codeBase="E:\Java\MinecraftMod\DarkGrey_RPG\studio\src\DarkGreyRPG.Studio.Wpf.Tests\bin\Release\net10.0-windows\DarkGreyRPG.Studio.Wpf.Tests.dll" adapterTypeName="executor://mstestadapter/v4" className="DarkGreyRPG.Studio.Wpf.Tests.CanonicalGraphEditorViewTests" name="MultiDeleteRemovesSessionAndTaskPlacementsButLeavesResourcesOwnedOutsideGraph" />
    </UnitTest>
    <UnitTest name="SpliceSupportsUniqueDoubleAndOneSidedPortsAsOneUndoUnit (&quot;logic&quot;,&quot;input&quot;,1)" storage="e:\java\minecraftmod\darkgrey_rpg\studio\src\darkgreyrpg.studio.wpf.tests\bin\release\net10.0-windows\darkgreyrpg.studio.wpf.tests.dll" id="1fceddfa-b3b8-8628-a243-b4cadd46bda5">
      <Execution id="b39e8556-5bd0-42b5-9353-9eda1e3283e6" />
      <TestMethod codeBase="E:\Java\MinecraftMod\DarkGrey_RPG\studio\src\DarkGreyRPG.Studio.Wpf.Tests\bin\Release\net10.0-windows\DarkGreyRPG.Studio.Wpf.Tests.dll" adapterTypeName="executor://mstestadapter/v4" className="DarkGreyRPG.Studio.Wpf.Tests.CanonicalGraphEditorViewTests" name="SpliceSupportsUniqueDoubleAndOneSidedPortsAsOneUndoUnit" />
    </UnitTest>
    <UnitTest name="ArrangedViewProjectsOrderedPortIdentityKindAndStyledHitPaths" storage="e:\java\minecraftmod\darkgrey_rpg\studio\src\darkgreyrpg.studio.wpf.tests\bin\release\net10.0-windows\darkgreyrpg.studio.wpf.tests.dll" id="1249cce1-52a3-83d5-bf46-49284f80abfa">
      <Execution id="706b62bf-dcde-40ad-bf80-4da46851e5ad" />
      <TestMethod codeBase="E:\Java\MinecraftMod\DarkGrey_RPG\studio\src\DarkGreyRPG.Studio.Wpf.Tests\bin\Release\net10.0-windows\DarkGreyRPG.Studio.Wpf.Tests.dll" adapterTypeName="executor://mstestadapter/v4" className="DarkGreyRPG.Studio.Wpf.Tests.CanonicalGraphEditorViewTests" name="ArrangedViewProjectsOrderedPortIdentityKindAndStyledHitPaths" />
    </UnitTest>
    <UnitTest name="SplicePreviewIsNonMutatingAndCommitAtomicallyReplacesOneWireWithTwo" storage="e:\java\minecraftmod\darkgrey_rpg\studio\src\darkgreyrpg.studio.wpf.tests\bin\release\net10.0-windows\darkgreyrpg.studio.wpf.tests.dll" id="16c280f6-ee5b-894b-9028-75c15c7e9a84">
      <Execution id="a2f33bce-6ea4-43b8-851d-57aa9da44419" />
      <TestMethod codeBase="E:\Java\MinecraftMod\DarkGrey_RPG\studio\src\DarkGreyRPG.Studio.Wpf.Tests\bin\Release\net10.0-windows\DarkGreyRPG.Studio.Wpf.Tests.dll" adapterTypeName="executor://mstestadapter/v4" className="DarkGreyRPG.Studio.Wpf.Tests.CanonicalGraphEditorViewTests" name="SplicePreviewIsNonMutatingAndCommitAtomicallyReplacesOneWireWithTwo" />
    </UnitTest>
    <UnitTest name="EditableControlDeleteNeverDeletesSelectedGraphNodes" storage="e:\java\minecraftmod\darkgrey_rpg\studio\src\darkgreyrpg.studio.wpf.tests\bin\release\net10.0-windows\darkgreyrpg.studio.wpf.tests.dll" id="1600a99d-2825-8b5f-81e5-3b4ebc5bf9c2">
      <Execution id="c0c39808-14a5-4955-aaad-4f434f30f708" />
      <TestMethod codeBase="E:\Java\MinecraftMod\DarkGrey_RPG\studio\src\DarkGreyRPG.Studio.Wpf.Tests\bin\Release\net10.0-windows\DarkGreyRPG.Studio.Wpf.Tests.dll" adapterTypeName="executor://mstestadapter/v4" className="DarkGreyRPG.Studio.Wpf.Tests.CanonicalGraphEditorViewTests" name="EditableControlDeleteNeverDeletesSelectedGraphNodes" />
    </UnitTest>
    <UnitTest name="SpliceRejectsAmbiguousSameKindSide (&quot;input&quot;)" storage="e:\java\minecraftmod\darkgrey_rpg\studio\src\darkgreyrpg.studio.wpf.tests\bin\release\net10.0-windows\darkgreyrpg.studio.wpf.tests.dll" id="16146ac0-1318-87c7-aa5b-cfd8a297e353">
      <Execution id="c0b521af-fe3d-4289-8482-cf28c72ddae7" />
      <TestMethod codeBase="E:\Java\MinecraftMod\DarkGrey_RPG\studio\src\DarkGreyRPG.Studio.Wpf.Tests\bin\Release\net10.0-windows\DarkGreyRPG.Studio.Wpf.Tests.dll" adapterTypeName="executor://mstestadapter/v4" className="DarkGreyRPG.Studio.Wpf.Tests.CanonicalGraphEditorViewTests" name="SpliceRejectsAmbiguousSameKindSide" />
    </UnitTest>
    <UnitTest name="PendingPressCrossingDragThresholdBeginsNewWireGestureOnlyOnce" storage="e:\java\minecraftmod\darkgrey_rpg\studio\src\darkgreyrpg.studio.wpf.tests\bin\release\net10.0-windows\darkgreyrpg.studio.wpf.tests.dll" id="19ca74b8-aa6e-8f80-9e7f-fcd7b1f77b42">
      <Execution id="31c3ed63-1abe-41ee-85a2-ae7f9864449f" />
      <TestMethod codeBase="E:\Java\MinecraftMod\DarkGrey_RPG\studio\src\DarkGreyRPG.Studio.Wpf.Tests\bin\Release\net10.0-windows\DarkGreyRPG.Studio.Wpf.Tests.dll" adapterTypeName="executor://mstestadapter/v4" className="DarkGreyRPG.Studio.Wpf.Tests.CanonicalGraphEditorViewTests" name="PendingPressCrossingDragThresholdBeginsNewWireGestureOnlyOnce" />
    </UnitTest>
    <UnitTest name="SpliceSupportsUniqueDoubleAndOneSidedPortsAsOneUndoUnit (&quot;flow&quot;,&quot;output&quot;,1)" storage="e:\java\minecraftmod\darkgrey_rpg\studio\src\darkgreyrpg.studio.wpf.tests\bin\release\net10.0-windows\darkgreyrpg.studio.wpf.tests.dll" id="193566f6-0543-899e-9f7e-7adf5fc31a92">
      <Execution id="f64d5d23-1479-46b1-9905-c9b1047026f8" />
      <TestMethod codeBase="E:\Java\MinecraftMod\DarkGrey_RPG\studio\src\DarkGreyRPG.Studio.Wpf.Tests\bin\Release\net10.0-windows\DarkGreyRPG.Studio.Wpf.Tests.dll" adapterTypeName="executor://mstestadapter/v4" className="DarkGreyRPG.Studio.Wpf.Tests.CanonicalGraphEditorViewTests" name="SpliceSupportsUniqueDoubleAndOneSidedPortsAsOneUndoUnit" />
    </UnitTest>
    <UnitTest name="ExistingConnectionHitNearOutputReplacesOutputAndKeepsInput" storage="e:\java\minecraftmod\darkgrey_rpg\studio\src\darkgreyrpg.studio.wpf.tests\bin\release\net10.0-windows\darkgreyrpg.studio.wpf.tests.dll" id="106539ec-c272-84f4-a2c6-5c8eb96744ff">
      <Execution id="dce99613-e33a-458d-8754-ac469f7c2ee7" />
      <TestMethod codeBase="E:\Java\MinecraftMod\DarkGrey_RPG\studio\src\DarkGreyRPG.Studio.Wpf.Tests\bin\Release\net10.0-windows\DarkGreyRPG.Studio.Wpf.Tests.dll" adapterTypeName="executor://mstestadapter/v4" className="DarkGreyRPG.Studio.Wpf.Tests.CanonicalGraphEditorViewTests" name="ExistingConnectionHitNearOutputReplacesOutputAndKeepsInput" />
    </UnitTest>
    <UnitTest name="SpliceRejectsAmbiguousSameKindSide (&quot;output&quot;)" storage="e:\java\minecraftmod\darkgrey_rpg\studio\src\darkgreyrpg.studio.wpf.tests\bin\release\net10.0-windows\darkgreyrpg.studio.wpf.tests.dll" id="145f801a-f3a0-844d-bb5e-7fce6eab87b5">
      <Execution id="795d759e-bf41-4717-ab13-7bdc56ac24e2" />
      <TestMethod codeBase="E:\Java\MinecraftMod\DarkGrey_RPG\studio\src\DarkGreyRPG.Studio.Wpf.Tests\bin\Release\net10.0-windows\DarkGreyRPG.Studio.Wpf.Tests.dll" adapterTypeName="executor://mstestadapter/v4" className="DarkGreyRPG.Studio.Wpf.Tests.CanonicalGraphEditorViewTests" name="SpliceRejectsAmbiguousSameKindSide" />
    </UnitTest>
    <UnitTest name="SpliceSupportsUniqueDoubleAndOneSidedPortsAsOneUndoUnit (&quot;logic&quot;,&quot;both&quot;,2)" storage="e:\java\minecraftmod\darkgrey_rpg\studio\src\darkgreyrpg.studio.wpf.tests\bin\release\net10.0-windows\darkgreyrpg.studio.wpf.tests.dll" id="1e83348f-754f-8e06-8b72-e96b7ebc078a">
      <Execution id="89b7f00a-a823-470f-a548-a24288a97c47" />
      <TestMethod codeBase="E:\Java\MinecraftMod\DarkGrey_RPG\studio\src\DarkGreyRPG.Studio.Wpf.Tests\bin\Release\net10.0-windows\DarkGreyRPG.Studio.Wpf.Tests.dll" adapterTypeName="executor://mstestadapter/v4" className="DarkGreyRPG.Studio.Wpf.Tests.CanonicalGraphEditorViewTests" name="SpliceSupportsUniqueDoubleAndOneSidedPortsAsOneUndoUnit" />
    </UnitTest>
    <UnitTest name="ParameterBlankHitRemainsDraggableWhileRenderedEditorControlsOwnPresses" storage="e:\java\minecraftmod\darkgrey_rpg\studio\src\darkgreyrpg.studio.wpf.tests\bin\release\net10.0-windows\darkgreyrpg.studio.wpf.tests.dll" id="1e96485f-ae25-8ee0-b4ed-26834d24b5a3">
      <Execution id="36bdbcf6-7dc7-4ab1-9c55-96a9e7ee0e04" />
      <TestMethod codeBase="E:\Java\MinecraftMod\DarkGrey_RPG\studio\src\DarkGreyRPG.Studio.Wpf.Tests\bin\Release\net10.0-windows\DarkGreyRPG.Studio.Wpf.Tests.dll" adapterTypeName="executor://mstestadapter/v4" className="DarkGreyRPG.Studio.Wpf.Tests.GraphInteraction0331Tests" name="ParameterBlankHitRemainsDraggableWhileRenderedEditorControlsOwnPresses" />
    </UnitTest>
    <UnitTest name="ReferencedNodeDeleteKeyExecutesImmediatelyAndOneUndoRestoresNodeAndWire" storage="e:\java\minecraftmod\darkgrey_rpg\studio\src\darkgreyrpg.studio.wpf.tests\bin\release\net10.0-windows\darkgreyrpg.studio.wpf.tests.dll" id="1495d539-8629-88f0-b093-94b79773f050">
      <Execution id="b74efc8e-cbf4-470b-8e91-b5310313109c" />
      <TestMethod codeBase="E:\Java\MinecraftMod\DarkGrey_RPG\studio\src\DarkGreyRPG.Studio.Wpf.Tests\bin\Release\net10.0-windows\DarkGreyRPG.Studio.Wpf.Tests.dll" adapterTypeName="executor://mstestadapter/v4" className="DarkGreyRPG.Studio.Wpf.Tests.CanonicalGraphEditorViewTests" name="ReferencedNodeDeleteKeyExecutesImmediatelyAndOneUndoRestoresNodeAndWire" />
    </UnitTest>
    <UnitTest name="PreviewTargetUsesOneValidityDecisionAndClearsPreviousGlowImmediately" storage="e:\java\minecraftmod\darkgrey_rpg\studio\src\darkgreyrpg.studio.wpf.tests\bin\release\net10.0-windows\darkgreyrpg.studio.wpf.tests.dll" id="10ab87a3-ed4f-8c4a-a0be-7c07401c3520">
      <Execution id="e5ab91b3-0857-4f3e-a29b-b0d6960fefcf" />
      <TestMethod codeBase="E:\Java\MinecraftMod\DarkGrey_RPG\studio\src\DarkGreyRPG.Studio.Wpf.Tests\bin\Release\net10.0-windows\DarkGreyRPG.Studio.Wpf.Tests.dll" adapterTypeName="executor://mstestadapter/v4" className="DarkGreyRPG.Studio.Wpf.Tests.CanonicalGraphEditorViewTests" name="PreviewTargetUsesOneValidityDecisionAndClearsPreviousGlowImmediately" />
    </UnitTest>
    <UnitTest name="DirectConnectedFlowOutputCancelRestoresOriginalFormalWire" storage="e:\java\minecraftmod\darkgrey_rpg\studio\src\darkgreyrpg.studio.wpf.tests\bin\release\net10.0-windows\darkgreyrpg.studio.wpf.tests.dll" id="14022ab3-5fbe-82a2-9cdb-fdd8ebb375ae">
      <Execution id="b17f6cf5-a212-437f-860f-64c420050e8e" />
      <TestMethod codeBase="E:\Java\MinecraftMod\DarkGrey_RPG\studio\src\DarkGreyRPG.Studio.Wpf.Tests\bin\Release\net10.0-windows\DarkGreyRPG.Studio.Wpf.Tests.dll" adapterTypeName="executor://mstestadapter/v4" className="DarkGreyRPG.Studio.Wpf.Tests.CanonicalGraphEditorViewTests" name="DirectConnectedFlowOutputCancelRestoresOriginalFormalWire" />
    </UnitTest>
    <UnitTest name="ExistingConnectionBlankDropDisconnectsFromInputSide" storage="e:\java\minecraftmod\darkgrey_rpg\studio\src\darkgreyrpg.studio.wpf.tests\bin\release\net10.0-windows\darkgreyrpg.studio.wpf.tests.dll" id="11812851-1c9d-8e58-a63c-82eac4fda179">
      <Execution id="9c750570-fbe8-4885-a8ca-2dc17de0add9" />
      <TestMethod codeBase="E:\Java\MinecraftMod\DarkGrey_RPG\studio\src\DarkGreyRPG.Studio.Wpf.Tests\bin\Release\net10.0-windows\DarkGreyRPG.Studio.Wpf.Tests.dll" adapterTypeName="executor://mstestadapter/v4" className="DarkGreyRPG.Studio.Wpf.Tests.CanonicalGraphEditorViewTests" name="ExistingConnectionBlankDropDisconnectsFromInputSide" />
    </UnitTest>
    <UnitTest name="SpliceRejectsNodeWithoutSameKindPorts" storage="e:\java\minecraftmod\darkgrey_rpg\studio\src\darkgreyrpg.studio.wpf.tests\bin\release\net10.0-windows\darkgreyrpg.studio.wpf.tests.dll" id="11002448-72e5-803e-bf40-cb219fab54f8">
      <Execution id="4c0389cf-7b73-47d5-abf6-04a808e236cd" />
      <TestMethod codeBase="E:\Java\MinecraftMod\DarkGrey_RPG\studio\src\DarkGreyRPG.Studio.Wpf.Tests\bin\Release\net10.0-windows\DarkGreyRPG.Studio.Wpf.Tests.dll" adapterTypeName="executor://mstestadapter/v4" className="DarkGreyRPG.Studio.Wpf.Tests.CanonicalGraphEditorViewTests" name="SpliceRejectsNodeWithoutSameKindPorts" />
    </UnitTest>
    <UnitTest name="CanvasFocusTargetUsesRoutedKeyboardPathAndEscapeCancelsWire" storage="e:\java\minecraftmod\darkgrey_rpg\studio\src\darkgreyrpg.studio.wpf.tests\bin\release\net10.0-windows\darkgreyrpg.studio.wpf.tests.dll" id="12b8e0ff-5a23-8c93-8292-b6d284ef41a7">
      <Execution id="eb2a01b7-c88c-4ee5-94e3-115ff478a192" />
      <TestMethod codeBase="E:\Java\MinecraftMod\DarkGrey_RPG\studio\src\DarkGreyRPG.Studio.Wpf.Tests\bin\Release\net10.0-windows\DarkGreyRPG.Studio.Wpf.Tests.dll" adapterTypeName="executor://mstestadapter/v4" className="DarkGreyRPG.Studio.Wpf.Tests.CanonicalGraphEditorViewTests" name="CanvasFocusTargetUsesRoutedKeyboardPathAndEscapeCancelsWire" />
    </UnitTest>
    <UnitTest name="ExistingConnectionHitNearInputReplacesInputAndKeepsOutput" storage="e:\java\minecraftmod\darkgrey_rpg\studio\src\darkgreyrpg.studio.wpf.tests\bin\release\net10.0-windows\darkgreyrpg.studio.wpf.tests.dll" id="1aba32b1-fcae-8735-942b-8a5a216374d9">
      <Execution id="e7b8c4f4-42fb-4e14-91f3-1c21a4123daa" />
      <TestMethod codeBase="E:\Java\MinecraftMod\DarkGrey_RPG\studio\src\DarkGreyRPG.Studio.Wpf.Tests\bin\Release\net10.0-windows\DarkGreyRPG.Studio.Wpf.Tests.dll" adapterTypeName="executor://mstestadapter/v4" className="DarkGreyRPG.Studio.Wpf.Tests.CanonicalGraphEditorViewTests" name="ExistingConnectionHitNearInputReplacesInputAndKeepsOutput" />
    </UnitTest>
    <UnitTest name="OccupiedDraggedPortRejectsSpliceAndPreservesEveryExistingWire" storage="e:\java\minecraftmod\darkgrey_rpg\studio\src\darkgreyrpg.studio.wpf.tests\bin\release\net10.0-windows\darkgreyrpg.studio.wpf.tests.dll" id="1f476c61-433a-828a-998f-234de2153eb5">
      <Execution id="aa89b8e0-0c71-460c-acca-48e7853daf8f" />
      <TestMethod codeBase="E:\Java\MinecraftMod\DarkGrey_RPG\studio\src\DarkGreyRPG.Studio.Wpf.Tests\bin\Release\net10.0-windows\DarkGreyRPG.Studio.Wpf.Tests.dll" adapterTypeName="executor://mstestadapter/v4" className="DarkGreyRPG.Studio.Wpf.Tests.CanonicalGraphEditorViewTests" name="OccupiedDraggedPortRejectsSpliceAndPreservesEveryExistingWire" />
    </UnitTest>
    <UnitTest name="NodeSelectionIsMutuallyExclusiveAndSurvivesRefreshByUniqueId" storage="e:\java\minecraftmod\darkgrey_rpg\studio\src\darkgreyrpg.studio.wpf.tests\bin\release\net10.0-windows\darkgreyrpg.studio.wpf.tests.dll" id="1663107d-0e29-8f69-bbe3-fc881916b06c">
      <Execution id="27744bbe-f15f-4c92-af57-21df4bcef9a2" />
      <TestMethod codeBase="E:\Java\MinecraftMod\DarkGrey_RPG\studio\src\DarkGreyRPG.Studio.Wpf.Tests\bin\Release\net10.0-windows\DarkGreyRPG.Studio.Wpf.Tests.dll" adapterTypeName="executor://mstestadapter/v4" className="DarkGreyRPG.Studio.Wpf.Tests.CanonicalGraphEditorViewTests" name="NodeSelectionIsMutuallyExclusiveAndSurvivesRefreshByUniqueId" />
    </UnitTest>
    <UnitTest name="MalformedProjectionDoesNotThrowOrMutateGraph" storage="e:\java\minecraftmod\darkgrey_rpg\studio\src\darkgreyrpg.studio.wpf.tests\bin\release\net10.0-windows\darkgreyrpg.studio.wpf.tests.dll" id="12099202-1c47-865b-8f4e-803009bb5c9d">
      <Execution id="876dc34c-bace-41d1-8727-6c1f6f36375f" />
      <TestMethod codeBase="E:\Java\MinecraftMod\DarkGrey_RPG\studio\src\DarkGreyRPG.Studio.Wpf.Tests\bin\Release\net10.0-windows\DarkGreyRPG.Studio.Wpf.Tests.dll" adapterTypeName="executor://mstestadapter/v4" className="DarkGreyRPG.Studio.Wpf.Tests.CanonicalGraphEditorViewTests" name="MalformedProjectionDoesNotThrowOrMutateGraph" />
    </UnitTest>
    <UnitTest name="ContextMenuNodeDeleteExecutesImmediatelyAndClearsSelection" storage="e:\java\minecraftmod\darkgrey_rpg\studio\src\darkgreyrpg.studio.wpf.tests\bin\release\net10.0-windows\darkgreyrpg.studio.wpf.tests.dll" id="15c67135-4692-81d4-b21d-629341ab341e">
      <Execution id="e0dd82f1-4a20-4f28-8b6a-753064d944d6" />
      <TestMethod codeBase="E:\Java\MinecraftMod\DarkGrey_RPG\studio\src\DarkGreyRPG.Studio.Wpf.Tests\bin\Release\net10.0-windows\DarkGreyRPG.Studio.Wpf.Tests.dll" adapterTypeName="executor://mstestadapter/v4" className="DarkGreyRPG.Studio.Wpf.Tests.CanonicalGraphEditorViewTests" name="ContextMenuNodeDeleteExecutesImmediatelyAndClearsSelection" />
    </UnitTest>
    <UnitTest name="IncrementalNodeAndConnectionChangesKeepExistingVisualViewportAndSelection" storage="e:\java\minecraftmod\darkgrey_rpg\studio\src\darkgreyrpg.studio.wpf.tests\bin\release\net10.0-windows\darkgreyrpg.studio.wpf.tests.dll" id="1888e398-9467-8f0a-a667-fac0fabd0e92">
      <Execution id="8104c161-20ef-41bf-9cc7-ffa193719ced" />
      <TestMethod codeBase="E:\Java\MinecraftMod\DarkGrey_RPG\studio\src\DarkGreyRPG.Studio.Wpf.Tests\bin\Release\net10.0-windows\DarkGreyRPG.Studio.Wpf.Tests.dll" adapterTypeName="executor://mstestadapter/v4" className="DarkGreyRPG.Studio.Wpf.Tests.CanonicalGraphEditorViewTests" name="IncrementalNodeAndConnectionChangesKeepExistingVisualViewportAndSelection" />
    </UnitTest>
    <UnitTest name="MultiSelectionContextMenuPreservesSelectedTargetAndSharesAtomicDelete" storage="e:\java\minecraftmod\darkgrey_rpg\studio\src\darkgreyrpg.studio.wpf.tests\bin\release\net10.0-windows\darkgreyrpg.studio.wpf.tests.dll" id="109f4090-3706-8d00-b55a-c1a3226464e3">
      <Execution id="a7236c8c-4d18-41ad-82cd-c36a13dad0d1" />
      <TestMethod codeBase="E:\Java\MinecraftMod\DarkGrey_RPG\studio\src\DarkGreyRPG.Studio.Wpf.Tests\bin\Release\net10.0-windows\DarkGreyRPG.Studio.Wpf.Tests.dll" adapterTypeName="executor://mstestadapter/v4" className="DarkGreyRPG.Studio.Wpf.Tests.CanonicalGraphEditorViewTests" name="MultiSelectionContextMenuPreservesSelectedTargetAndSharesAtomicDelete" />
    </UnitTest>
  </TestDefinitions>
  <TestEntries>
    <TestEntry testId="1f476c61-433a-828a-998f-234de2153eb5" executionId="aa89b8e0-0c71-460c-acca-48e7853daf8f" testListId="8c84fa94-04c1-424b-9868-57a2d4851a1d" />
    <TestEntry testId="17254908-561d-89af-8a05-c21c6f2307c2" executionId="27f779f1-4f80-47f3-a5c8-cfc5f06cdf18" testListId="8c84fa94-04c1-424b-9868-57a2d4851a1d" />
    <TestEntry testId="19481825-5052-85a3-8aa0-f5873dfafeb3" executionId="317edbc8-29db-493e-9f7d-e55a34b10f63" testListId="8c84fa94-04c1-424b-9868-57a2d4851a1d" />
    <TestEntry testId="106539ec-c272-84f4-a2c6-5c8eb96744ff" executionId="dce99613-e33a-458d-8754-ac469f7c2ee7" testListId="8c84fa94-04c1-424b-9868-57a2d4851a1d" />
    <TestEntry testId="1888e398-9467-8f0a-a667-fac0fabd0e92" executionId="8104c161-20ef-41bf-9cc7-ffa193719ced" testListId="8c84fa94-04c1-424b-9868-57a2d4851a1d" />
    <TestEntry testId="1a3b9dc6-8809-813e-897d-8a5bc5bd60b6" executionId="20864023-672a-42c2-83fc-2f33d0d0c4da" testListId="8c84fa94-04c1-424b-9868-57a2d4851a1d" />
    <TestEntry testId="16146ac0-1318-87c7-aa5b-cfd8a297e353" executionId="c0b521af-fe3d-4289-8482-cf28c72ddae7" testListId="8c84fa94-04c1-424b-9868-57a2d4851a1d" />
    <TestEntry testId="1495d539-8629-88f0-b093-94b79773f050" executionId="b74efc8e-cbf4-470b-8e91-b5310313109c" testListId="8c84fa94-04c1-424b-9868-57a2d4851a1d" />
    <TestEntry testId="14022ab3-5fbe-82a2-9cdb-fdd8ebb375ae" executionId="b17f6cf5-a212-437f-860f-64c420050e8e" testListId="8c84fa94-04c1-424b-9868-57a2d4851a1d" />
    <TestEntry testId="131b1dbc-be17-80b6-905b-25c3d1ce4ca0" executionId="64b08e5b-d4bb-4d22-9ece-641b374ed460" testListId="8c84fa94-04c1-424b-9868-57a2d4851a1d" />
    <TestEntry testId="1d640a06-ec1c-870d-83eb-1c81f3d18358" executionId="7ae87841-9150-4404-a8b4-3a7824e3b577" testListId="8c84fa94-04c1-424b-9868-57a2d4851a1d" />
    <TestEntry testId="187305c5-876f-8b55-8eca-a9797174819c" executionId="9f163f30-b3e6-4fdf-a0a5-2d0085c49bdb" testListId="8c84fa94-04c1-424b-9868-57a2d4851a1d" />
    <TestEntry testId="12362f09-4a1d-8dd5-9f24-39036516d3b9" executionId="9d8e49ea-c636-4c24-a62b-1e265b23fb1f" testListId="8c84fa94-04c1-424b-9868-57a2d4851a1d" />
    <TestEntry testId="156ac82e-d5dd-820b-9067-495f262fda43" executionId="1fe828f8-6e1e-4f3f-b6c7-d6bb12a613ab" testListId="8c84fa94-04c1-424b-9868-57a2d4851a1d" />
    <TestEntry testId="1fa0e1b9-0b58-8b91-b304-84f4e6da7421" executionId="f7b32a0e-9f27-4402-abc8-48ed5e59be7b" testListId="8c84fa94-04c1-424b-9868-57a2d4851a1d" />
    <TestEntry testId="17dc1892-1b3c-8cf9-bd85-086c57b00bd9" executionId="486f5b4a-671d-4c39-83c0-fa2130d58689" testListId="8c84fa94-04c1-424b-9868-57a2d4851a1d" />
    <TestEntry testId="17b4b202-d0d4-8b82-bfd2-60d40804a4a8" executionId="9dc7bd22-6823-491b-8a57-1af06e6e3c43" testListId="8c84fa94-04c1-424b-9868-57a2d4851a1d" />
    <TestEntry testId="1249cce1-52a3-83d5-bf46-49284f80abfa" executionId="706b62bf-dcde-40ad-bf80-4da46851e5ad" testListId="8c84fa94-04c1-424b-9868-57a2d4851a1d" />
    <TestEntry testId="1fe98633-fc7d-86b8-b184-9c769774c12c" executionId="6b10bae1-e906-4f30-a0e8-11a9addf144d" testListId="8c84fa94-04c1-424b-9868-57a2d4851a1d" />
    <TestEntry testId="145f801a-f3a0-844d-bb5e-7fce6eab87b5" executionId="795d759e-bf41-4717-ab13-7bdc56ac24e2" testListId="8c84fa94-04c1-424b-9868-57a2d4851a1d" />
    <TestEntry testId="1da991ed-68bc-8c3d-9b66-e52f03a81671" executionId="e86ba3c1-1270-4a40-99cb-8b02e1402751" testListId="8c84fa94-04c1-424b-9868-57a2d4851a1d" />
    <TestEntry testId="1e100e77-7d73-82de-b114-d2602c60e5e9" executionId="cb023672-ecbc-4203-8718-9c22f3751db3" testListId="8c84fa94-04c1-424b-9868-57a2d4851a1d" />
    <TestEntry testId="1de583e7-641b-824b-9d62-bab52410b457" executionId="d5cf1673-94ef-4c87-9dfb-6e289d9e2bcc" testListId="8c84fa94-04c1-424b-9868-57a2d4851a1d" />
    <TestEntry testId="1b3ab465-03c3-825e-95ec-990a2ce0d5fe" executionId="7449728e-c7c5-40ec-b688-749e7c446ccf" testListId="8c84fa94-04c1-424b-9868-57a2d4851a1d" />
    <TestEntry testId="104858f4-f891-8dfa-a555-06deee50c42d" executionId="2c4195db-fc4d-41dd-9cd0-a0108298cd81" testListId="8c84fa94-04c1-424b-9868-57a2d4851a1d" />
    <TestEntry testId="13b9bfc9-9cfc-8deb-bf5e-69b9b3c2d9f1" executionId="79bfc0b0-7311-45ff-bb9a-767206343e48" testListId="8c84fa94-04c1-424b-9868-57a2d4851a1d" />
    <TestEntry testId="15c67135-4692-81d4-b21d-629341ab341e" executionId="e0dd82f1-4a20-4f28-8b6a-753064d944d6" testListId="8c84fa94-04c1-424b-9868-57a2d4851a1d" />
    <TestEntry testId="13cc1d16-92a8-85b3-ba85-36905b868d3c" executionId="b89a9b00-db1d-4338-a0ae-bc5ecb0725cf" testListId="8c84fa94-04c1-424b-9868-57a2d4851a1d" />
    <TestEntry testId="1c89ba66-5799-8407-8308-e48f2923edae" executionId="724d03c1-2f3f-4db7-98a1-c9c882842b8e" testListId="8c84fa94-04c1-424b-9868-57a2d4851a1d" />
    <TestEntry testId="193566f6-0543-899e-9f7e-7adf5fc31a92" executionId="f64d5d23-1479-46b1-9905-c9b1047026f8" testListId="8c84fa94-04c1-424b-9868-57a2d4851a1d" />
    <TestEntry testId="152bb75a-8bf4-8fd8-9935-ae753d205c43" executionId="051f7b0e-bbd0-4ea5-9590-3487683f487d" testListId="8c84fa94-04c1-424b-9868-57a2d4851a1d" />
    <TestEntry testId="11002448-72e5-803e-bf40-cb219fab54f8" executionId="4c0389cf-7b73-47d5-abf6-04a808e236cd" testListId="8c84fa94-04c1-424b-9868-57a2d4851a1d" />
    <TestEntry testId="12ea1a6b-6527-8a0b-baeb-e14580592372" executionId="8f181b27-87d8-48f2-b91d-c0eedcbce17e" testListId="8c84fa94-04c1-424b-9868-57a2d4851a1d" />
    <TestEntry testId="1e96485f-ae25-8ee0-b4ed-26834d24b5a3" executionId="36bdbcf6-7dc7-4ab1-9c55-96a9e7ee0e04" testListId="8c84fa94-04c1-424b-9868-57a2d4851a1d" />
    <TestEntry testId="136be51f-2db7-8254-8c6e-a40f089b4929" executionId="08b4ceb9-251e-494e-890e-d8731ccd9800" testListId="8c84fa94-04c1-424b-9868-57a2d4851a1d" />
    <TestEntry testId="1e3d961a-7366-8779-8cdd-d5032bb60934" executionId="d2ce1a5a-bce6-4d47-b557-33d429531c36" testListId="8c84fa94-04c1-424b-9868-57a2d4851a1d" />
    <TestEntry testId="1da86c40-5fe6-8a82-90f7-94b549d559d9" executionId="38684668-98eb-43a9-a8cf-92ce591ce4a8" testListId="8c84fa94-04c1-424b-9868-57a2d4851a1d" />
    <TestEntry testId="12b8e0ff-5a23-8c93-8292-b6d284ef41a7" executionId="eb2a01b7-c88c-4ee5-94e3-115ff478a192" testListId="8c84fa94-04c1-424b-9868-57a2d4851a1d" />
    <TestEntry testId="1c65b418-4757-898a-b8e6-702defe40398" executionId="86f0bfb2-5b43-4993-9d01-5b77a374de84" testListId="8c84fa94-04c1-424b-9868-57a2d4851a1d" />
    <TestEntry testId="15756115-e128-8d9a-9804-6726e60e6b36" executionId="709977ee-48e6-49f3-826f-784503361937" testListId="8c84fa94-04c1-424b-9868-57a2d4851a1d" />
    <TestEntry testId="1515b429-0ac9-8e95-a040-1855c5577ede" executionId="f093b826-d5c1-40a3-949a-2c9077e07039" testListId="8c84fa94-04c1-424b-9868-57a2d4851a1d" />
    <TestEntry testId="11812851-1c9d-8e58-a63c-82eac4fda179" executionId="9c750570-fbe8-4885-a8ca-2dc17de0add9" testListId="8c84fa94-04c1-424b-9868-57a2d4851a1d" />
    <TestEntry testId="1f5669ec-5bcc-8cd1-9609-c069442ff2a7" executionId="f4b16c5f-fabf-4c96-9cca-832ab15b0cea" testListId="8c84fa94-04c1-424b-9868-57a2d4851a1d" />
    <TestEntry testId="13e77e52-6d45-8105-a8d4-621284e73ef7" executionId="5cca7965-1f00-4f38-a5c0-62d2d8d4bc13" testListId="8c84fa94-04c1-424b-9868-57a2d4851a1d" />
    <TestEntry testId="1600a99d-2825-8b5f-81e5-3b4ebc5bf9c2" executionId="c0c39808-14a5-4955-aaad-4f434f30f708" testListId="8c84fa94-04c1-424b-9868-57a2d4851a1d" />
    <TestEntry testId="17cc9a5f-ee87-89a1-b8e9-92da6d4c51e7" executionId="c689dab8-c230-4db2-9e20-45105af3cafc" testListId="8c84fa94-04c1-424b-9868-57a2d4851a1d" />
    <TestEntry testId="1fceddfa-b3b8-8628-a243-b4cadd46bda5" executionId="b39e8556-5bd0-42b5-9353-9eda1e3283e6" testListId="8c84fa94-04c1-424b-9868-57a2d4851a1d" />
    <TestEntry testId="10ab87a3-ed4f-8c4a-a0be-7c07401c3520" executionId="e5ab91b3-0857-4f3e-a29b-b0d6960fefcf" testListId="8c84fa94-04c1-424b-9868-57a2d4851a1d" />
    <TestEntry testId="176c4eb9-58a3-810d-a197-3c1d09ce37f6" executionId="207c517b-b656-4415-af43-ae0d6800826f" testListId="8c84fa94-04c1-424b-9868-57a2d4851a1d" />
    <TestEntry testId="1aba32b1-fcae-8735-942b-8a5a216374d9" executionId="e7b8c4f4-42fb-4e14-91f3-1c21a4123daa" testListId="8c84fa94-04c1-424b-9868-57a2d4851a1d" />
    <TestEntry testId="19ca74b8-aa6e-8f80-9e7f-fcd7b1f77b42" executionId="31c3ed63-1abe-41ee-85a2-ae7f9864449f" testListId="8c84fa94-04c1-424b-9868-57a2d4851a1d" />
    <TestEntry testId="1ffe0f35-3ac0-8fd4-8ff3-e65143095c80" executionId="7ece106d-06cb-4855-af16-28bebd6aee55" testListId="8c84fa94-04c1-424b-9868-57a2d4851a1d" />
    <TestEntry testId="1663107d-0e29-8f69-bbe3-fc881916b06c" executionId="27744bbe-f15f-4c92-af57-21df4bcef9a2" testListId="8c84fa94-04c1-424b-9868-57a2d4851a1d" />
    <TestEntry testId="1d860234-578b-8242-9d6d-38a747057fcb" executionId="895f01fa-d9c7-4ac6-a87c-057dc0ccadf6" testListId="8c84fa94-04c1-424b-9868-57a2d4851a1d" />
    <TestEntry testId="191e5cd9-19e1-832e-9add-fe7b9eebfbe4" executionId="4bf2ae2b-223d-4958-8841-d0dccb6c9fd9" testListId="8c84fa94-04c1-424b-9868-57a2d4851a1d" />
    <TestEntry testId="1c2ae9f7-b7b8-878b-b0d2-01db04f9b1d1" executionId="7bd41753-a715-4f81-9bcb-91f88c830331" testListId="8c84fa94-04c1-424b-9868-57a2d4851a1d" />
    <TestEntry testId="14b5546a-f33c-85a2-b4f2-b0c209a44c2a" executionId="8cbe9eee-267b-4777-92de-162d44495505" testListId="8c84fa94-04c1-424b-9868-57a2d4851a1d" />
    <TestEntry testId="12099202-1c47-865b-8f4e-803009bb5c9d" executionId="876dc34c-bace-41d1-8727-6c1f6f36375f" testListId="8c84fa94-04c1-424b-9868-57a2d4851a1d" />
    <TestEntry testId="10229a77-8d7d-8380-8002-ceddb0aa4370" executionId="52227a55-0bcf-4c2f-b470-aa4e6cc1a069" testListId="8c84fa94-04c1-424b-9868-57a2d4851a1d" />
    <TestEntry testId="16c280f6-ee5b-894b-9028-75c15c7e9a84" executionId="a2f33bce-6ea4-43b8-851d-57aa9da44419" testListId="8c84fa94-04c1-424b-9868-57a2d4851a1d" />
    <TestEntry testId="175e0e15-af9b-887f-9ec9-ad5709a66430" executionId="7d9f7a81-ba91-429f-aeaa-a9f6a9f36410" testListId="8c84fa94-04c1-424b-9868-57a2d4851a1d" />
    <TestEntry testId="1b08c988-c53d-8296-b64e-eb19c09c6b75" executionId="d776ee94-e484-4df7-96fb-c95e23d87f27" testListId="8c84fa94-04c1-424b-9868-57a2d4851a1d" />
    <TestEntry testId="109f4090-3706-8d00-b55a-c1a3226464e3" executionId="a7236c8c-4d18-41ad-82cd-c36a13dad0d1" testListId="8c84fa94-04c1-424b-9868-57a2d4851a1d" />
    <TestEntry testId="1e83348f-754f-8e06-8b72-e96b7ebc078a" executionId="89b7f00a-a823-470f-a548-a24288a97c47" testListId="8c84fa94-04c1-424b-9868-57a2d4851a1d" />
  </TestEntries>
  <TestLists>
    <TestList name="列表中未列出的结果" id="8c84fa94-04c1-424b-9868-57a2d4851a1d" />
    <TestList name="所有已加载的结果" id="19431567-8539-422a-85d7-44ee4e166bda" />
  </TestLists>
  <ResultSummary outcome="Completed">
    <Counters total="64" executed="64" passed="64" failed="0" error="0" timeout="0" aborted="0" inconclusive="0" passedButRunAborted="0" notRunnable="0" notExecuted="0" disconnected="0" warning="0" completed="0" inProgress="0" pending="0" />
    <Output>
      <StdOut>已为 E:\Java\MinecraftMod\DarkGrey_RPG\studio\src\DarkGreyRPG.Studio.Wpf.Tests\bin\Release\net10.0-windows\DarkGreyRPG.Studio.Wpf.Tests.dll 启用测试并行化(Workers: 12，Scope: MethodLevel)&#xD;
</StdOut>
    </Output>
  </ResultSummary>
</TestRun>